******************************************************************************
                  TI ARM Linker Unix v18.1.3                   
******************************************************************************
>> Linked Sat Sep 22 14:00:16 2018

OUTPUT FILE NAME:   <rfPacketRx_CC1352R1_LAUNCHXL_tirtos_ccs.out>
ENTRY POINT SYMBOL: "ResetISR"  address: 00005d55


MEMORY CONFIGURATION

         name            origin    length      used     unused   attr    fill
----------------------  --------  ---------  --------  --------  ----  --------
  FLASH                 00000000   00058000  0000a32c  0004dcd4  R  X
  GPRAM                 11000000   00002000  00000000  00002000  RW X
  SRAM                  20000000   00014000  00002e61  0001119f  RW X


SEGMENT ALLOCATION MAP

run origin  load origin   length   init length attrs members
----------  ----------- ---------- ----------- ----- -------
00000000    00000000    0000a2d8   0000a2d8    r-x
  00000000    00000000    0000003c   0000003c    r-- .resetVecs
  0000003c    0000003c    00008314   00008314    r-x .text
  00008350    00008350    00001c84   00001c84    r-- .const
  00009fd8    00009fd8    00000300   00000300    r-- .cinit
00057fa8    00057fa8    00000058   00000058    r--
  00057fa8    00057fa8    00000058   00000058    r-- .ccfg
20000100    20000100    0000133d   00000000    rw-
  20000100    20000100    00000004   00000000    rw- .data:xdcRomConstPtr
  20000104    20000104    00000004   00000000    rw- .data:xdcRomExternFuncPtr
  20000108    20000108    00000004   00000000    rw- .data:xdcRomStatePtr
  20000110    20000110    0000132d   00000000    rw- .bss
20001830    20001830    00000010   00000000    rw-
  20001830    20001830    00000010   00000000    rw- .TI.bound:dmaSpi0RxControlTableEntry
20001840    20001840    00000010   00000000    rw-
  20001840    20001840    00000010   00000000    rw- .TI.bound:dmaSpi0TxControlTableEntry
20001900    20001900    00000010   00000000    rw-
  20001900    20001900    00000010   00000000    rw- .TI.bound:dmaSpi1RxControlTableEntry
20001910    20001910    00000010   00000000    rw-
  20001910    20001910    00000010   00000000    rw- .TI.bound:dmaSpi1TxControlTableEntry
20001920    20001920    00001000   00000000    r--
  20001920    20001920    00001000   00000000    r-- .priheap
20002920    20002920    00000610   00000000    rw-
  20002920    20002920    00000610   00000000    rw- .data
20013c00    20013c00    00000400   00000000    rw-
  20013c00    20013c00    00000400   00000000    rw- .stack


SECTION ALLOCATION MAP

 output                                  attributes/
section   page    origin      length       input sections
--------  ----  ----------  ----------   ----------------
.binit     0    00000000    00000000     

.cinit     0    00009fd8    00000300     
                  00009fd8    00000266     (.cinit..data.load) [load image, compression = lzss]
                  0000a23e    00000002     --HOLE-- [fill = 0]
                  0000a240    0000000c     (__TI_handler_table)
                  0000a24c    00000004     --HOLE-- [fill = 0]
                  0000a250    00000008     (.cinit..TI.bound:dmaSpi0RxControlTableEntry.load) [load image, compression = zero_init]
                  0000a258    00000008     (.cinit..TI.bound:dmaSpi0TxControlTableEntry.load) [load image, compression = zero_init]
                  0000a260    00000008     (.cinit..TI.bound:dmaSpi1RxControlTableEntry.load) [load image, compression = zero_init]
                  0000a268    00000008     (.cinit..TI.bound:dmaSpi1TxControlTableEntry.load) [load image, compression = zero_init]
                  0000a270    00000008     (.cinit..bss.load) [load image, compression = zero_init]
                  0000a278    00000008     (.cinit..data:xdcRomConstPtr.load) [load image, compression = lzss]
                  0000a280    00000008     (.cinit..data:xdcRomExternFuncPtr.load) [load image, compression = lzss]
                  0000a288    00000008     (.cinit..data:xdcRomStatePtr.load) [load image, compression = lzss]
                  0000a290    00000048     (__TI_cinit_table)

.init_array 
*          0    00000000    00000000     UNINITIALIZED

.ccfg      0    00057fa8    00000058     
                  00057fa8    00000058     ccfg.obj (.ccfg:retain)

.bss       0    20000110    0000132d     UNINITIALIZED
                  20000110    00000480     CC1352R1_LAUNCHXL.obj (.bss:sharpDisplayBuf)
                  20000590    00000250     (.common:uartCC26XXObjects)
                  200007e0    00000200     release_pem4f.oem4f (.bss:taskStackSection)
                  200009e0    000001c8     (.common:spiCC26XXDMAObjects)
                  20000ba8    000001c0     rf_multiMode_cc13x2_v1.aem4f : RFCC26X2_multiMode.oem4f (.bss:RF_cmdPool)
                  20000d68    000000d8     (.common:ti_sysbios_family_arm_m3_Hwi_dispatchTable)
                  20000e40    000000c8     rfPacketRx.obj (.bss:rfObject)
                  20000f08    00000080     CC1352R1_LAUNCHXL.obj (.bss:uartStringBuf)
                  20000f88    0000007c     (.common:pinHandleTable)
                  20001004    00000004     drivers_cc13x2_v1.aem4f : PINCC26XX.oem4f (.bss)
                  20001008    00000068     rf_multiMode_cc13x2_v1.aem4f : RFCC26X2_multiMode.oem4f (.bss:RF_ratModule)
                  20001070    00000058     rfPacketRx.obj (.bss:rxDataEntryBuffer)
                  200010c8    00000044     (.common:displaySharpObject)
                  2000110c    00000040     (.common:uartCC26XXRingBuffer)
                  2000114c    00000034     rf_multiMode_cc13x2_v1.aem4f : RFCC26X2_multiMode.oem4f (.bss:RF_swiFsmObj)
                  20001180    00000034                                  : RFCC26X2_multiMode.oem4f (.bss:RF_swiHwObj)
                  200011b4    00000034     drivers_cc13x2_v1.aem4f : PINCC26XX.oem4f (.bss:pinSwi)
                  200011e8    00000030     rf_multiMode_cc13x2_v1.aem4f : RFCC26X2_multiMode.oem4f (.bss:RF_Sch)
                  20001218    00000024                                  : RFCC26X2_multiMode.oem4f (.bss:RF_clkPowerUpObj)
                  2000123c    00000020                                  : RFCC26X2_multiMode.oem4f (.bss:RF_cmdQ)
                  2000125c    00000020     drivers_cc13x2_v1.aem4f : GPIOCC26XX.oem4f (.bss:gpioCallbackInfo)
                  2000127c    00000020     rfPacketRx.obj (.bss:packet)
                  2000129c    00000020     drivers_cc13x2_v1.aem4f : PINCC26XX.oem4f (.bss:pinGpioConfigTable)
                  200012bc    00000020     (.common:udmaObjects)
                  200012dc    0000001c     rf_multiMode_cc13x2_v1.aem4f : RFCC26X2_multiMode.oem4f (.bss:RF_hwiCpe0Obj)
                  200012f8    0000001c                                  : RFCC26X2_multiMode.oem4f (.bss:RF_hwiHwObj)
                  20001314    0000001c     drivers_cc13x2_v1.aem4f : PINCC26XX.oem4f (.bss:pinHwi)
                  20001330    0000001c                             : PINCC26XX.oem4f (.bss:pinSemaphore)
                  2000134c    00000018     display.aem4f : SharpGrLib.oem4f (.bss:spiTrans)
                  20001364    00000016     rf_multiMode_cc13x2_v1.aem4f : RFCC26X2_multiMode.oem4f (.bss)
                  2000137a    00000002     drivers_cc13x2_v1.aem4f : UARTCC26XX.oem4f (.bss)
                  2000137c    00000014     rf_multiMode_cc13x2_v1.aem4f : RFCC26X2_multiMode.oem4f (.bss:RF_ratSyncCmd)
                  20001390    00000014                                  : RFCC26X2_multiMode.oem4f (.bss:RF_wakeupNotifyObj)
                  200013a4    00000014     driverlib.lib : osc.obj (.bss:oscHfGlobals)
                  200013b8    00000014     drivers_cc13x2_v1.aem4f : GPIOCC26XX.oem4f (.bss:powerNotifyObj)
                  200013cc    00000014     rfPacketRx.obj (.bss)
                  200013e0    00000010     rf_multiMode_cc13x2_v1.aem4f : RFCC26X2_multiMode.oem4f (.bss:RF_core)
                  200013f0    0000000c     drivers_cc13x2_v1.aem4f : GPIOCC26XX.oem4f (.bss:gpioPinState)
                  200013fc    0000000c     rfPacketRx.obj (.bss:ledPinState)
                  20001408    0000000c     (.common:displayUartObject)
                  20001414    00000008     rfPacketRx.obj (.bss:dataQueue)
                  2000141c    00000008     display.aem4f : SharpGrLib.oem4f (.bss)
                  20001424    00000008     drivers_cc13x2_v1.aem4f : GPIOCC26XX.oem4f (.bss)
                  2000142c    00000004     (.common:ClockP_tickPeriod)
                  20001430    00000004     (.common:PowerCC26XX_swiKey)
                  20001434    00000004     (.common:PowerCC26XX_taskKey)
                  20001438    00000004     (.common:readEntry)
                  2000143c    00000001     (.common:driverlib_release_0_51995)

.data      0    20002920    00000610     UNINITIALIZED
                  20002920    00000108     release_pem4f.oem4f (.data:ROM_stateStruct)
                  20002a28    000000c8     drivers_cc13x2_v1.aem4f : PowerCC26X2.oem4f (.data:PowerCC26X2_module)
                  20002af0    00000088     rom_sysbios.aem4f : rom_sysbios.obj (.data:$O1$$)
                  20002b78    0000006c     smartrf_settings.obj (.data:pOverrides)
                  20002be4    00000054     release_pem4f.oem4f (.data:ti_sysbios_gates_GateMutex_Object__table__V)
                  20002c38    0000004c     release_pem4f.oem4f (.data:ti_sysbios_knl_Task_Object__table__V)
                  20002c84    00000004     drivers_cc13x2_v1.aem4f : GPIOCC26XX.oem4f (.data:gpioPinTable)
                  20002c88    00000048     release_pem4f.oem4f (.data:ti_sysbios_family_arm_cc26xx_Timer_Object__table__V)
                  20002cd0    00000030     release_pem4f.oem4f (.data:ti_sysbios_knl_Swi_Module_State_0_readyQ__A)
                  20002d00    00000030     release_pem4f.oem4f (.data:ti_sysbios_knl_Swi_Object__table__V)
                  20002d30    00000030     release_pem4f.oem4f (.data:ti_sysbios_knl_Task_Module_State_0_readyQ__A)
                  20002d60    0000002c     CC1352R1_LAUNCHXL.obj (.data:gpioPinConfigs)
                  20002d8c    00000028     smartrf_settings.obj (.data:RF_cmdPropRadioDivSetup)
                  20002db4    00000024     smartrf_settings.obj (.data:RF_cmdPropRx)
                  20002dd8    00000020     release_pem4f.oem4f (.data:ti_sysbios_knl_Clock_Object__table__V)
                  20002df8    00000020     release_pem4f.oem4f (.data:xdc_runtime_Error_IgnoreBlock)
                  20002e18    00000018     smartrf_settings.obj (.data:RF_cmdFs)
                  20002e30    00000018     release_pem4f.oem4f (.data:ti_sysbios_family_arm_m3_Hwi_Object__table__V)
                  20002e48    00000018     release_pem4f.oem4f (.data:ti_sysbios_heaps_HeapMem_Object__table__V)
                  20002e60    00000010     smartrf_settings.obj (.data:RF_prop)
                  20002e70    00000010     CC1352R1_LAUNCHXL.obj (.data:gpioCallbackFunctions)
                  20002e80    0000000c     rfPacketRx.obj (.data:pinTable)
                  20002e8c    00000008     rtsv7M4_T_le_v4SPD16_eabi.lib : _lock.c.obj (.data:$O1$$)
                  20002e94    00000008     drivers_cc13x2_v1.aem4f : PINCC26XX.oem4f (.data)
                  20002e9c    00000008     rfPacketRx.obj (.data)
                  20002ea4    00000008     release_pem4f.oem4f (.data:ti_sysbios_family_arm_cc26xx_Seconds_Module__state__V)
                  20002eac    00000008     release_pem4f.oem4f (.data:ti_sysbios_family_arm_m3_Hwi_Module__root__V)
                  20002eb4    00000008     release_pem4f.oem4f (.data:ti_sysbios_gates_GateHwi_Module__root__V)
                  20002ebc    00000008     release_pem4f.oem4f (.data:ti_sysbios_gates_GateMutex_Module__root__V)
                  20002ec4    00000008     release_pem4f.oem4f (.data:ti_sysbios_hal_Hwi_Module__root__V)
                  20002ecc    00000008     release_pem4f.oem4f (.data:ti_sysbios_heaps_HeapMem_Module__root__V)
                  20002ed4    00000008     release_pem4f.oem4f (.data:ti_sysbios_knl_Clock_Module__root__V)
                  20002edc    00000008     release_pem4f.oem4f (.data:ti_sysbios_knl_Event_Module__root__V)
                  20002ee4    00000008     release_pem4f.oem4f (.data:ti_sysbios_knl_Mailbox_Module__root__V)
                  20002eec    00000008     release_pem4f.oem4f (.data:ti_sysbios_knl_Queue_Module__root__V)
                  20002ef4    00000008     release_pem4f.oem4f (.data:ti_sysbios_knl_Semaphore_Module__root__V)
                  20002efc    00000008     release_pem4f.oem4f (.data:ti_sysbios_knl_Swi_Module__root__V)
                  20002f04    00000008     release_pem4f.oem4f (.data:ti_sysbios_knl_Task_Module__root__V)
                  20002f0c    00000008     release_pem4f.oem4f (.data:xdc_runtime_System_Module_State_0_atexitHandlers__A)
                  20002f14    00000005     drivers_cc13x2_v1.aem4f : GPIOCC26XX.oem4f (.data)
                  20002f19    00000002     display.aem4f : SharpGrLib.oem4f (.data)
                  20002f1b    00000001     drivers_cc13x2_v1.aem4f : SPI.oem4f (.data)
                  20002f1c    00000004     rtsv7M4_T_le_v4SPD16_eabi.lib : stkdepth_vars.c.obj (.data)
                  20002f20    00000004     release_pem4f.oem4f (.data:ti_sysbios_family_arm_m3_Hwi_Module_State_0_excContext__A)
                  20002f24    00000004     release_pem4f.oem4f (.data:ti_sysbios_family_arm_m3_Hwi_Module_State_0_excStack__A)
                  20002f28    00000004     release_pem4f.oem4f (.data:ti_sysbios_knl_Task_Module_State_0_idleTask__A)
                  20002f2c    00000002     release_pem4f.oem4f (.data:ti_sysbios_family_arm_m3_Hwi_Module_State_0_excActive__A)
                  20002f2e    00000001     drivers_cc13x2_v1.aem4f : UART.oem4f (.data)
                  20002f2f    00000001     smartrf_settings.obj (.data)

.stack     0    20013c00    00000400     UNINITIALIZED
                  20013c00    00000400     --HOLE--

.priheap   0    20001920    00001000     UNINITIALIZED
                  20001920    00001000     --HOLE--

.data:xdcRomConstPtr 
*          0    20000100    00000004     UNINITIALIZED
                  20000100    00000004     release_pem4f.oem4f (.data:xdcRomConstPtr)

.data:xdcRomExternFuncPtr 
*          0    20000104    00000004     UNINITIALIZED
                  20000104    00000004     release_pem4f.oem4f (.data:xdcRomExternFuncPtr)

.data:xdcRomStatePtr 
*          0    20000108    00000004     UNINITIALIZED
                  20000108    00000004     release_pem4f.oem4f (.data:xdcRomStatePtr)

.bootVecs 
*          0    00000000    00000008     DSECT
                  00000000    00000008     boot.aem4f : boot.oem4f (.bootVecs)

.resetVecs 
*          0    00000000    0000003c     
                  00000000    0000003c     release_pem4f.oem4f (.resetVecs)

.vecs      0    20000000    000000d8     NOLOAD SECTION
                  20000000    000000d8     release_pem4f.oem4f (.vecs)

xdc.meta   0    00000000    0000011b     COPY SECTION
                  00000000    0000011b     release_pem4f.oem4f (xdc.meta)

xdc.noload 
*          0    00000000    00000000     COPY SECTION

.TI.bound:dmaSpi0RxControlTableEntry 
*          0    20001830    00000010     UNINITIALIZED
                  20001830    00000010     drivers_cc13x2_v1.aem4f : SPICC26XXDMA.oem4f (.TI.bound:dmaSpi0RxControlTableEntry)

.TI.bound:dmaSpi0TxControlTableEntry 
*          0    20001840    00000010     UNINITIALIZED
                  20001840    00000010     drivers_cc13x2_v1.aem4f : SPICC26XXDMA.oem4f (.TI.bound:dmaSpi0TxControlTableEntry)

.TI.bound:dmaSpi1RxControlTableEntry 
*          0    20001900    00000010     UNINITIALIZED
                  20001900    00000010     drivers_cc13x2_v1.aem4f : SPICC26XXDMA.oem4f (.TI.bound:dmaSpi1RxControlTableEntry)

.TI.bound:dmaSpi1TxControlTableEntry 
*          0    20001910    00000010     UNINITIALIZED
                  20001910    00000010     drivers_cc13x2_v1.aem4f : SPICC26XXDMA.oem4f (.TI.bound:dmaSpi1TxControlTableEntry)

.text      0    0000003c    00008314     
                  0000003c    0000047e     grlib.a : string.obj (.text:Graphics_drawString)
                  000004ba    00000002     display.aem4f : DisplaySharp.oem4f (.text:DisplaySharp_init)
                  000004bc    00000314     rom_sysbios.aem4f : rom_sysbios.obj (.text:xdc_runtime_System_doPrint__I)
                  000007d0    000002f8     rf_multiMode_cc13x2_v1.aem4f : RFCC26X2_multiMode.oem4f (.text:RF_fsmActiveState)
                  00000ac8    00000218     drivers_cc13x2_v1.aem4f : SPICC26XXDMA.oem4f (.text:SPICC26XXDMA_transfer)
                  00000ce0    000001f0     rfPacketRx.obj (.text:mainThread)
                  00000ed0    000001c0     drivers_cc13x2_v1.aem4f : PINCC26XX.oem4f (.text:PIN_init)
                  00001090    000001b6     rtsv7M4_T_le_v4SPD16_eabi.lib : fd_add_t2.asm.obj (.text)
                  00001246    00000002     display.aem4f : DisplayUart.oem4f (.text:DisplayUartMin_clear)
                  00001248    000001a4     drivers_cc13x2_v1.aem4f : PowerCC26X2.oem4f (.text:Power_sleep)
                  000013ec    00000194                             : PowerCC26X2_calibrateRCOSC.oem4f (.text:runCalibrateFsm)
                  00001580    00000178     release_pem4f.oem4f (.text:xdc_runtime_System_printfExtend__I)
                  000016f8    00000170     rf_multiMode_cc13x2_v1.aem4f : RFCC26X2_multiMode.oem4f (.text:RF_fsmSetupState)
                  00001868    00000160     drivers_cc13x2_v1.aem4f : SPICC26XXDMA.oem4f (.text:SPICC26XXDMA_initIO)
                  000019c8    0000015c                             : UARTCC26XX.oem4f (.text:UARTCC26XX_open)
                  00001b24    0000015c                             : PowerCC26X2_calibrateRCOSC.oem4f (.text:calibrateRcoscHf1)
                  00001c80    00000154                             : UARTCC26XX.oem4f (.text:UARTCC26XX_hwiIntFxn)
                  00001dd4    00000134     driverlib.lib : setup.obj (.text:TrimAfterColdResetWakeupFromShutDown)
                  00001f08    00000130     drivers_cc13x2_v1.aem4f : PowerCC26X2.oem4f (.text:Power_init)
                  00002038    00000128     rf_multiMode_cc13x2_v1.aem4f : RFCC26X2_multiMode.oem4f (.text:RF_fsmChangePhyState)
                  00002160    00000124                                  : RFCC26X2_multiMode.oem4f (.text:RF_init)
                  00002284    00000120     drivers_cc13x2_v1.aem4f : UARTCC26XX.oem4f (.text:UARTCC26XX_read)
                  000023a4    0000011c                             : SPICC26XXDMA.oem4f (.text:SPICC26XXDMA_configDMA)
                  000024c0    0000011c                             : SPICC26XXDMA.oem4f (.text:SPICC26XXDMA_open)
                  000025dc    00000118     driverlib.lib : sys_ctrl.obj (.text:NOROM_SysCtrlStandby)
                  000026f4    00000114     rf_multiMode_cc13x2_v1.aem4f : RFCC26X2_multiMode.oem4f (.text:RF_radioOpDoneCb)
                  00002808    00000114     smartrf_settings.obj (.text:rf_patch_mce_sl_longrange)
                  0000291c    00000112     grlib.a : rectangle.obj (.text:Graphics_fillRectangle)
                  00002a2e    00000002     display.aem4f : DisplayUart.oem4f (.text:DisplayUartMin_clearLines)
                  00002a30    00000104     rf_multiMode_cc13x2_v1.aem4f : RFCC26X2_multiMode.oem4f (.text:RF_open)
                  00002b34    00000100     drivers_cc13x2_v1.aem4f : GPIOCC26XX.oem4f (.text:GPIO_setConfig)
                  00002c34    00000100     rf_multiMode_cc13x2_v1.aem4f : RFCC26X2_multiMode.oem4f (.text:RF_fsmPowerUpState)
                  00002d34    00000100     drivers_cc13x2_v1.aem4f : UARTCC26XX.oem4f (.text:UARTCC26XX_write)
                  00002e34    000000fc     rtsv7M4_T_le_v4SPD16_eabi.lib : fd_mul_t2.asm.obj (.text)
                  00002f30    000000f0     display.aem4f : DisplaySharp.oem4f (.text:DisplaySharp_open)
                  00003020    000000f0     rf_multiMode_cc13x2_v1.aem4f : RFCC26X2_multiMode.oem4f (.text:RF_pendCmd)
                  00003110    000000f0     drivers_cc13x2_v1.aem4f : SPICC26XXDMA.oem4f (.text:SPICC26XXDMA_transferCancel)
                  00003200    000000e6     display.aem4f : SharpGrLib.oem4f (.text:SharpGrLib_rectFill)
                  000032e6    00000002                   : DisplayUart.oem4f (.text:DisplayUartMin_init)
                  000032e8    000000e4                   : SharpGrLib.oem4f (.text:SharpGrLib_flush)
                  000033cc    000000e4     rom_sysbios.aem4f : rom_sysbios.obj (.text:pthread_create)
                  000034b0    000000e0     drivers_cc13x2_v1.aem4f : PINCC26XX.oem4f (.text:PINCC26XX_setIoCfg)
                  00003590    000000e0     RFQueue.obj (.text:RFQueue_defineQueue)
                  00003670    000000dc     rfPacketRx.obj (.text:displayThread)
                  0000374c    000000d8     drivers_cc13x2_v1.aem4f : GPIOCC26XX.oem4f (.text:GPIO_init)
                  00003824    000000d8     rf_multiMode_cc13x2_v1.aem4f : RFCC26X2_multiMode.oem4f (.text:RF_dispatchNextCmd)
                  000038fc    000000d4                                  : RFCC26X2_multiMode.oem4f (.text:RF_swiHw)
                  000039d0    000000c8     drivers_cc13x2_v1.aem4f : PowerCC26X2.oem4f (.text:Power_releaseDependency)
                  00003a98    000000c4                             : PowerCC26X2.oem4f (.text:Power_setDependency)
                  00003b5c    000000c4     smartrf_settings.obj (.text:rf_patch_rfe_genfsk)
                  00003c20    000000c0     drivers_cc13x2_v1.aem4f : UARTCC26XX.oem4f (.text:UARTCC26XX_initIO)
                  00003ce0    000000bc     rf_multiMode_cc13x2_v1.aem4f : RFCC26X2_multiMode.oem4f (.text:RF_hwiCpe0Active)
                  00003d9c    000000b8     display.aem4f : DisplaySharp.oem4f (.text:DisplaySharp_vprintf)
                  00003e54    000000b8     drivers_cc13x2_v1.aem4f : UARTCC26XX.oem4f (.text:UARTCC26XX_initHw)
                  00003f0c    000000b4     dpl_cc13x2_v1.aem4f : PowerCC26X2_tirtos.oem4f (.text:PowerCC26XX_standbyPolicy)
                  00003fc0    000000b0     display.aem4f : DisplaySharp.oem4f (.text:DisplaySharp_control)
                  00004070    000000b0     rf_multiMode_cc13x2_v1.aem4f : RFCC26X2_multiMode.oem4f (.text:RF_corePowerDown)
                  00004120    000000aa     display.aem4f : SharpGrLib.oem4f (.text:SharpGrLib_lineDrawH)
                  000041ca    00000002     driverlib.lib : rfc.obj (.text:NOROM_RFCCpePatchReset)
                  000041cc    000000a8     smartrf_settings.obj (.text:configurePropPatch)
                  00004274    000000a4     rfPacketRx.obj (.text:callback)
                  00004318    000000a2     drivers_cc13x2_v1.aem4f : SPICC26XXDMA.oem4f (.text:SPICC26XXDMA_hwiFxn)
                  000043ba    00000002     rf_multiMode_cc13x2_v1.aem4f : RFCC26X2_multiMode.oem4f (.text:RF_defaultCallback)
                  000043bc    000000a0                                  : RFCC26X2_multiMode.oem4f (.text:RF_postCmd)
                  0000445c    000000a0     auto_init.aem4f : auto_init.oem4f (.text)
                  000044fc    000000a0     rom_sysbios.aem4f : rom_sysbios.obj (.text:ti_sysbios_knl_Task_setPri__E)
                  0000459c    0000009c     grlib.a : line.obj (.text:Graphics_drawLineH)
                  00004638    0000009c     drivers_cc13x2_v1.aem4f : UARTCC26XX.oem4f (.text:UARTCC26XX_swiIntFxn)
                  000046d4    0000009c     rtsv7M4_T_le_v4SPD16_eabi.lib : memcpy_t2.asm.obj (.text)
                  00004770    00000098     driverlib.lib : setup.obj (.text:NOROM_SetupTrimDevice)
                  00004808    00000098     rom_sysbios.aem4f : rom_sysbios.obj (.text:ti_sysbios_knl_Clock_workFuncDynamic__E)
                  000048a0    00000096     rtsv7M4_T_le_v4SPD16_eabi.lib : ull_div_t2.asm.obj (.text)
                  00004936    00000002                                   : _lock.c.obj (.text:_nop)
                  00004938    00000094     drivers_cc13x2_v1.aem4f : PINCC26XX.oem4f (.text:PIN_open)
                  000049cc    00000090     display.aem4f : SharpGrLib.oem4f (.text:SharpGrLib_clearScreen)
                  00004a5c    00000090     drivers_cc13x2_v1.aem4f : UARTCC26XX.oem4f (.text:writeTxFifoFlush)
                  00004aec    0000008e                             : SPICC26XXDMA.oem4f (.text:SPICC26XXDMA_swiFxn)
                  00004b7a    00000002                             : PowerCC26X2.oem4f (.text:emptyClockFunc)
                  00004b7c    0000008c                             : SPICC26XXDMA.oem4f (.text:SPICC26XXDMA_control)
                  00004c08    0000008c                             : UARTCC26XX.oem4f (.text:UARTCC26XX_close)
                  00004c94    0000008c                             : UARTCC26XX.oem4f (.text:UARTCC26XX_writeCancel)
                  00004d20    00000088     rf_multiMode_cc13x2_v1.aem4f : RFCC26X2_multiMode.oem4f (.text:RF_ratFreeChannel)
                  00004da8    00000088     rom_sysbios.aem4f : rom_sysbios.obj (.text:_pthread_removeThreadKeys)
                  00004e30    00000088     drivers_cc13x2_v1.aem4f : PowerCC26X2_calibrateRCOSC.oem4f (.text:calibrateRcoscHf2)
                  00004eb8    00000086     rtsv7M4_T_le_v4SPD16_eabi.lib : fd_cmp_t2.asm.obj (.text:__aeabi_cdcmple)
                  00004f3e    00000086                                   : fd_cmp_t2.asm.obj (.text:__aeabi_cdrcmple)
                  00004fc4    00000084     CC1352R1_LAUNCHXL_fxns.obj (.text:CC1352R1_LAUNCHXL_sendExtFlashByte)
                  00005048    00000084     rf_multiMode_cc13x2_v1.aem4f : RFCC26X2_multiMode.oem4f (.text:RF_hwiHw)
                  000050cc    00000080     driverlib.lib : setup_rom.obj (.text:NOROM_SetupStepVddrTrimTo)
                  0000514c    00000080     rom_sysbios.aem4f : rom_sysbios.obj (.text:ti_sysbios_family_arm_cc26xx_Timer_start__E)
                  000051cc    0000007c     drivers_cc13x2_v1.aem4f : PowerCC26X2_calibrateRCOSC.oem4f (.text:updateSubSecInc)
                  00005248    0000007a     rtsv7M4_T_le_v4SPD16_eabi.lib : memset_t2.asm.obj (.text)
                  000052c2    00000002     smartrf_settings.obj (.text:enterPropSysPatch)
                  000052c4    00000078     rf_multiMode_cc13x2_v1.aem4f : RFCC26X2_multiMode.oem4f (.text:RF_ratDispatchTime)
                  0000533c    00000074     drivers_cc13x2_v1.aem4f : PowerCC26X2_calibrateRCOSC.oem4f (.text:PowerCC26X2_auxISR)
                  000053b0    00000074     rf_multiMode_cc13x2_v1.aem4f : RFCC26X2_multiMode.oem4f (.text:RF_issueRadioFreeCb)
                  00005424    0000006d     rom_sysbios.aem4f : rom_sysbios.obj (.text:xdc_runtime_System_formatNum__I)
                  00005491    00000001     --HOLE-- [fill = 0]
                  00005492    00000002     rtsv7M4_T_le_v4SPD16_eabi.lib : div0.asm.obj (.text)
                  00005494    0000006c     driverlib.lib : setup_rom.obj (.text:NOROM_SetupAfterColdResetWakeupFromShutDownCfg1)
                  00005500    0000006c     drivers_cc13x2_v1.aem4f : PINCC26XX.oem4f (.text:PIN_add)
                  0000556c    0000006c                             : UARTCC26XX.oem4f (.text:UARTCC26XX_readCancel)
                  000055d8    00000068     driverlib.lib : osc.obj (.text:NOROM_OSCHF_AttemptToSwitchToXosc)
                  00005640    00000068     rf_multiMode_cc13x2_v1.aem4f : RFCC26X2_multiMode.oem4f (.text:RF_getCurrentTime)
                  000056a8    00000068     rtsv7M4_T_le_v4SPD16_eabi.lib : copy_decompress_lzss.c.obj (.text:decompress:lzss:__TI_decompress_lzss)
                  00005710    00000068     main_tirtos.obj (.text:main)
                  00005778    00000066     rf_multiMode_cc13x2_v1.aem4f : RFCC26X2_multiMode.oem4f (.text:RF_syncCb)
                  000057de    00000002     release_pem4f.oem4f (.text:ti_sysbios_BIOS_nullFunc__I)
                  000057e0    00000064     drivers_cc13x2_v1.aem4f : UARTCC26XX.oem4f (.text:UARTCC26XX_control)
                  00005844    00000064     rom_sysbios.aem4f : rom_sysbios.obj (.text:_pthread_runStub)
                  000058a8    00000060     drivers_cc13x2_v1.aem4f : GPIOCC26XX.oem4f (.text:GPIO_write)
                  00005908    00000060     rf_multiMode_cc13x2_v1.aem4f : RFCC26X2_multiMode.oem4f (.text:RF_ratArmChannel)
                  00005968    00000060     drivers_cc13x2_v1.aem4f : SPICC26XXDMA.oem4f (.text:SPICC26XXDMA_initHw)
                  000059c8    0000005c     display.aem4f : Display.oem4f (.text:Display_doOpen)
                  00005a24    0000005c     drivers_cc13x2_v1.aem4f : PINCC26XX.oem4f (.text:PIN_remove)
                  00005a80    0000005c     rf_multiMode_cc13x2_v1.aem4f : RFCC26X2_multiMode.oem4f (.text:RF_dispatchNextEvent)
                  00005adc    0000005c                                  : RFCC26X2_multiMode.oem4f (.text:RF_fsmXOSCState)
                  00005b38    0000005c                                  : RFCC26X2_multiMode.oem4f (.text:RF_hwiCpe0PowerFsm)
                  00005b94    0000005c     rom_sysbios.aem4f : rom_sysbios.obj (.text:ti_sysbios_heaps_HeapMem_initPrimary__I)
                  00005bf0    0000005c     release_pem4f.oem4f (.text:xdc_runtime_Startup_getState__I)
                  00005c4c    00000058     drivers_cc13x2_v1.aem4f : PowerCC26X2_calibrateRCOSC.oem4f (.text:PowerCC26X2_initiateCalibration)
                  00005ca4    00000058     rf_multiMode_cc13x2_v1.aem4f : RFCC26X2_multiMode.oem4f (.text:RF_cmdDispatchTime)
                  00005cfc    00000058     display.aem4f : SharpGrLib.oem4f (.text:SharpGrLib_lineDrawV)
                  00005d54    00000058     boot.aem4f : boot.oem4f (.text)
                  00005dac    00000058     drivers_cc13x2_v1.aem4f : PowerCC26X2.oem4f (.text:disableLFClockQualifiers)
                  00005e04    00000058     rom_sysbios.aem4f : rom_sysbios.obj (.text:pthread_exit)
                  00005e5c    00000054     drivers_cc13x2_v1.aem4f : GPIOCC26XX.oem4f (.text:powerPostNotify)
                  00005eb0    00000052     grlib.a : context.obj (.text:Graphics_initContext)
                  00005f02    00000052     drivers_cc13x2_v1.aem4f : SPICC26XXDMA.oem4f (.text:SPICC26XXDMA_close)
                  00005f54    00000050     dpl_cc13x2_v1.aem4f : ClockP_tirtos.oem4f (.text:ClockP_construct)
                  00005fa4    00000050     drivers_cc13x2_v1.aem4f : GPIOCC26XX.oem4f (.text:GPIO_enableInt)
                  00005ff4    00000050     driverlib.lib : chipinfo.obj (.text:NOROM_ChipInfo_GetChipType)
                  00006044    00000050     rf_multiMode_cc13x2_v1.aem4f : RFCC26X2_multiMode.oem4f (.text:RF_applyRfCorePatch)
                  00006094    00000050                                  : RFCC26X2_multiMode.oem4f (.text:RF_wakeupNotification)
                  000060e4    00000050     drivers_cc13x2_v1.aem4f : PowerCC26X2.oem4f (.text:configureXOSCHF)
                  00006134    0000004e     display.aem4f : DisplaySharp.oem4f (.text:DisplaySharp_clearLines)
                  00006182    00000002     release_pem4f.oem4f (.text:ti_sysbios_rom_cortexm_cc26xx_agama_CC26xx_badRomRevision__E)
                  00006184    0000004c     CC1352R1_LAUNCHXL_fxns.obj (.text:CC1352R1_LAUNCHXL_wakeUpExtFlash)
                  000061d0    0000004c     rf_multiMode_cc13x2_v1.aem4f : RFCC26X2_multiMode.oem4f (.text:RF_ratRestartChannels)
                  0000621c    0000004c     drivers_cc13x2_v1.aem4f : UDMACC26XX.oem4f (.text:UDMACC26XX_open)
                  00006268    0000004c     rtsv7M4_T_le_v4SPD16_eabi.lib : cpy_tbl.c.obj (.text:copy_in)
                  000062b4    0000004c     drivers_cc13x2_v1.aem4f : UARTCC26XX.oem4f (.text:startTxFifoEmptyClk)
                  00006300    0000004a     display.aem4f : DisplayUart.oem4f (.text:DisplayUartMin_open)
                  0000634a    00000002     rom_sysbios.aem4f : rom_sysbios.obj (.text:xdc_runtime_SysCallback_defaultAbort)
                  0000634c    00000048     driverlib.lib : rfc.obj (.text:NOROM_RFCSynthPowerDown)
                  00006394    00000048     drivers_cc13x2_v1.aem4f : PINCC26XX.oem4f (.text:PIN_setOutputEnable)
                  000063dc    00000048     rtsv7M4_T_le_v4SPD16_eabi.lib : fd_toi_t2.asm.obj (.text)
                  00006424    00000048     drivers_cc13x2_v1.aem4f : UARTCC26XX.oem4f (.text:writeFinishedDoCallback)
                  0000646c    00000046     display.aem4f : DisplayUart.oem4f (.text:DisplayUartMin_vprintf)
                  000064b2    00000046     drivers_cc13x2_v1.aem4f : RingBuf.oem4f (.text:RingBuf_put)
                  000064f8    00000046     display.aem4f : SharpGrLib.oem4f (.text:SharpGrLib_drawMultiple)
                  0000653e    00000002     rom_sysbios.aem4f : rom_sysbios.obj (.text:xdc_runtime_SysCallback_defaultExit)
                  00006540    00000044     driverlib.lib : osc.obj (.text:NOROM_OSCHF_SwitchToRcOscTurnOffXosc)
                  00006584    00000044     drivers_cc13x2_v1.aem4f : PINCC26XX.oem4f (.text:PIN_swi)
                  000065c8    00000044                             : SPICC26XXDMA.oem4f (.text:SPICC26XXDMA_csnCallback)
                  0000660c    00000044                             : SPI.oem4f (.text:SPI_init)
                  00006650    00000044                             : UART.oem4f (.text:UART_init)
                  00006694    00000044     CC1352R1_LAUNCHXL_fxns.obj (.text:rfDriverCallback)
                  000066d8    00000044     rtsv7M4_T_le_v4SPD16_eabi.lib : fd_tou_t2.asm.obj (.text)
                  0000671c    00000044     drivers_cc13x2_v1.aem4f : PowerCC26X2.oem4f (.text:switchXOSCHF)
                  00006760    00000042     display.aem4f : SharpGrLib.oem4f (.text:SharpGrLib_pixelDraw)
                  000067a2    00000002     rom_sysbios.aem4f : rom_sysbios.obj (.text:xdc_runtime_SysCallback_defaultFlush)
                  000067a4    00000040     CC1352R1_LAUNCHXL_fxns.obj (.text:CC1352R1_LAUNCHXL_shutDownExtFlash)
                  000067e4    00000040     grlib.a : string.obj (.text:Graphics_getNumberOfLeadingZeros)
                  00006824    00000040     drivers_cc13x2_v1.aem4f : PowerCC26X2.oem4f (.text:PowerCC26XX_isStableXOSC_HF)
                  00006864    00000040                             : PowerCC26X2.oem4f (.text:PowerCC26XX_switchXOSC_HF)
                  000068a4    00000040                             : RingBuf.oem4f (.text:RingBuf_get)
                  000068e4    00000040     driverlib.lib : setup.obj (.text:Step_RCOSCHF_CTRIM)
                  00006924    00000040                   : setup.obj (.text:Step_VBG)
                  00006964    00000040     rtsv7M4_T_le_v4SPD16_eabi.lib : u_divt2.asm.obj (.text)
                  000069a4    00000040     rom_sysbios.aem4f : rom_sysbios.obj (.text:ti_sysbios_family_arm_cc26xx_Timer_setThreshold__I)
                  000069e4    0000003e     dpl_cc13x2_v1.aem4f : HwiP_tirtos.oem4f (.text:HwiP_construct)
                  00006a22    00000002     rom_sysbios.aem4f : rom_sysbios.obj (.text:xdc_runtime_SysCallback_defaultPutch)
                  00006a24    0000003c     drivers_cc13x2_v1.aem4f : PINCC26XX.oem4f (.text:PINCC26XX_getConfig)
                  00006a60    0000003c                             : PINCC26XX.oem4f (.text:PIN_setOutputValue)
                  00006a9c    0000003c     rf_multiMode_cc13x2_v1.aem4f : RFCC26X2_multiMode.oem4f (.text:RF_calculateDispatchTime)
                  00006ad8    0000003c                                  : RFCC26X2_multiMode.oem4f (.text:RF_cmdGet)
                  00006b14    0000003c     drivers_cc13x2_v1.aem4f : SPI.oem4f (.text:SPI_open)
                  00006b50    0000003c     dpl_cc13x2_v1.aem4f : SwiP_tirtos.oem4f (.text:SwiP_construct)
                  00006b8c    0000003c     drivers_cc13x2_v1.aem4f : UART.oem4f (.text:UART_open)
                  00006bc8    0000003c     rom_sysbios.aem4f : rom_sysbios.obj (.text:ti_sysbios_family_arm_m3_Hwi_construct2__E)
                  00006c04    00000038     drivers_cc13x2_v1.aem4f : PINCC26XX.oem4f (.text:PIN_setInterrupt)
                  00006c3c    00000038                             : PowerCC26X2.oem4f (.text:notify)
                  00006c74    00000038                             : UARTCC26XX.oem4f (.text:readData)
                  00006cac    00000038     rtsv7M4_T_le_v4SPD16_eabi.lib : fs_tod_t2.asm.obj (.text)
                  00006ce4    00000038     rom_sysbios.aem4f : rom_sysbios.obj (.text:ti_sysbios_family_arm_cc26xx_Seconds_get__E)
                  00006d1c    00000038     drivers_cc13x2_v1.aem4f : UARTCC26XX.oem4f (.text:writeData)
                  00006d54    00000036     grlib.a : display.obj (.text:Graphics_drawHorizontalLineOnDisplay)
                  00006d8a    00000036     drivers_cc13x2_v1.aem4f : UDMACC26XX.oem4f (.text:UDMACC26XX_close)
                  00006dc0    00000034     display.aem4f : DisplaySharp.oem4f (.text:DisplaySharp_close)
                  00006df4    00000034     driverlib.lib : aux_sysif.obj (.text:NOROM_AUXSYSIFOpModeChange)
                  00006e28    00000034                   : sys_ctrl.obj (.text:NOROM_SysCtrlIdle)
                  00006e5c    00000034     drivers_cc13x2_v1.aem4f : PINCC26XX.oem4f (.text:PIN_setConfig)
                  00006e90    00000034                             : PowerCC26X2.oem4f (.text:Power_releaseConstraint)
                  00006ec4    00000034     rf_multiMode_cc13x2_v1.aem4f : RFCC26X2_multiMode.oem4f (.text:RF_cacheFsCmd)
                  00006ef8    00000034                                  : RFCC26X2_multiMode.oem4f (.text:RF_checkCmdFsError)
                  00006f2c    00000034                                  : RFCC26X2_multiMode.oem4f (.text:RF_ieeeRequestFgCommand)
                  00006f60    00000034                                  : RFCC26X2_multiMode.oem4f (.text:RF_powerConstraintRelease)
                  00006f94    00000034     drivers_cc13x2_v1.aem4f : UARTCC26XX.oem4f (.text:readData2RingBuf)
                  00006fc8    00000032     rom_sysbios.aem4f : rom_sysbios.obj (.text:ti_sysbios_family_arm_cc26xx_Timer_setNextTick__E)
                  00006ffa    00000002     --HOLE-- [fill = 0]
                  00006ffc    00000030     drivers_cc13x2_v1.aem4f : GPIOCC26XX.oem4f (.text:GPIO_hwiIntFxn)
                  0000702c    00000030                             : PowerCC26X2.oem4f (.text:Power_setConstraint)
                  0000705c    00000030     rf_multiMode_cc13x2_v1.aem4f : RFCC26X2_multiMode.oem4f (.text:RF_calculateDeltaTimeUs)
                  0000708c    00000030     drivers_cc13x2_v1.aem4f : PowerCC26X2_calibrateRCOSC.oem4f (.text:startTDC)
                  000070bc    00000030     release_pem4f.oem4f (.text:ti_sysbios_BIOS_atExitFunc__I)
                  000070ec    00000030     release_pem4f.oem4f (.text:ti_sysbios_BIOS_startFunc__I)
                  0000711c    00000030     rom_sysbios.aem4f : rom_sysbios.obj (.text:ti_sysbios_family_arm_cc26xx_Timer_getCurrentTick__E)
                  0000714c    00000030                       : rom_sysbios.obj (.text:ti_sysbios_family_arm_cc26xx_Timer_initDevice__I)
                  0000717c    0000002e     display.aem4f : SharpGrLib.oem4f (.text:SharpGrLib_initializeDisplayBuffer)
                  000071aa    0000002e     rtsv7M4_T_le_v4SPD16_eabi.lib : i_tofd_t2.asm.obj (.text)
                  000071d8    0000002c     drivers_cc13x2_v1.aem4f : GPIOCC26XX.oem4f (.text:GPIO_setCallback)
                  00007204    0000002c     grlib.a : display.obj (.text:Graphics_drawPixelOnDisplay)
                  00007230    0000002c     drivers_cc13x2_v1.aem4f : PINCC26XX.oem4f (.text:PINCC26XX_setMux)
                  0000725c    0000002c     rf_multiMode_cc13x2_v1.aem4f : RFCC26X2_multiMode.oem4f (.text:RF_executeDirectImmediateCmd)
                  00007288    0000002c                                  : RFCC26X2_multiMode.oem4f (.text:RF_ratReleaseChannels)
                  000072b4    0000002c     dpl_cc13x2_v1.aem4f : SemaphoreP_tirtos.oem4f (.text:SemaphoreP_constructBinary)
                  000072e0    0000002c                         : SemaphoreP_tirtos.oem4f (.text:SemaphoreP_createBinary)
                  0000730c    0000002c     rom_sysbios.aem4f : rom_sysbios.obj (.text:_pthread_delete$44)
                  00007338    0000002c                       : rom_sysbios.obj (.text:pthread_setcancelstate)
                  00007364    0000002c                       : rom_sysbios.obj (.text:ti_sysbios_knl_Clock_getTicksUntilInterrupt__E)
                  00007390    0000002a     display.aem4f : Display.oem4f (.text:Display_doPrintf)
                  000073ba    0000002a     rf_multiMode_cc13x2_v1.aem4f : RFCC26X2_multiMode.oem4f (.text:RF_ratSuspendChannels)
                  000073e4    0000002a     rom_sysbios.aem4f : rom_sysbios.obj (.text:ti_sysbios_knl_Clock_getTimeout__E)
                  0000740e    0000002a                       : rom_sysbios.obj (.text:xdc_runtime_System_putchar__I)
                  00007438    00000028     display.aem4f : Display.oem4f (.text:Display_doInit)
                  00007460    00000028     dpl_cc13x2_v1.aem4f : PowerCC26X2_tirtos.oem4f (.text:PowerCC26XX_schedulerDisable)
                  00007488    00000028                         : PowerCC26X2_tirtos.oem4f (.text:PowerCC26XX_schedulerRestore)
                  000074b0    00000028     drivers_cc13x2_v1.aem4f : PowerCC26X2.oem4f (.text:Power_registerNotify)
                  000074d8    00000028     rf_multiMode_cc13x2_v1.aem4f : RFCC26X2_multiMode.oem4f (.text:RF_runCmd)
                  00007500    00000028     drivers_cc13x2_v1.aem4f : SPICC26XXDMA.oem4f (.text:SPICC26XXDMA_flushFifos)
                  00007528    00000028                             : PowerCC26X2.oem4f (.text:oscillatorISR)
                  00007550    00000026                             : List.oem4f (.text:List_put)
                  00007576    00000026                             : List.oem4f (.text:List_remove)
                  0000759c    00000024     display.aem4f : DisplaySharp.oem4f (.text:DisplaySharp_clear)
                  000075c0    00000024     driverlib.lib : osc.obj (.text:NOROM_OSCHF_TurnOnXosc)
                  000075e4    00000024                   : rfc.obj (.text:NOROM_RFCDoorbellSendTo)
                  00007608    00000024     CC1352R1_LAUNCHXL_fxns.obj (.text:PINCC26XX_setOutputValue)
                  0000762c    00000024     rf_multiMode_cc13x2_v1.aem4f : RFCC26X2_multiMode.oem4f (.text:RF_clkPowerUp)
                  00007650    00000024                                  : RFCC26X2_multiMode.oem4f (.text:RF_cmdAlloc)
                  00007674    00000024                                  : RFCC26X2_multiMode.oem4f (.text:RF_invokeGlobalCallback)
                  00007698    00000024     display.aem4f : SharpGrLib.oem4f (.text:SharpGrLib_init)
                  000076bc    00000024     rom_sysbios.aem4f : rom_sysbios.obj (.text:_pthread_cleanupFxn)
                  000076e0    00000024     drivers_cc13x2_v1.aem4f : PowerCC26X2_calibrateRCOSC.oem4f (.text:getTdcSemaphore)
                  00007704    00000024     rom_sysbios.aem4f : rom_sysbios.obj (.text:pthread_attr_init)
                  00007728    00000024     release_pem4f.oem4f (.text:ti_sysbios_BIOS_registerRTSLock__I)
                  0000774c    00000024     release_pem4f.oem4f (.text:ti_sysbios_BIOS_removeRTSLock__I)
                  00007770    00000024     rom_sysbios.aem4f : rom_sysbios.obj (.text:ti_sysbios_family_arm_cc26xx_Seconds_set__E)
                  00007794    00000024                       : rom_sysbios.obj (.text:ti_sysbios_family_arm_cc26xx_Timer_getMaxTicks__E)
                  000077b8    00000022     drivers_cc13x2_v1.aem4f : List.oem4f (.text:List_get)
                  000077da    00000022     rf_multiMode_cc13x2_v1.aem4f : RFCC26X2_multiMode.oem4f (.text:RF_isRadioSetup)
                  000077fc    00000020     drivers_cc13x2_v1.aem4f : PowerCC26X2.oem4f (.text:Power_unregisterNotify)
                  0000781c    00000020     RFQueue.obj (.text:RFQueue_nextEntry)
                  0000783c    00000020     rf_multiMode_cc13x2_v1.aem4f : RFCC26X2_multiMode.oem4f (.text:RF_hwiCpe0ChangePhy)
                  0000785c    00000020                                  : RFCC26X2_multiMode.oem4f (.text:RF_ratIsRunning)
                  0000787c    00000020                                  : RFCC26X2_multiMode.oem4f (.text:RF_swiFsm)
                  0000789c    00000020     smartrf_settings.obj (.text:applyPropPatch)
                  000078bc    00000020     rom_sysbios.aem4f : rom_sysbios.obj (.text:sleep)
                  000078dc    00000020     release_pem4f.oem4f (.text:ti_sysbios_BIOS_rtsLock__I)
                  000078fc    00000020     rom_sysbios.aem4f : rom_sysbios.obj (.text:ti_sysbios_family_arm_cc26xx_Timer_dynamicStub__E)
                  0000791c    00000020                       : rom_sysbios.obj (.text:xdc_runtime_Error_policyMin__E)
                  0000793c    0000001e     grlib.a : display.obj (.text:Graphics_fillRectangleOnDisplay)
                  0000795a    0000001e     drivers_cc13x2_v1.aem4f : PINCC26XX.oem4f (.text:PIN_close)
                  00007978    0000001e                             : PowerCC26X2.oem4f (.text:Power_getTransitionLatency)
                  00007996    00000002     --HOLE-- [fill = 0]
                  00007998    0000001c     CC1352R1_LAUNCHXL.obj (.text:CC1352R1_LAUNCHXL_initGeneral)
                  000079b4    0000001c     driverlib.lib : chipinfo.obj (.text:NOROM_ChipInfo_GetChipFamily)
                  000079d0    0000001c     drivers_cc13x2_v1.aem4f : PINCC26XX.oem4f (.text:PINCC26XX_setIoCfgMux)
                  000079ec    0000001c                             : PINCC26XX.oem4f (.text:PIN_hwi)
                  00007a08    0000001c     rf_multiMode_cc13x2_v1.aem4f : RFCC26X2_multiMode.oem4f (.text:RF_clkInactivity)
                  00007a24    0000001c                                  : RFCC26X2_multiMode.oem4f (.text:RF_powerConstraintSet)
                  00007a40    0000001c     drivers_cc13x2_v1.aem4f : UDMACC26XX.oem4f (.text:UDMACC26XX_initHw)
                  00007a5c    0000001c     smartrf_settings.obj (.text:enterPropCpePatch)
                  00007a78    0000001c     release_pem4f.oem4f (.text:ti_sysbios_BIOS_errorRaiseHook__I)
                  00007a94    0000001c     rom_sysbios.aem4f : rom_sysbios.obj (.text:ti_sysbios_knl_Swi_construct2__E)
                  00007ab0    0000001c     release_pem4f.oem4f (.text:xdc_runtime_Startup_exec__I)
                  00007acc    0000001a     grlib.a : display.obj (.text:Graphics_clearDisplayOnDisplay)
                  00007ae6    0000001a             : context.obj (.text:Graphics_setBackgroundColor)
                  00007b00    0000001a             : context.obj (.text:Graphics_setFont)
                  00007b1a    0000001a     drivers_cc13x2_v1.aem4f : PowerCC26X2.oem4f (.text:PowerCC26XX_calibrate)
                  00007b34    00000018     driverlib.lib : chipinfo.obj (.text:NOROM_ChipInfo_GetPackageType)
                  00007b4c    00000018     drivers_cc13x2_v1.aem4f : PINCC26XX.oem4f (.text:PIN_getConfig)
                  00007b64    00000018                             : PowerCC26X2.oem4f (.text:Power_idleFunc)
                  00007b7c    00000018     display.aem4f : SharpGrLib.oem4f (.text:SharpGrLib_reverse)
                  00007b94    00000018     drivers_cc13x2_v1.aem4f : UARTCC26XX.oem4f (.text:UARTCC26XX_init)
                  00007bac    00000018                             : UART.oem4f (.text:UART_Params_init)
                  00007bc4    00000018     rtsv7M4_T_le_v4SPD16_eabi.lib : args_main.c.obj (.text:_args_main)
                  00007bdc    00000018                                   : ll_mul_t2.asm.obj (.text)
                  00007bf4    00000018     release_pem4f.oem4f (.text:ti_sysbios_BIOS_rtsUnlock__I)
                  00007c0c    00000018     rom_sysbios.aem4f : rom_sysbios.obj (.text:ti_sysbios_knl_Swi_or__E)
                  00007c24    00000018     release_pem4f.oem4f (.text:ti_sysbios_rom_cortexm_cc26xx_agama_CC26xx_checkRevision__E)
                  00007c3c    00000018     rom_sysbios.aem4f : rom_sysbios.obj (.text:xdc_runtime_Error_init__E)
                  00007c54    00000016     display.aem4f : DisplayUart.oem4f (.text:DisplayUartMin_close)
                  00007c6a    00000016     grlib.a : context.obj (.text:Graphics_setForegroundColor)
                  00007c80    00000016             : display.obj (.text:Graphics_translateColorOnDisplay)
                  00007c96    00000016     rf_multiMode_cc13x2_v1.aem4f : RFCC26X2_multiMode.oem4f (.text:RF_restartClockTimeout)
                  00007cac    00000016     rom_sysbios.aem4f : rom_sysbios.obj (.text:_pthread_cleanup_pop)
                  00007cc2    00000016     release_pem4f.oem4f (.text:ti_sysbios_BIOS_exitFunc__I)
                  00007cd8    00000014     dpl_cc13x2_v1.aem4f : ClockP_tirtos.oem4f (.text:ClockP_usleep)
                  00007cec    00000014     drivers_cc13x2_v1.aem4f : List.oem4f (.text:List_clearList)
                  00007d00    00000014     driverlib.lib : rfc.obj (.text:NOROM_RFCCpeIntGetAndClear)
                  00007d14    00000014     drivers_cc13x2_v1.aem4f : PINCC26XX.oem4f (.text:PINCC26XX_getOutputValue)
                  00007d28    00000014                             : PowerCC26X2_calibrateRCOSC.oem4f (.text:PowerCC26X2_calibrate)
                  00007d3c    00000014     rf_multiMode_cc13x2_v1.aem4f : RFCC26X2_multiMode.oem4f (.text:RF_Params_init)
                  00007d50    00000014                                  : RFCC26X2_multiMode.oem4f (.text:RF_dbellSyncOnAck)
                  00007d64    00000014                                  : RFCC26X2_multiMode.oem4f (.text:RF_ratGetChannel)
                  00007d78    00000014                                  : RFCC26X2_multiMode.oem4f (.text:RF_triggDispatcher)
                  00007d8c    00000014     drivers_cc13x2_v1.aem4f : SPI.oem4f (.text:SPI_Params_init)
                  00007da0    00000014                             : PowerCC26X2.oem4f (.text:configureRFCoreClocks)
                  00007db4    00000014     rom_sysbios.aem4f : rom_sysbios.obj (.text:pthread_attr_setschedparam)
                  00007dc8    00000014     rtsv7M4_T_le_v4SPD16_eabi.lib : strlen.c.obj (.text:strlen)
                  00007ddc    00000014     rom_sysbios.aem4f : rom_sysbios.obj (.text:ti_sysbios_family_arm_cc26xx_Timer_getCount64__E)
                  00007df0    00000014     release_pem4f.oem4f (.text:ti_sysbios_knl_Clock_doTick__I)
                  00007e04    00000012     grlib.a : context.obj (.text:Graphics_clearDisplay)
                  00007e16    00000012             : display.obj (.text:Graphics_flushOnDisplay)
                  00007e28    00000012     drivers_cc13x2_v1.aem4f : RingBuf.oem4f (.text:RingBuf_construct)
                  00007e3a    00000012     dpl_cc13x2_v1.aem4f : SemaphoreP_tirtos.oem4f (.text:SemaphoreP_pend)
                  00007e4c    00000010                         : ClockP_tirtos.oem4f (.text:ClockP_isActive)
                  00007e5c    00000010                         : HwiP_tirtos.oem4f (.text:HwiP_Params_init)
                  00007e6c    00000010     driverlib.lib : rfc.obj (.text:NOROM_RFCHwIntGetAndClear)
                  00007e7c    00000010     drivers_cc13x2_v1.aem4f : PINCC26XX.oem4f (.text:PINCC26XX_getPinCount)
                  00007e8c    00000010     rf_multiMode_cc13x2_v1.aem4f : RFCC26X2_multiMode.oem4f (.text:RF_dbellSubmitCmdAsync)
                  00007e9c    00000010                                  : RFCC26X2_multiMode.oem4f (.text:RF_isClientOwner)
                  00007eac    00000010                                  : RFCC26X2_multiMode.oem4f (.text:RF_ratGetChannelValue)
                  00007ebc    00000010     dpl_cc13x2_v1.aem4f : SwiP_tirtos.oem4f (.text:SwiP_Params_init)
                  00007ecc    00000010     rom_sysbios.aem4f : rom_sysbios.obj (.text:ti_sysbios_family_arm_m3_Hwi_post__E)
                  00007edc    00000010     drivers_cc13x2_v1.aem4f : UARTCC26XX.oem4f (.text:uartPostNotify)
                  00007eec    00000010     rom_sysbios.aem4f : rom_sysbios.obj (.text:xdc_runtime_SysCallback_flush__E)
                  00007efc    00000010                       : rom_sysbios.obj (.text:xdc_runtime_SysCallback_putch__E)
                  00007f0c    00000010                       : rom_sysbios.obj (.text:xdc_runtime_SysCallback_ready__E)
                  00007f1c    00000010                       : rom_sysbios.obj (.text:xdc_runtime_System_vsnprintf__E)
                  00007f2c    0000000e     grlib.a : context.obj (.text:Graphics_flushBuffer)
                  00007f3a    0000000e     driverlib.lib : chipinfo.obj (.text:NOROM_ThisLibraryIsFor_CC13x2_CC26x2_HaltIfViolated)
                  00007f48    0000000e     drivers_cc13x2_v1.aem4f : SPICC26XXDMA.oem4f (.text:SPICC26XXDMA_init)
                  00007f56    0000000e     rtsv7M4_T_le_v4SPD16_eabi.lib : copy_decompress_none.c.obj (.text:decompress:none:__TI_decompress_none)
                  00007f64    0000000e     rom_sysbios.aem4f : rom_sysbios.obj (.text:pthread_attr_setdetachstate)
                  00007f72    0000000e                       : rom_sysbios.obj (.text:ti_sysbios_family_arm_cc26xx_TimestampProvider_get32__E)
                  00007f80    0000000c     display.aem4f : Display.oem4f (.text:Display_doClear)
                  00007f8c    0000000c     driverlib.lib : cpu.obj (.text:NOROM_CPUcpsid)
                  00007f98    0000000c                   : cpu.obj (.text:NOROM_CPUcpsie)
                  00007fa4    0000000c     drivers_cc13x2_v1.aem4f : PINCC26XX.oem4f (.text:PIN_registerIntCb)
                  00007fb0    0000000c                             : PowerCC26X2.oem4f (.text:Power_getConstraintMask)
                  00007fbc    0000000c                             : PowerCC26X2.oem4f (.text:Power_getDependencyCount)
                  00007fc8    0000000c     RFQueue.obj (.text:RFQueue_getDataEntry)
                  00007fd4    0000000c     rf_multiMode_cc13x2_v1.aem4f : RFCC26X2_multiMode.oem4f (.text:RF_powerConstraintGet)
                  00007fe0    0000000c                                  : RFCC26X2_multiMode.oem4f (.text:RF_ratGetValue)
                  00007fec    0000000c     dpl_cc13x2_v1.aem4f : SemaphoreP_tirtos.oem4f (.text:SemaphoreP_delete)
                  00007ff8    0000000c     rtsv7M4_T_le_v4SPD16_eabi.lib : _lock.c.obj (.text:_register_lock)
                  00008004    0000000c                                   : _lock.c.obj (.text:_register_unlock)
                  00008010    0000000c                                   : copy_zero_init.c.obj (.text:decompress:ZI:__TI_zero_init)
                  0000801c    0000000c     rom_sysbios.aem4f : rom_sysbios.obj (.text:pthread_self)
                  00008028    0000000c     drivers_cc13x2_v1.aem4f : SPICC26XXDMA.oem4f (.text:spiPostNotify)
                  00008034    0000000c     rom_sysbios.aem4f : rom_sysbios.obj (.text:ti_sysbios_knl_Swi_getTrigger__E)
                  00008040    0000000c     release_pem4f.oem4f (.text:xdc_runtime_Startup_reset__I)
                  0000804c    0000000a     dpl_cc13x2_v1.aem4f : ClockP_tirtos.oem4f (.text:ClockP_Params_init)
                  00008056    0000000a     drivers_cc13x2_v1.aem4f : SPI.oem4f (.text:SPI_close)
                  00008060    0000000a                             : SPI.oem4f (.text:SPI_transfer)
                  0000806a    0000000a     display.aem4f : SharpGrLib.oem4f (.text:SharpGrLib_colorTranslate)
                  00008074    0000000a     drivers_cc13x2_v1.aem4f : UART.oem4f (.text:UART_close)
                  0000807e    0000000a                             : UART.oem4f (.text:UART_control)
                  00008088    0000000a                             : UART.oem4f (.text:UART_write)
                  00008092    0000000a                             : UDMACC26XX.oem4f (.text:UDMACC26XX_hwiIntFxn)
                  0000809c    00000008     CC1352R1_LAUNCHXL_fxns.obj (.text:Board_initHook)
                  000080a4    00000008     display.aem4f : DisplaySharp.oem4f (.text:DisplaySharp_getType)
                  000080ac    00000008     drivers_cc13x2_v1.aem4f : SPICC26XXDMA.oem4f (.text:SPICC26XXDMA_transferCallback)
                  000080b4    00000008                             : UARTCC26XX.oem4f (.text:readSemCallback)
                  000080bc    00000008     smartrf_settings.obj (.text:rf_patch_cpe_prop)
                  000080c4    00000008     drivers_cc13x2_v1.aem4f : UARTCC26XX.oem4f (.text:writeSemCallback)
                  000080cc    00000006     display.aem4f : DisplayUart.oem4f (.text:DisplayUartMin_control)
                  000080d2    00000006                   : DisplayUart.oem4f (.text:DisplayUartMin_getType)
                  000080d8    00000006                   : Display.oem4f (.text:Display_doParamsInit)
                  000080de    00000006     driverlib.lib : cpu.obj (.text:NOROM_CPUdelay)
                  000080e4    00000006     rf_multiMode_cc13x2_v1.aem4f : RFCC26X2_multiMode.oem4f (.text:RF_clkReqAccess)
                  000080ea    00000006     drivers_cc13x2_v1.aem4f : UARTCC26XX.oem4f (.text:UARTCC26XX_readPolling)
                  000080f0    00000006                             : UARTCC26XX.oem4f (.text:UARTCC26XX_writePolling)
                  000080f6    00000006     rom_sysbios.aem4f : rom_sysbios.obj (.text:pthread_attr_setstacksize)
                  000080fc    00000006                       : rom_sysbios.obj (.text:ti_sysbios_family_arm_m3_Hwi_setFunc__E)
                  00008102    00000004     dpl_cc13x2_v1.aem4f : PowerCC26X2_tirtos.oem4f (.text:CPUwfi)
                  00008106    00000004                         : ClockP_tirtos.oem4f (.text:ClockP_destruct)
                  0000810a    00000004                         : ClockP_tirtos.oem4f (.text:ClockP_getCpuFreq)
                  0000810e    00000004                         : ClockP_tirtos.oem4f (.text:ClockP_getTimeout)
                  00008112    00000004                         : ClockP_tirtos.oem4f (.text:ClockP_setTimeout)
                  00008116    00000004                         : ClockP_tirtos.oem4f (.text:ClockP_start)
                  0000811a    00000004                         : ClockP_tirtos.oem4f (.text:ClockP_stop)
                  0000811e    00000004                         : HwiP_tirtos.oem4f (.text:HwiP_destruct)
                  00008122    00000004                         : HwiP_tirtos.oem4f (.text:HwiP_disable)
                  00008126    00000004                         : HwiP_tirtos.oem4f (.text:HwiP_enableInterrupt)
                  0000812a    00000004                         : HwiP_tirtos.oem4f (.text:HwiP_post)
                  0000812e    00000004                         : HwiP_tirtos.oem4f (.text:HwiP_setFunc)
                  00008132    00000004     driverlib.lib : rfc.obj (.text:NOROM_RFCOverrideUpdate)
                  00008136    00000004     dpl_cc13x2_v1.aem4f : SemaphoreP_tirtos.oem4f (.text:SemaphoreP_destruct)
                  0000813a    00000004                         : SemaphoreP_tirtos.oem4f (.text:SemaphoreP_post)
                  0000813e    00000004                         : SwiP_tirtos.oem4f (.text:SwiP_destruct)
                  00008142    00000004                         : SwiP_tirtos.oem4f (.text:SwiP_disable)
                  00008146    00000004                         : SwiP_tirtos.oem4f (.text:SwiP_getTrigger)
                  0000814a    00000004                         : SwiP_tirtos.oem4f (.text:SwiP_or)
                  0000814e    00000004                         : SwiP_tirtos.oem4f (.text:SwiP_post)
                  00008152    00000004                         : SystemP_tirtos.oem4f (.text:SystemP_vsnprintf)
                  00008156    00000004     drivers_cc13x2_v1.aem4f : PowerCC26X2.oem4f (.text:nopResourceHandler)
                  0000815a    00000004     rom_sysbios.aem4f : rom_sysbios.obj (.text:ti_sysbios_knl_Clock_isActive__E)
                  0000815e    00000004                       : rom_sysbios.obj (.text:ti_sysbios_knl_Queue_insert__E)
                  00008162    00000004                       : rom_sysbios.obj (.text:ti_sysbios_knl_Task_getArg1__E)
                  00008166    00000004                       : rom_sysbios.obj (.text:ti_sysbios_knl_Task_getEnv__E)
                  0000816a    00000004                       : rom_sysbios.obj (.text:xdc_runtime_SysCallback_defaultReady)
                  0000816e    00000002     --HOLE-- [fill = 0]
                  00008170    00000008     (.tramp.ti_sysbios_knl_Swi_destruct.1)
                  00008178    00000008     (.tramp.ti_sysbios_family_arm_m3_Hwi_enableInterrupt__E.1)
                  00008180    00000008     (.tramp.ti_sysbios_family_arm_m3_Hwi_disableFxn__E.1)
                  00008188    00000008     (.tramp.ti_sysbios_family_arm_m3_Hwi_destruct.1)
                  00008190    00000008     (.tramp.ti_sysbios_BIOS_getCpuFreq__E.1)
                  00008198    00000008     (.tramp.ti_sysbios_knl_Clock_destruct.1)
                  000081a0    00000008     (.tramp.ti_sysbios_knl_Task_self__E.1)
                  000081a8    00000008     (.tramp.ti_sysbios_knl_Semaphore_delete.1)
                  000081b0    00000008     (.tramp.ti_sysbios_knl_Clock_logTick__E.1)
                  000081b8    00000008     (.tramp.ti_sysbios_knl_Swi_post__E.1)
                  000081c0    00000008     (.tramp.ti_sysbios_BIOS_RtsGateProxy_leave__E.1)
                  000081c8    00000008     (.tramp.ti_sysbios_knl_Swi_construct.1)
                  000081d0    00000008     (.tramp.ti_sysbios_BIOS_RtsGateProxy_enter__E.1)
                  000081d8    00000008     (.tramp.ti_sysbios_knl_Task_sleep__E.1)
                  000081e0    00000008     (.tramp.ti_sysbios_knl_Clock_getTicks__E.1)
                  000081e8    00000008     (.tramp.ti_sysbios_knl_Task_delete.1)
                  000081f0    00000008     (.tramp.ti_sysbios_knl_Semaphore_destruct.1)
                  000081f8    00000008     (.tramp.ti_sysbios_knl_Semaphore_create.1)
                  00008200    00000008     (.tramp.ti_sysbios_knl_Task_startup__E.1)
                  00008208    00000008     (.tramp.ti_sysbios_knl_Swi_startup__E.1)
                  00008210    00000008     (.tramp.ti_sysbios_hal_Hwi_startup__E.1)
                  00008218    00000008     (.tramp.ti_sysbios_family_arm_cc26xx_Timer_startup__E.1)
                  00008220    00000008     (.tramp.xdc_runtime_System_atexit__E.1)
                  00008228    00000008     (.tramp.ti_sysbios_BIOS_linkedWithIncorrectBootLibrary__E.1)
                  00008230    00000008     (.tramp.xdc_runtime_Startup_rtsDone__E.1)
                  00008238    00000008     (.tramp.ti_sysbios_BIOS_setThreadType__E.1)
                  00008240    00000008     (.tramp.ti_sysbios_knl_Swi_disable__E.1)
                  00008248    00000008     (.tramp.ti_sysbios_family_arm_m3_Hwi_construct.1)
                  00008250    00000008     (.tramp.ti_sysbios_knl_Swi_Params__init__S.1)
                  00008258    00000008     (.tramp.ti_sysbios_family_arm_m3_Hwi_Params__init__S.1)
                  00008260    00000008     (.tramp.ti_sysbios_knl_Clock_construct.1)
                  00008268    00000008     (.tramp.ti_sysbios_knl_Clock_Params__init__S.1)
                  00008270    00000008     (.tramp.xdc_runtime_System_exit__E.1)
                  00008278    00000008     (.tramp.ti_sysbios_heaps_HeapMem_restore__E.1)
                  00008280    00000008     (.tramp.ti_sysbios_heaps_HeapMem_Object__get__S.1)
                  00008288    00000008     (.tramp.ti_sysbios_BIOS_start__E.1)
                  00008290    00000008     (.tramp.ti_sysbios_knl_Semaphore_post__E.1)
                  00008298    00000008     (.tramp.xdc_runtime_Memory_free__E.1)
                  000082a0    00000008     (.tramp.ti_sysbios_knl_Queue_next__E.1)
                  000082a8    00000008     (.tramp.ti_sysbios_knl_Queue_head__E.1)
                  000082b0    00000008     (.tramp.ti_sysbios_knl_Semaphore_pend__E.1)
                  000082b8    00000008     (.tramp.ti_sysbios_knl_Clock_scheduleNextTick__E.1)
                  000082c0    00000008     (.tramp.ti_sysbios_knl_Clock_walkQueueDynamic__E.1)
                  000082c8    00000008     (.tramp.ti_sysbios_knl_Clock_TimerProxy_getCurrentTick__E.1)
                  000082d0    00000008     (.tramp.ti_sysbios_knl_Task_restore__E.1)
                  000082d8    00000008     (.tramp.ti_sysbios_knl_Queue_enqueue__E.1)
                  000082e0    00000008     (.tramp.ti_sysbios_knl_Queue_empty__E.1)
                  000082e8    00000008     (.tramp.ti_sysbios_knl_Queue_remove__E.1)
                  000082f0    00000008     (.tramp.ti_sysbios_knl_Task_disable__E.1)
                  000082f8    00000008     (.tramp.ti_sysbios_knl_Clock_stop__E.1)
                  00008300    00000008     (.tramp.ti_sysbios_knl_Clock_start__E.1)
                  00008308    00000008     (.tramp.ti_sysbios_knl_Clock_setTimeout__E.1)
                  00008310    00000008     (.tramp.ti_sysbios_knl_Task_create.1)
                  00008318    00000008     (.tramp.ti_sysbios_knl_Semaphore_construct.1)
                  00008320    00000008     (.tramp.ti_sysbios_knl_Semaphore_Params__init__S.1)
                  00008328    00000008     (.tramp.ti_sysbios_knl_Queue_construct.1)
                  00008330    00000008     (.tramp.xdc_runtime_Memory_alloc__E.1)
                  00008338    00000008     (.tramp.ti_sysbios_knl_Task_Params__init__S.1)
                  00008340    00000008     (.tramp.ti_sysbios_knl_Swi_restore__E.1)
                  00008348    00000008     (.tramp.ti_sysbios_family_arm_m3_Hwi_restoreFxn__E.1)

.const     0    00008350    00001c84     
                  00008350    00000800     smartrf_settings.obj (.const:patchGenfskRfe)
                  00008b50    00000524     smartrf_settings.obj (.const:patchImageProp)
                  00009074    00000390     smartrf_settings.obj (.const:patchSimplelinkLrmMce)
                  00009404    00000338     release_pem4f.oem4f (.const:ROM_constStruct)
                  0000973c    000002f8     grlib.a : fontfixed6x8.obj (.const:.string:g_pucFontFixed6x8Data)
                  00009a34    000000c8             : fontfixed6x8.obj (.const:g_sFontFixed6x8)
                  00009afc    00000054     drivers_cc13x2_v1.aem4f : PowerCC26X2.oem4f (.const:resourceDB)
                  00009b50    00000050     CC1352R1_LAUNCHXL.obj (.const:uartCC26XXHWAttrs)
                  00009ba0    00000048     release_pem4f.oem4f (.const:.string)
                  00009be8    00000044     release_pem4f.oem4f (.const:ROM_externFuncPtrs)
                  00009c2c    00000040     CC1352R1_LAUNCHXL.obj (.const:spiCC26XXDMAHWAttrs)
                  00009c6c    00000030     CC1352R1_LAUNCHXL.obj (.const:BoardGpioInitTable)
                  00009c9c    00000028     drivers_cc13x2_v1.aem4f : UARTCC26XX.oem4f (.const:UARTCC26XX_fxnTable)
                  00009cc4    00000024                             : UART.oem4f (.const:UART_defaultParams)
                  00009ce8    00000024     release_pem4f.oem4f (.const:xdc_runtime_Startup_sfxnTab__A)
                  00009d0c    00000020     display.aem4f : DisplaySharp.oem4f (.const:DisplaySharp_fxnTable)
                  00009d2c    00000020                   : DisplayUart.oem4f (.const:DisplayUartMin_fxnTable)
                  00009d4c    00000020     drivers_cc13x2_v1.aem4f : SPI.oem4f (.const:SPI_defaultParams)
                  00009d6c    00000020     display.aem4f : SharpGrLib.oem4f (.const:g_sharpFxns)
                  00009d8c    0000001c     rf_multiMode_cc13x2_v1.aem4f : RFCC26X2_multiMode.oem4f (.const:RF_defaultParams)
                  00009da8    00000018     CC1352R1_LAUNCHXL.obj (.const:Display_config)
                  00009dc0    00000018     drivers_cc13x2_v1.aem4f : SPICC26XXDMA.oem4f (.const:SPICC26XXDMA_fxnTable)
                  00009dd8    00000018     CC1352R1_LAUNCHXL.obj (.const:SPI_config)
                  00009df0    00000018     CC1352R1_LAUNCHXL.obj (.const:UART_config)
                  00009e08    00000018     CC1352R1_LAUNCHXL.obj (.const:displaySharpHWattrs)
                  00009e20    00000018     drivers_cc13x2_v1.aem4f : SPICC26XXDMA.oem4f (.const:frameFormat)
                  00009e38    00000018                             : GPIOCC26XX.oem4f (.const:interruptType)
                  00009e50    00000014     CC1352R1_LAUNCHXL_fxns.obj (.const:$P$T1$2)
                  00009e64    00000014     CC1352R1_LAUNCHXL.obj (.const:GPIOCC26XX_config)
                  00009e78    00000014     CC1352R1_LAUNCHXL.obj (.const:displayUartHWAttrs)
                  00009e8c    00000014     drivers_cc13x2_v1.aem4f : UARTCC26XX.oem4f (.const:parityType)
                  00009ea0    00000012     release_pem4f.oem4f (.const:xdc_runtime_Startup_sfxnRts__A)
                  00009eb2    00000010     display.aem4f : SharpGrLib.oem4f (.const:.string:referse_data)
                  00009ec2    00000010     CC1352R1_LAUNCHXL.obj (.const)
                  00009ed2    00000001     display.aem4f : Display.oem4f (.const:Display_defaultParams)
                  00009ed3    00000001     release_pem4f.oem4f (.const:xdc_runtime_Text_charTab__A)
                  00009ed4    00000010     CC1352R1_LAUNCHXL.obj (.const:PowerCC26X2_config)
                  00009ee4    00000010     drivers_cc13x2_v1.aem4f : UARTCC26XX.oem4f (.const:dataLength)
                  00009ef4    00000010                             : GPIOCC26XX.oem4f (.const:outPinTypes)
                  00009f04    0000000c     CC1352R1_LAUNCHXL.obj (.const:RFCC26XX_hwAttrs)
                  00009f10    0000000c     drivers_cc13x2_v1.aem4f : GPIOCC26XX.oem4f (.const:inPinTypes)
                  00009f1c    0000000c                             : GPIOCC26XX.oem4f (.const:outPinStrengths)
                  00009f28    0000000c     release_pem4f.oem4f (.const:xdc_runtime_Startup_firstFxns__A)
                  00009f34    00000008     driverlib.lib : aux_sysif.obj (.const:$O1$$)
                  00009f3c    00000008     CC1352R1_LAUNCHXL_fxns.obj (.const:$P$T0$1)
                  00009f44    00000008     CC1352R1_LAUNCHXL.obj (.const:PINCC26XX_hwAttrs)
                  00009f4c    00000008     CC1352R1_LAUNCHXL.obj (.const:UDMACC26XX_config)
                  00009f54    00000008     drivers_cc13x2_v1.aem4f : SPICC26XXDMA.oem4f (.const:dmaNullConfig)
                  00009f5c    00000008                             : SPICC26XXDMA.oem4f (.const:dmaRxConfig)
                  00009f64    00000008                             : SPICC26XXDMA.oem4f (.const:dmaTxConfig)
                  00009f6c    00000008                             : SPICC26XXDMA.oem4f (.const:mode)
                  00009f74    00000008                             : UARTCC26XX.oem4f (.const:stopBits)
                  00009f7c    00000008     release_pem4f.oem4f (.const:ti_sysbios_knl_Idle_funcList__A)
                  00009f84    00000008     CC1352R1_LAUNCHXL.obj (.const:udmaHWAttrs)
                  00009f8c    00000006     drivers_cc13x2_v1.aem4f : UARTCC26XX.oem4f (.const:.string:rxFifoBytes)
                  00009f92    00000006                             : UARTCC26XX.oem4f (.const:.string:rxFifoThreshold)
                  00009f98    00000006                             : UARTCC26XX.oem4f (.const:.string:txFifoBytes)
                  00009f9e    00000006                             : UARTCC26XX.oem4f (.const:.string:txFifoThreshold)
                  00009fa4    00000004     release_pem4f.oem4f (.const:ti_sysbios_family_arm_cc26xx_Timer_funcHookCH1__C)
                  00009fa8    00000004     release_pem4f.oem4f (.const:ti_sysbios_family_arm_cc26xx_Timer_funcHookCH2__C)
                  00009fac    00000004     release_pem4f.oem4f (.const:ti_sysbios_family_arm_m3_Hwi_swiDisable__C)
                  00009fb0    00000004     release_pem4f.oem4f (.const:ti_sysbios_family_arm_m3_Hwi_swiRestoreHwi__C)
                  00009fb4    00000004     release_pem4f.oem4f (.const:ti_sysbios_heaps_HeapMem_primaryHeapBaseAddr__C)
                  00009fb8    00000004     release_pem4f.oem4f (.const:ti_sysbios_heaps_HeapMem_primaryHeapEndAddr__C)
                  00009fbc    00000004     release_pem4f.oem4f (.const:ti_sysbios_knl_Clock_tickPeriod__C)
                  00009fc0    00000004     release_pem4f.oem4f (.const:ti_sysbios_knl_Task_Object__heap__C)
                  00009fc4    00000004     release_pem4f.oem4f (.const:xdc_runtime_SysCallback_flushFxn__C)
                  00009fc8    00000004     release_pem4f.oem4f (.const:xdc_runtime_SysCallback_putchFxn__C)
                  00009fcc    00000004     release_pem4f.oem4f (.const:xdc_runtime_SysCallback_readyFxn__C)
                  00009fd0    00000004     release_pem4f.oem4f (.const:xdc_runtime_System_extendFxn__C)

MODULE SUMMARY

       Module                             code    ro data   rw data
       ------                             ----    -------   -------
    ./
       CC1352R1_LAUNCHXL.obj              28      396       2564   
       rfPacketRx.obj                     880     0         380    
       CC1352R1_LAUNCHXL_fxns.obj         384     28        0      
       RFQueue.obj                        268     0         4      
       main_tirtos.obj                    104     0         0      
       ccfg.obj                           0       88        0      
    +--+----------------------------------+-------+---------+---------+
       Total:                             1664    512       2948   
                                                                   
    ./smartrf_settings/
       smartrf_settings.obj               710     4276      225    
    +--+----------------------------------+-------+---------+---------+
       Total:                             710     4276      225    
                                                                   
    /Users/mikael/Code/cc1352-swim-thermo/software/tirtos_builds_CC1352R1_LAUNCHXL_release_ccs/Debug/configPkg/package/cfg/
       release_pem4f.oem4f                830     1147      1834   
    +--+----------------------------------+-------+---------+---------+
       Total:                             830     1147      1834   
                                                                   
    /Applications/ti/ccsv8/tools/compiler/ti-cgt-arm_18.1.3.LTS/lib/rtsv7M4_T_le_v4SPD16_eabi.lib
       fd_add_t2.asm.obj                  438     0         0      
       fd_cmp_t2.asm.obj                  268     0         0      
       fd_mul_t2.asm.obj                  252     0         0      
       memcpy_t2.asm.obj                  156     0         0      
       ull_div_t2.asm.obj                 150     0         0      
       memset_t2.asm.obj                  122     0         0      
       copy_decompress_lzss.c.obj         104     0         0      
       cpy_tbl.c.obj                      76      0         0      
       fd_toi_t2.asm.obj                  72      0         0      
       fd_tou_t2.asm.obj                  68      0         0      
       u_divt2.asm.obj                    64      0         0      
       fs_tod_t2.asm.obj                  56      0         0      
       i_tofd_t2.asm.obj                  46      0         0      
       _lock.c.obj                        26      0         8      
       args_main.c.obj                    24      0         0      
       ll_mul_t2.asm.obj                  24      0         0      
       strlen.c.obj                       20      0         0      
       copy_decompress_none.c.obj         14      0         0      
       copy_zero_init.c.obj               12      0         0      
       stkdepth_vars.c.obj                0       0         4      
       div0.asm.obj                       2       0         0      
    +--+----------------------------------+-------+---------+---------+
       Total:                             1994    0         12     
                                                                   
    /Users/mikael/Code/cc1352-swim-thermo/software/tirtos_builds_CC1352R1_LAUNCHXL_release_ccs/src/sysbios/rom_sysbios.aem4f
       rom_sysbios.obj                    3073    0         136    
    +--+----------------------------------+-------+---------+---------+
       Total:                             3073    0         136    
                                                                   
    /Users/mikael/ti/simplelink_cc13x2_sdk_2_20_00_71/kernel/tirtos/packages/ti/dpl/lib/dpl_cc13x2_v1.aem4f
       PowerCC26X2_tirtos.oem4f           264     0         8      
       ClockP_tirtos.oem4f                150     0         4      
       SemaphoreP_tirtos.oem4f            126     0         0      
       HwiP_tirtos.oem4f                  98      0         0      
       SwiP_tirtos.oem4f                  96      0         0      
       SystemP_tirtos.oem4f               4       0         0      
    +--+----------------------------------+-------+---------+---------+
       Total:                             738     0         12     
                                                                   
    /Users/mikael/ti/simplelink_cc13x2_sdk_2_20_00_71/kernel/tirtos/packages/ti/targets/arm/rtsarm/lib/auto_init.aem4f
       auto_init.oem4f                    160     0         0      
    +--+----------------------------------+-------+---------+---------+
       Total:                             160     0         0      
                                                                   
    /Users/mikael/ti/simplelink_cc13x2_sdk_2_20_00_71/kernel/tirtos/packages/ti/targets/arm/rtsarm/lib/boot.aem4f
       boot.oem4f                         88      0         0      
    +--+----------------------------------+-------+---------+---------+
       Total:                             88      0         0      
                                                                   
    /Users/mikael/ti/simplelink_cc13x2_sdk_2_20_00_71/source/ti/devices/cc13x2_cc26x2_v1/driverlib/bin/ccs/driverlib.lib
       setup.obj                          588     0         0      
       sys_ctrl.obj                       332     0         0      
       setup_rom.obj                      236     0         0      
       osc.obj                            208     0         20     
       rfc.obj                            150     0         0      
       chipinfo.obj                       146     0         0      
       aux_sysif.obj                      52      8         0      
       cpu.obj                            30      0         0      
       driverlib_release.obj              0       0         1      
    +--+----------------------------------+-------+---------+---------+
       Total:                             1742    8         21     
                                                                   
    /Users/mikael/ti/simplelink_cc13x2_sdk_2_20_00_71/source/ti/display/lib/display.aem4f
       SharpGrLib.oem4f                   1112    48        34     
       DisplaySharp.oem4f                 776     32        0      
[...]
1003b681  ti_sysbios_knl_Task_self__E                                          
1003b691  ti_sysbios_gates_GateMutex_leave__E                                  
1003b69f  ti_sysbios_heaps_HeapMem_restore__E                                  
1003b6ad  ti_sysbios_knl_Queue_empty__E                                        
1003b6bb  ti_sysbios_knl_Queue_remove__E                                       
1003b6c9  ti_sysbios_family_arm_cc26xx_TimestampProvider_getFreq__E            
1003b6c9  xdc_runtime_Timestamp_SupportProxy_getFreq__E                        
1003b6c9  xdc_runtime_Timestamp_SupportProxy_getFreq__E__mangled__             
1003b6c9  xdc_runtime_Timestamp_getFreq__E                                     
1003b6c9  xdc_runtime_Timestamp_getFreq__E                                     
1003b6d5  ti_sysbios_family_arm_m3_Hwi_Params__init__S                         
1003b6d5  ti_sysbios_hal_Hwi_HwiProxy_Params__init__S                          
1003b6d5  ti_sysbios_hal_Hwi_HwiProxy_Params__init__S__mangled__               
1003b6e1  ti_sysbios_family_arm_m3_Hwi_disableFxn__E                           
1003b6ed  ti_sysbios_family_arm_m3_Hwi_enableFxn__E                            
1003b6f9  ti_sysbios_gates_GateHwi_enter__E                                    
1003b705  ti_sysbios_BIOS_RtsGateProxy_Params__init__S                         
1003b705  ti_sysbios_BIOS_RtsGateProxy_Params__init__S__mangled__              
1003b705  ti_sysbios_gates_GateMutex_Params__init__S                           
1003b705  ti_sysbios_heaps_HeapMem_Module_GateProxy_Params__init__S            
1003b705  ti_sysbios_heaps_HeapMem_Module_GateProxy_Params__init__S__mangled__ 
1003b711  ti_sysbios_knl_Clock_Params__init__S                                 
1003b71d  ti_sysbios_knl_Clock_getTimerHandle__E                               
1003b729  ti_sysbios_knl_Event_Params__init__S                                 
1003b735  ti_sysbios_knl_Mailbox_Params__init__S                               
1003b741  ti_sysbios_knl_Queue_dequeue__E                                      
1003b74d  ti_sysbios_knl_Queue_enqueue__E                                      
1003b759  ti_sysbios_knl_Semaphore_Params__init__S                             
1003b765  ti_sysbios_knl_Swi_Params__init__S                                   
1003b771  ti_sysbios_knl_Task_Params__init__S                                  
1003b77d  ti_sysbios_hal_Hwi_Instance_finalize__E                              
1003b787  ti_sysbios_knl_Event_Instance_init__E                                
1003b791  ti_sysbios_family_arm_m3_Hwi_doSwiRestore__I                         
1003b799  ti_sysbios_family_arm_m3_Hwi_startup__E                              
1003b799  ti_sysbios_hal_Hwi_HwiProxy_startup__E                               
1003b799  ti_sysbios_hal_Hwi_HwiProxy_startup__E__mangled__                    
1003b799  ti_sysbios_hal_Hwi_startup__E                                        
1003b799  ti_sysbios_hal_Hwi_startup__E                                        
1003b7a1  ti_sysbios_knl_Idle_loop__E                                          
1003b7a9  ti_sysbios_family_arm_m3_Hwi_doTaskRestore__I                        
1003b7af  HwiP_restore                                                         
1003b7af  ti_sysbios_family_arm_m3_Hwi_restoreFxn__E                           
1003b7b5  ti_sysbios_gates_GateHwi_leave__E                                    
1003b7bb  ti_sysbios_gates_GateMutex_Instance_finalize__E                      
1003b7c1  ti_sysbios_heaps_HeapMem_isBlocking__E                               
1003b7c7  ti_sysbios_knl_Queue_Instance_init__E                                
1003b7cd  ti_sysbios_knl_Queue_elemClear__E                                    
1003b7d3  ti_sysbios_knl_Swi_startup__E                                        
1003b7d9  ti_sysbios_knl_Task_enable__E                                        
1003b7df  ti_sysbios_BIOS_RtsGateProxy_enter__E                                
1003b7e3  ti_sysbios_BIOS_RtsGateProxy_leave__E                                
1003b7e7  ti_sysbios_family_arm_cc26xx_Timer_getExpiredTicks__E                
1003b7eb  ti_sysbios_family_arm_cc26xx_Timer_getPeriod__E                      
1003b7ef  ti_sysbios_family_arm_cc26xx_Timer_setPeriod__E                      
1003b7f3  ti_sysbios_family_arm_m3_Hwi_delete                                  
1003b7f7  ti_sysbios_family_arm_m3_Hwi_destruct                                
1003b7fb  ti_sysbios_family_arm_m3_TaskSupport_Module__startupDone__S          
1003b7fb  ti_sysbios_knl_Task_SupportProxy_Module__startupDone__S              
1003b7fb  ti_sysbios_knl_Task_SupportProxy_Module__startupDone__S__mangled__   
1003b7ff  ti_sysbios_gates_GateHwi_query__E                                    
1003b7ff  xdc_runtime_Main_Module_GateProxy_query__E                           
1003b7ff  xdc_runtime_System_Module_GateProxy_query__E                         
1003b7ff  xdc_runtime_System_Module_GateProxy_query__E__mangled__              
1003b803  ti_sysbios_gates_GateMutex_delete                                    
1003b807  ti_sysbios_gates_GateMutex_destruct                                  
1003b80b  ti_sysbios_BIOS_RtsGateProxy_query__E                                
1003b80b  ti_sysbios_BIOS_RtsGateProxy_query__E__mangled__                     
1003b80b  ti_sysbios_gates_GateMutex_query__E                                  
1003b80b  ti_sysbios_heaps_HeapMem_Module_GateProxy_query__E                   
1003b80b  ti_sysbios_heaps_HeapMem_Module_GateProxy_query__E__mangled__        
1003b80f  ti_sysbios_hal_Hwi_HwiProxy_delete                                   
1003b813  ti_sysbios_hal_Hwi_delete                                            
1003b817  ti_sysbios_heaps_HeapMem_Module_GateProxy_enter__E                   
1003b81b  ti_sysbios_heaps_HeapMem_Module_GateProxy_leave__E                   
1003b81f  ti_sysbios_knl_Clock_TimerProxy_getExpiredTicks__E                   
1003b823  ti_sysbios_knl_Clock_TimerProxy_getPeriod__E                         
1003b827  ti_sysbios_knl_Clock_delete                                          
1003b82b  ti_sysbios_knl_Clock_destruct                                        
1003b82f  ti_sysbios_knl_Clock_removeI__E                                      
1003b833  ti_sysbios_knl_Clock_setTimeout__E                                   
1003b837  ti_sysbios_knl_Event_delete                                          
1003b83b  ti_sysbios_knl_Event_destruct                                        
1003b83f  ti_sysbios_knl_Mailbox_delete                                        
1003b843  ti_sysbios_knl_Mailbox_destruct                                      
1003b847  ti_sysbios_knl_Queue_delete                                          
1003b84b  ti_sysbios_knl_Queue_destruct                                        
1003b84f  ti_sysbios_knl_Queue_head__E                                         
1003b853  ti_sysbios_knl_Queue_next__E                                         
1003b857  ti_sysbios_knl_Semaphore_delete                                      
1003b85b  ti_sysbios_knl_Semaphore_destruct                                    
1003b85f  ti_sysbios_knl_Swi_delete                                            
1003b863  ti_sysbios_knl_Swi_destruct                                          
1003b867  ti_sysbios_knl_Swi_postInit__I                                       
1003b86b  ti_sysbios_knl_Task_delete                                           
1003b86f  ti_sysbios_knl_Task_destruct                                         
1003b873  ti_sysbios_knl_Task_startup__E                                       
1003b879  xdc_runtime_Startup_startMods__I                                     
1003ba31  xdc_runtime_Core_createObject__I                                     
1003bab1  xdc_runtime_Memory_alloc__E                                          
1003bb21  xdc_runtime_Core_deleteObject__I                                     
1003bb7f  xdc_runtime_Error_policySpin__E                                      
1003bb81  xdc_runtime_Assert_raise__I                                          
1003bbd5  xdc_runtime_Startup_exec__E                                          
1003bc29  xdc_runtime_System_atexit__E                                         
1003bc75  xdc_runtime_Core_assignParams__I                                     
1003bcbd  xdc_runtime_Core_constructObject__I                                  
1003bd4d  xdc_runtime_System_processAtExit__E                                  
1003bd8d  xdc_runtime_Core_assignLabel__I                                      
1003bdbd  xdc_runtime_Text_cordText__E                                         
1003bde9  xdc_runtime_System_abort__E                                          
1003be11  xdc_runtime_Error_raiseX__E                                          
1003be31  xdc_runtime_Error_check__E                                           
1003be4d  xdc_runtime_Memory_valloc__E                                         
1003be69  xdc_runtime_System_exit__E                                           
1003be85  xdc_runtime_Text_ropeText__E                                         
1003bea1  xdc_runtime_Core_destructObject__I                                   
1003beb9  xdc_runtime_Memory_free__E                                           
1003becd  xdc_runtime_SysCallback_abort__E                                     
1003becd  xdc_runtime_System_SupportProxy_abort__E                             
1003bee1  xdc_runtime_SysCallback_exit__E                                      
1003bee1  xdc_runtime_System_SupportProxy_exit__E                              
1003bef5  xdc_runtime_Memory_getMaxDefaultTypeAlign__E                         
1003bf35  xdc_runtime_Timestamp_SupportProxy_get32__E                          
1003bf35  xdc_runtime_Timestamp_get32__E                                       
1003bf35  xdc_runtime_Timestamp_get32__E                                       
1003bf51  xdc_runtime_Memory_calloc__E                                         
1003bf5d  xdc_runtime_Startup_rtsDone__E                                       
1003bf69  xdc_runtime_Memory_HeapProxy_alloc__E                                
1003bf73  xdc_runtime_Memory_HeapProxy_free__E                                 
1003bf7d  xdc_runtime_Gate_leaveSystem__E                                      
1003bf83  xdc_runtime_System_Module_startup__E                                 
1003bf89  xdc_runtime_Gate_enterSystem__E                                      
1003bf8d  xdc_runtime_SysCallback_Module__startupDone__S                       
1003bf8d  xdc_runtime_System_SupportProxy_Module__startupDone__S               
1003bf91  xdc_runtime_System_Module_GateProxy_enter__E                         
1003bf95  xdc_runtime_System_Module_GateProxy_leave__E                         
1003bf99  xdc_runtime_System_abortSpin__E                                      
1003bf9b  xdc_runtime_System_exitSpin__E                                       
1003bf9d  ti_sysbios_family_arm_m3_Hwi_dispatch__I                             
1003c095  ti_sysbios_family_arm_m3_TaskSupport_buildTaskStack                  
1003c121  ti_sysbios_family_arm_m3_Hwi_initStacks__E                           
1003c179  ti_sysbios_family_arm_m3_Hwi_pendSV__I                               
1003c19d  ti_sysbios_family_arm_m3_Hwi_return                                  
1003c1a1  ti_sysbios_family_arm_m3_Hwi_excHandlerAsm__I                        
1003c1c1  ti_sysbios_family_xxx_Hwi_switchAndRunFunc                           
1003c1df  ti_sysbios_family_arm_m3_TaskSupport_swap__E                         
1003c1df  ti_sysbios_knl_Task_SupportProxy_swap__E                             
1003c1df  ti_sysbios_knl_Task_SupportProxy_swap__E__mangled__                  
1003c1eb  ti_sysbios_knl_Task_swapReturn                                       
1003c1f7  ti_sysbios_family_arm_m3_TaskSupport_glue                            
1003c208  ti_sysbios_knl_Task_Object__PARAMS__C                                
1003c244  ti_sysbios_knl_Mailbox_Object__PARAMS__C                             
1003c278  ti_sysbios_family_arm_m3_Hwi_Object__PARAMS__C                       
1003c2a8  ti_sysbios_hal_Hwi_Object__PARAMS__C                                 
1003c2d4  ti_sysbios_knl_Swi_Object__PARAMS__C                                 
1003c2fc  ti_sysbios_heaps_HeapMem_Object__PARAMS__C                           
1003c320  ti_sysbios_knl_Clock_Object__PARAMS__C                               
1003c344  ti_sysbios_knl_Semaphore_Object__PARAMS__C                           
1003c368  ti_sysbios_gates_GateHwi_Object__PARAMS__C                           
1003c380  ti_sysbios_gates_GateMutex_Object__PARAMS__C                         
1003c398  ti_sysbios_knl_Event_Object__PARAMS__C                               
1003c3b0  ti_sysbios_knl_Queue_Object__PARAMS__C                               
20000000  ti_sysbios_family_arm_m3_Hwi_ramVectors                              
20000100  xdcRomConstPtr                                                       
20000104  xdcRomExternFuncPtr                                                  
20000108  xdcRomStatePtr                                                       
20000590  uartCC26XXObjects                                                    
200007e0  ti_sysbios_knl_Task_Instance_State_0_stack__A                        
200009e0  spiCC26XXDMAObjects                                                  
20000d68  ti_sysbios_family_arm_m3_Hwi_dispatchTable                           
20000f88  pinHandleTable                                                       
200010c8  displaySharpObject                                                   
2000110c  uartCC26XXRingBuffer                                                 
200012bc  udmaObjects                                                          
20001408  displayUartObject                                                    
2000142c  ClockP_tickPeriod                                                    
20001430  PowerCC26XX_swiKey                                                   
20001434  PowerCC26XX_taskKey                                                  
20001438  readEntry                                                            
2000143c  driverlib_release_0_51995                                            
20001920  __primary_heap_start__                                               
20002920  ROM_stateStruct                                                      
20002920  __primary_heap_end__                                                 
20002920  ti_sysbios_knl_Clock_Module__state__V                                
2000294c  ti_sysbios_family_arm_cc26xx_TimestampProvider_Module__state__V      
20002950  xdc_runtime_Startup_Module__state__V                                 
20002958  ti_sysbios_BIOS_Module__state__V                                     
2000297c  ti_sysbios_knl_Swi_Module__state__V                                  
20002998  ti_sysbios_knl_Task_Module__state__V                                 
200029dc  xdc_runtime_Memory_Module__state__V                                  
200029e0  xdc_runtime_System_Module__state__V                                  
200029e8  ti_sysbios_family_arm_m3_Hwi_Module__state__V                        
20002a1c  xdc_runtime_Error_Module__state__V                                   
20002a20  ti_sysbios_family_arm_cc26xx_Timer_Module__state__V                  
20002a28  PowerCC26X2_module                                                   
20002b78  pOverrides                                                           
20002be4  ti_sysbios_gates_GateMutex_Object__table__V                          
20002c38  ti_sysbios_knl_Task_Object__table__V                                 
20002c88  ti_sysbios_family_arm_cc26xx_Timer_Object__table__V                  
20002cd0  ti_sysbios_knl_Swi_Module_State_0_readyQ__A                          
20002d00  ti_sysbios_knl_Swi_Object__table__V                                  
20002d30  ti_sysbios_knl_Task_Module_State_0_readyQ__A                         
20002d60  gpioPinConfigs                                                       
20002d8c  RF_cmdPropRadioDivSetup                                              
20002db4  RF_cmdPropRx                                                         
20002dd8  ti_sysbios_knl_Clock_Object__table__V                                
20002df8  xdc_runtime_Error_IgnoreBlock                                        
20002e18  RF_cmdFs                                                             
20002e30  ti_sysbios_family_arm_m3_Hwi_Object__table__V                        
20002e48  ti_sysbios_heaps_HeapMem_Object__table__V                            
20002e60  RF_prop                                                              
20002e70  gpioCallbackFunctions                                                
20002e80  pinTable                                                             
20002e8c  _lock                                                                
20002e90  _unlock                                                              
20002e94  pinUpperBound                                                        
20002e98  pinLowerBound                                                        
20002e9c  rx_n                                                                 
20002ea0  rx_timestamp_ms                                                      
20002ea4  ti_sysbios_family_arm_cc26xx_Seconds_Module__state__V                
20002eac  ti_sysbios_family_arm_m3_Hwi_Module__root__V                         
20002eb4  ti_sysbios_gates_GateHwi_Module__root__V                             
20002ebc  ti_sysbios_gates_GateMutex_Module__root__V                           
20002ec4  ti_sysbios_hal_Hwi_Module__root__V                                   
20002ecc  ti_sysbios_heaps_HeapMem_Module__root__V                             
20002ed4  ti_sysbios_knl_Clock_Module__root__V                                 
20002edc  ti_sysbios_knl_Event_Module__root__V                                 
20002ee4  ti_sysbios_knl_Mailbox_Module__root__V                               
20002eec  ti_sysbios_knl_Queue_Module__root__V                                 
20002ef4  ti_sysbios_knl_Semaphore_Module__root__V                             
20002efc  ti_sysbios_knl_Swi_Module__root__V                                   
20002f04  ti_sysbios_knl_Task_Module__root__V                                  
20002f0c  xdc_runtime_System_Module_State_0_atexitHandlers__A                  
20002f1c  main_func_sp                                                         
20002f20  ti_sysbios_family_arm_m3_Hwi_Module_State_0_excContext__A            
20002f24  ti_sysbios_family_arm_m3_Hwi_Module_State_0_excStack__A              
20002f28  ti_sysbios_knl_Task_Module_State_0_idleTask__A                       
20002f2c  ti_sysbios_family_arm_m3_Hwi_Module_State_0_excActive__A             
20013c00  __stack                                                              
20014000  __STACK_END                                                          
e000e000  ti_sysbios_family_arm_m3_Hwi_nvic                                    
ffffffff  __TI_pprof_out_hndl                                                  
ffffffff  __TI_prof_data_size                                                  
ffffffff  __TI_prof_data_start                                                 
ffffffff  __binit__                                                            
ffffffff  __c_args__                                                           
ffffffff  binit                                                                
UNDEFED   SHT$$INIT_ARRAY$$Base                                                
UNDEFED   SHT$$INIT_ARRAY$$Limit                                               

[943 symbols]
