******************************************************************************
                  TI ARM Linker Unix v18.1.3                   
******************************************************************************
>> Linked Sun Sep  2 20:38:18 2018

OUTPUT FILE NAME:   <rfPacketRx_CC1352R1_LAUNCHXL_tirtos_ccs.out>
ENTRY POINT SYMBOL: "ResetISR"  address: 00005189


MEMORY CONFIGURATION

         name            origin    length      used     unused   attr    fill
----------------------  --------  ---------  --------  --------  ----  --------
  FLASH                 00000000   00058000  0000916c  0004ee94  R  X
  GPRAM                 11000000   00002000  00000000  00002000  RW X
  SRAM                  20000000   00014000  00002727  000118d9  RW X


SEGMENT ALLOCATION MAP

run origin  load origin   length   init length attrs members
----------  ----------- ---------- ----------- ----- -------
00000000    00000000    00009118   00009118    r-x
  00000000    00000000    0000003c   0000003c    r-- .resetVecs
  0000003c    0000003c    00006ea8   00006ea8    r-x .text
  00006ee4    00006ee4    00001f50   00001f50    r-- .const
  00008e38    00008e38    000002e0   000002e0    r-- .cinit
00057fa8    00057fa8    00000058   00000058    r--
  00057fa8    00057fa8    00000058   00000058    r-- .ccfg
20000100    20000100    0000000c   00000000    rw-
  20000100    20000100    00000004   00000000    rw- .data:xdcRomConstPtr
  20000104    20000104    00000004   00000000    rw- .data:xdcRomExternFuncPtr
  20000108    20000108    00000004   00000000    rw- .data:xdcRomStatePtr
20000110    20000110    00001000   00000000    r--
  20000110    20000110    00001000   00000000    r-- .priheap
20001110    20001110    00001247   00000000    rw-
  20001110    20001110    00000ac4   00000000    rw- .bss
  20001bd8    20001bd8    0000077f   00000000    rw- .data
20013c00    20013c00    00000400   00000000    rw-
  20013c00    20013c00    00000400   00000000    rw- .stack


SECTION ALLOCATION MAP

 output                                  attributes/
section   page    origin      length       input sections
--------  ----  ----------  ----------   ----------------
.binit     0    00000000    00000000     

.cinit     0    00008e38    000002e0     
                  00008e38    00000287     (.cinit..data.load) [load image, compression = lzss]
                  000090bf    00000001     --HOLE-- [fill = 0]
                  000090c0    0000000c     (__TI_handler_table)
                  000090cc    00000004     --HOLE-- [fill = 0]
                  000090d0    00000008     (.cinit..bss.load) [load image, compression = zero_init]
                  000090d8    00000008     (.cinit..data:xdcRomConstPtr.load) [load image, compression = lzss]
                  000090e0    00000008     (.cinit..data:xdcRomExternFuncPtr.load) [load image, compression = lzss]
                  000090e8    00000008     (.cinit..data:xdcRomStatePtr.load) [load image, compression = lzss]
                  000090f0    00000028     (__TI_cinit_table)

.init_array 
*          0    00000000    00000000     UNINITIALIZED

.ccfg      0    00057fa8    00000058     
                  00057fa8    00000058     ccfg.obj (.ccfg:retain)

.bss       0    20001110    00000ac4     UNINITIALIZED
                  20001110    00000200     release_pem4f.oem4f (.bss:taskStackSection)
                  20001310    000001c0     rf_multiMode_cc13x2_v1.aem4f : RFCC26X2_multiMode.oem4f (.bss:RF_cmdPool)
                  200014d0    00000120     rtsv7M4_T_le_v4SPD16_eabi.lib : trgmsg.c.obj (.bss:_CIOBUF_)
                  200015f0    000000d8     (.common:ti_sysbios_family_arm_m3_Hwi_dispatchTable)
                  200016c8    000000c8     rfPacketRx.obj (.bss:rfObject)
                  20001790    000000a0     (.common:__TI_tmpnams)
                  20001830    0000007c     (.common:pinHandleTable)
                  200018ac    00000004     drivers_cc13x2_v1.aem4f : PINCC26XX.oem4f (.bss)
                  200018b0    00000068     rf_multiMode_cc13x2_v1.aem4f : RFCC26X2_multiMode.oem4f (.bss:RF_ratModule)
                  20001918    00000058     rfPacketRx.obj (.bss:rxDataEntryBuffer)
                  20001970    00000034     rf_multiMode_cc13x2_v1.aem4f : RFCC26X2_multiMode.oem4f (.bss:RF_swiFsmObj)
                  200019a4    00000034                                  : RFCC26X2_multiMode.oem4f (.bss:RF_swiHwObj)
                  200019d8    00000034     drivers_cc13x2_v1.aem4f : PINCC26XX.oem4f (.bss:pinSwi)
                  20001a0c    00000030     rf_multiMode_cc13x2_v1.aem4f : RFCC26X2_multiMode.oem4f (.bss:RF_Sch)
                  20001a3c    00000024                                  : RFCC26X2_multiMode.oem4f (.bss:RF_clkPowerUpObj)
                  20001a60    00000020                                  : RFCC26X2_multiMode.oem4f (.bss:RF_cmdQ)
                  20001a80    00000020     rfPacketRx.obj (.bss:packet)
                  20001aa0    00000020     drivers_cc13x2_v1.aem4f : PINCC26XX.oem4f (.bss:pinGpioConfigTable)
                  20001ac0    0000001c     rf_multiMode_cc13x2_v1.aem4f : RFCC26X2_multiMode.oem4f (.bss:RF_hwiCpe0Obj)
                  20001adc    0000001c                                  : RFCC26X2_multiMode.oem4f (.bss:RF_hwiHwObj)
                  20001af8    0000001c     drivers_cc13x2_v1.aem4f : PINCC26XX.oem4f (.bss:pinHwi)
                  20001b14    0000001c                             : PINCC26XX.oem4f (.bss:pinSemaphore)
                  20001b30    00000016     rf_multiMode_cc13x2_v1.aem4f : RFCC26X2_multiMode.oem4f (.bss)
                  20001b46    00000001     (.common:driverlib_release_0_51995)
                  20001b47    00000001     --HOLE--
                  20001b48    00000014                                  : RFCC26X2_multiMode.oem4f (.bss:RF_ratSyncCmd)
                  20001b5c    00000014                                  : RFCC26X2_multiMode.oem4f (.bss:RF_wakeupNotifyObj)
                  20001b70    00000014     driverlib.lib : osc.obj (.bss:oscHfGlobals)
                  20001b84    00000014     rfPacketRx.obj (.bss)
                  20001b98    00000010     rf_multiMode_cc13x2_v1.aem4f : RFCC26X2_multiMode.oem4f (.bss:RF_core)
                  20001ba8    0000000c     rfPacketRx.obj (.bss:ledPinState)
                  20001bb4    00000008     rfPacketRx.obj (.bss:dataQueue)
                  20001bbc    00000008     (.common:parmbuf)
                  20001bc4    00000004     (.common:ClockP_tickPeriod)
                  20001bc8    00000004     (.common:PowerCC26XX_swiKey)
                  20001bcc    00000004     (.common:PowerCC26XX_taskKey)
                  20001bd0    00000004     (.common:readEntry)

.data      0    20001bd8    0000077f     UNINITIALIZED
                  20001bd8    00000108     release_pem4f.oem4f (.data:ROM_stateStruct)
                  20001ce0    000000f0     rtsv7M4_T_le_v4SPD16_eabi.lib : defs.c.obj (.data:_ftable)
                  20001dd0    000000c8     drivers_cc13x2_v1.aem4f : PowerCC26X2.oem4f (.data:PowerCC26X2_module)
                  20001e98    00000088     rom_sysbios.aem4f : rom_sysbios.obj (.data:$O1$$)
                  20001f20    00000078     rtsv7M4_T_le_v4SPD16_eabi.lib : write.c.obj (.data:_device)
                  20001f98    00000060     smartrf_settings.obj (.data:pOverrides)
                  20001ff8    00000054     release_pem4f.oem4f (.data:ti_sysbios_gates_GateMutex_Object__table__V)
                  2000204c    00000050     rtsv7M4_T_le_v4SPD16_eabi.lib : write.c.obj (.data:_stream)
                  2000209c    0000004c     release_pem4f.oem4f (.data:ti_sysbios_knl_Task_Object__table__V)
                  200020e8    00000048     release_pem4f.oem4f (.data:ti_sysbios_family_arm_cc26xx_Timer_Object__table__V)
                  20002130    00000030     release_pem4f.oem4f (.data:ti_sysbios_knl_Swi_Module_State_0_readyQ__A)
                  20002160    00000030     release_pem4f.oem4f (.data:ti_sysbios_knl_Swi_Object__table__V)
                  20002190    00000030     release_pem4f.oem4f (.data:ti_sysbios_knl_Task_Module_State_0_readyQ__A)
                  200021c0    00000028     smartrf_settings.obj (.data:RF_cmdPropRadioDivSetup)
                  200021e8    00000024     smartrf_settings.obj (.data:RF_cmdPropRx)
                  2000220c    00000020     release_pem4f.oem4f (.data:ti_sysbios_knl_Clock_Object__table__V)
                  2000222c    00000020     release_pem4f.oem4f (.data:xdc_runtime_Error_IgnoreBlock)
                  2000224c    00000018     smartrf_settings.obj (.data:RF_cmdFs)
                  20002264    00000018     release_pem4f.oem4f (.data:ti_sysbios_family_arm_m3_Hwi_Object__table__V)
                  2000227c    00000018     release_pem4f.oem4f (.data:ti_sysbios_heaps_HeapMem_Object__table__V)
                  20002294    00000010     smartrf_settings.obj (.data:RF_prop)
                  200022a4    00000010     rtsv7M4_T_le_v4SPD16_eabi.lib : defs.c.obj (.data)
                  200022b4    0000000c                                   : exit.c.obj (.data:$O1$$)
                  200022c0    0000000c     rfPacketRx.obj (.data:pinTable)
                  200022cc    00000008     rtsv7M4_T_le_v4SPD16_eabi.lib : _lock.c.obj (.data:$O1$$)
                  200022d4    00000008     drivers_cc13x2_v1.aem4f : PINCC26XX.oem4f (.data)
                  200022dc    00000008     release_pem4f.oem4f (.data:ti_sysbios_family_arm_m3_Hwi_Module__root__V)
                  200022e4    00000008     release_pem4f.oem4f (.data:ti_sysbios_gates_GateHwi_Module__root__V)
                  200022ec    00000008     release_pem4f.oem4f (.data:ti_sysbios_gates_GateMutex_Module__root__V)
                  200022f4    00000008     release_pem4f.oem4f (.data:ti_sysbios_hal_Hwi_Module__root__V)
                  200022fc    00000008     release_pem4f.oem4f (.data:ti_sysbios_heaps_HeapMem_Module__root__V)
                  20002304    00000008     release_pem4f.oem4f (.data:ti_sysbios_knl_Clock_Module__root__V)
                  2000230c    00000008     release_pem4f.oem4f (.data:ti_sysbios_knl_Event_Module__root__V)
                  20002314    00000008     release_pem4f.oem4f (.data:ti_sysbios_knl_Mailbox_Module__root__V)
                  2000231c    00000008     release_pem4f.oem4f (.data:ti_sysbios_knl_Queue_Module__root__V)
                  20002324    00000008     release_pem4f.oem4f (.data:ti_sysbios_knl_Semaphore_Module__root__V)
                  2000232c    00000008     release_pem4f.oem4f (.data:ti_sysbios_knl_Swi_Module__root__V)
                  20002334    00000008     release_pem4f.oem4f (.data:ti_sysbios_knl_Task_Module__root__V)
                  2000233c    00000008     release_pem4f.oem4f (.data:xdc_runtime_System_Module_State_0_atexitHandlers__A)
                  20002344    00000004     rtsv7M4_T_le_v4SPD16_eabi.lib : stkdepth_vars.c.obj (.data)
                  20002348    00000004     release_pem4f.oem4f (.data:ti_sysbios_family_arm_m3_Hwi_Module_State_0_excContext__A)
                  2000234c    00000004     release_pem4f.oem4f (.data:ti_sysbios_family_arm_m3_Hwi_Module_State_0_excStack__A)
                  20002350    00000004     release_pem4f.oem4f (.data:ti_sysbios_knl_Task_Module_State_0_idleTask__A)
                  20002354    00000002     release_pem4f.oem4f (.data:ti_sysbios_family_arm_m3_Hwi_Module_State_0_excActive__A)
                  20002356    00000001     smartrf_settings.obj (.data)

.stack     0    20013c00    00000400     UNINITIALIZED
                  20013c00    00000400     --HOLE--

.priheap   0    20000110    00001000     UNINITIALIZED
                  20000110    00001000     --HOLE--

.data:xdcRomConstPtr 
*          0    20000100    00000004     UNINITIALIZED
                  20000100    00000004     release_pem4f.oem4f (.data:xdcRomConstPtr)

.data:xdcRomExternFuncPtr 
*          0    20000104    00000004     UNINITIALIZED
                  20000104    00000004     release_pem4f.oem4f (.data:xdcRomExternFuncPtr)

.data:xdcRomStatePtr 
*          0    20000108    00000004     UNINITIALIZED
                  20000108    00000004     release_pem4f.oem4f (.data:xdcRomStatePtr)

.bootVecs 
*          0    00000000    00000008     DSECT
                  00000000    00000008     boot.aem4f : boot.oem4f (.bootVecs)

.resetVecs 
*          0    00000000    0000003c     
                  00000000    0000003c     release_pem4f.oem4f (.resetVecs)

.vecs      0    20000000    000000d8     NOLOAD SECTION
                  20000000    000000d8     release_pem4f.oem4f (.vecs)

xdc.meta   0    00000000    0000011b     COPY SECTION
                  00000000    0000011b     release_pem4f.oem4f (xdc.meta)

xdc.noload 
*          0    00000000    00000000     COPY SECTION

.text      0    0000003c    00006ea8     
                  0000003c    00000a5e     rtsv7M4_T_le_v4SPD16_eabi.lib : _printfi.c.obj (.text:__TI_printfi)
                  00000a9a    00000002     driverlib.lib : rfc.obj (.text:NOROM_RFCCpePatchReset)
                  00000a9c    000002f8     rf_multiMode_cc13x2_v1.aem4f : RFCC26X2_multiMode.oem4f (.text:RF_fsmActiveState)
                  00000d94    00000270     rtsv7M4_T_le_v4SPD16_eabi.lib : _printfi.c.obj (.text:_pconv_a)
                  00001004    000001d0                                   : _printfi.c.obj (.text:_pconv_g)
                  000011d4    000001c0     drivers_cc13x2_v1.aem4f : PINCC26XX.oem4f (.text:PIN_init)
                  00001394    000001b6     rtsv7M4_T_le_v4SPD16_eabi.lib : fd_add_t2.asm.obj (.text)
                  0000154a    00000002     rf_multiMode_cc13x2_v1.aem4f : RFCC26X2_multiMode.oem4f (.text:RF_defaultCallback)
                  0000154c    000001a4     drivers_cc13x2_v1.aem4f : PowerCC26X2.oem4f (.text:Power_sleep)
                  000016f0    0000019c     rfPacketRx.obj (.text:mainThread)
                  0000188c    00000194     drivers_cc13x2_v1.aem4f : PowerCC26X2_calibrateRCOSC.oem4f (.text:runCalibrateFsm)
                  00001a20    00000170     rf_multiMode_cc13x2_v1.aem4f : RFCC26X2_multiMode.oem4f (.text:RF_fsmSetupState)
                  00001b90    0000015c     drivers_cc13x2_v1.aem4f : PowerCC26X2_calibrateRCOSC.oem4f (.text:calibrateRcoscHf1)
                  00001cec    0000013c     rtsv7M4_T_le_v4SPD16_eabi.lib : _printfi.c.obj (.text:_pconv_e)
                  00001e28    00000136                                   : fd_div_t2.asm.obj (.text)
                  00001f5e    00000002                                   : _lock.c.obj (.text:_nop)
                  00001f60    00000134     driverlib.lib : setup.obj (.text:TrimAfterColdResetWakeupFromShutDown)
                  00002094    00000130     drivers_cc13x2_v1.aem4f : PowerCC26X2.oem4f (.text:Power_init)
                  000021c4    00000128     rf_multiMode_cc13x2_v1.aem4f : RFCC26X2_multiMode.oem4f (.text:RF_fsmChangePhyState)
                  000022ec    00000124                                  : RFCC26X2_multiMode.oem4f (.text:RF_init)
                  00002410    00000120     rtsv7M4_T_le_v4SPD16_eabi.lib : _printfi.c.obj (.text:fcvt)
                  00002530    00000118     driverlib.lib : sys_ctrl.obj (.text:NOROM_SysCtrlStandby)
                  00002648    00000114     rf_multiMode_cc13x2_v1.aem4f : RFCC26X2_multiMode.oem4f (.text:RF_radioOpDoneCb)
                  0000275c    00000114     rtsv7M4_T_le_v4SPD16_eabi.lib : fputs.c.obj (.text:fputs)
                  00002870    00000114     smartrf_settings.obj (.text:rf_patch_mce_genfsk)
                  00002984    00000110     rtsv7M4_T_le_v4SPD16_eabi.lib : s_scalbn.c.obj (.text:scalbn)
                  00002a94    00000104     rf_multiMode_cc13x2_v1.aem4f : RFCC26X2_multiMode.oem4f (.text:RF_open)
                  00002b98    00000100                                  : RFCC26X2_multiMode.oem4f (.text:RF_fsmPowerUpState)
                  00002c98    000000fc     rtsv7M4_T_le_v4SPD16_eabi.lib : fd_mul_t2.asm.obj (.text)
                  00002d94    000000f0     rf_multiMode_cc13x2_v1.aem4f : RFCC26X2_multiMode.oem4f (.text:RF_pendCmd)
                  00002e84    000000e4     smartrf_settings.obj (.text:configureMultiProtocolPatch)
                  00002f68    000000e4     rom_sysbios.aem4f : rom_sysbios.obj (.text:pthread_create)
                  0000304c    000000e0     drivers_cc13x2_v1.aem4f : PINCC26XX.oem4f (.text:PINCC26XX_setIoCfg)
                  0000312c    000000e0     RFQueue.obj (.text:RFQueue_defineQueue)
                  0000320c    000000dc     rtsv7M4_T_le_v4SPD16_eabi.lib : setvbuf.c.obj (.text:setvbuf)
                  000032e8    000000d8     rf_multiMode_cc13x2_v1.aem4f : RFCC26X2_multiMode.oem4f (.text:RF_dispatchNextCmd)
                  000033c0    000000d4                                  : RFCC26X2_multiMode.oem4f (.text:RF_swiHw)
                  00003494    000000c8     drivers_cc13x2_v1.aem4f : PowerCC26X2.oem4f (.text:Power_releaseDependency)
                  0000355c    000000c4                             : PowerCC26X2.oem4f (.text:Power_setDependency)
                  00003620    000000c4     smartrf_settings.obj (.text:rf_patch_rfe_genfsk)
                  000036e4    000000bc     rf_multiMode_cc13x2_v1.aem4f : RFCC26X2_multiMode.oem4f (.text:RF_hwiCpe0Active)
                  000037a0    000000b4     dpl_cc13x2_v1.aem4f : PowerCC26X2_tirtos.oem4f (.text:PowerCC26XX_standbyPolicy)
                  00003854    000000b1     rtsv7M4_T_le_v4SPD16_eabi.lib : _printfi.c.obj (.text:_ltostr)
                  00003905    00000001     --HOLE-- [fill = 0]
                  00003906    00000002     drivers_cc13x2_v1.aem4f : PowerCC26X2.oem4f (.text:emptyClockFunc)
                  00003908    000000b0     rf_multiMode_cc13x2_v1.aem4f : RFCC26X2_multiMode.oem4f (.text:RF_corePowerDown)
                  000039b8    000000a4     rfPacketRx.obj (.text:callback)
                  00003a5c    000000a0     rf_multiMode_cc13x2_v1.aem4f : RFCC26X2_multiMode.oem4f (.text:RF_postCmd)
                  00003afc    000000a0     auto_init.aem4f : auto_init.oem4f (.text)
                  00003b9c    000000a0     rom_sysbios.aem4f : rom_sysbios.obj (.text:ti_sysbios_knl_Task_setPri__E)
                  00003c3c    0000009c     rtsv7M4_T_le_v4SPD16_eabi.lib : memcpy_t2.asm.obj (.text)
                  00003cd8    00000098     driverlib.lib : setup.obj (.text:NOROM_SetupTrimDevice)
                  00003d70    00000098     rom_sysbios.aem4f : rom_sysbios.obj (.text:ti_sysbios_knl_Clock_workFuncDynamic__E)
                  00003e08    00000096     rtsv7M4_T_le_v4SPD16_eabi.lib : ull_div_t2.asm.obj (.text)
                  00003e9e    00000002     smartrf_settings.obj (.text:enterMultiProtocolSysPatch)
                  00003ea0    00000094     drivers_cc13x2_v1.aem4f : PINCC26XX.oem4f (.text:PIN_open)
                  00003f34    0000008c     rtsv7M4_T_le_v4SPD16_eabi.lib : fputc.c.obj (.text:fputc)
                  00003fc0    00000088     rf_multiMode_cc13x2_v1.aem4f : RFCC26X2_multiMode.oem4f (.text:RF_ratFreeChannel)
                  00004048    00000088     rom_sysbios.aem4f : rom_sysbios.obj (.text:_pthread_removeThreadKeys)
                  000040d0    00000088     drivers_cc13x2_v1.aem4f : PowerCC26X2_calibrateRCOSC.oem4f (.text:calibrateRcoscHf2)
                  00004158    00000086     rtsv7M4_T_le_v4SPD16_eabi.lib : fd_cmp_t2.asm.obj (.text:__aeabi_cdcmple)
                  000041de    00000086                                   : fd_cmp_t2.asm.obj (.text:__aeabi_cdrcmple)
                  00004264    00000084     CC1352R1_LAUNCHXL_fxns.obj (.text:CC1352R1_LAUNCHXL_sendExtFlashByte)
                  000042e8    00000084     rf_multiMode_cc13x2_v1.aem4f : RFCC26X2_multiMode.oem4f (.text:RF_hwiHw)
                  0000436c    00000080     driverlib.lib : setup_rom.obj (.text:NOROM_SetupStepVddrTrimTo)
                  000043ec    00000080     rom_sysbios.aem4f : rom_sysbios.obj (.text:ti_sysbios_family_arm_cc26xx_Timer_start__E)
                  0000446c    0000007c     drivers_cc13x2_v1.aem4f : PowerCC26X2_calibrateRCOSC.oem4f (.text:updateSubSecInc)
                  000044e8    0000007a     rtsv7M4_T_le_v4SPD16_eabi.lib : memset_t2.asm.obj (.text)
                  00004562    00000002                                   : div0.asm.obj (.text)
                  00004564    00000078     rf_multiMode_cc13x2_v1.aem4f : RFCC26X2_multiMode.oem4f (.text:RF_ratDispatchTime)
                  000045dc    00000074     drivers_cc13x2_v1.aem4f : PowerCC26X2_calibrateRCOSC.oem4f (.text:PowerCC26X2_auxISR)
                  00004650    00000074     rf_multiMode_cc13x2_v1.aem4f : RFCC26X2_multiMode.oem4f (.text:RF_issueRadioFreeCb)
                  000046c4    00000074     rtsv7M4_T_le_v4SPD16_eabi.lib : fclose.c.obj (.text:__TI_closefile)
                  00004738    0000006e                                   : _printfi.c.obj (.text:_mcpy)
                  000047a6    00000002     release_pem4f.oem4f (.text:ti_sysbios_BIOS_nullFunc__I)
                  000047a8    0000006c     driverlib.lib : setup_rom.obj (.text:NOROM_SetupAfterColdResetWakeupFromShutDownCfg1)
                  00004814    00000068     rtsv7M4_T_le_v4SPD16_eabi.lib : hostlseek.c.obj (.text:HOSTlseek)
                  0000487c    00000068                                   : hostrename.c.obj (.text:HOSTrename)
                  000048e4    00000068     driverlib.lib : osc.obj (.text:NOROM_OSCHF_AttemptToSwitchToXosc)
                  0000494c    00000068     rf_multiMode_cc13x2_v1.aem4f : RFCC26X2_multiMode.oem4f (.text:RF_getCurrentTime)
                  000049b4    00000068     rtsv7M4_T_le_v4SPD16_eabi.lib : copy_decompress_lzss.c.obj (.text:decompress:lzss:__TI_decompress_lzss)
                  00004a1c    00000068     main_tirtos.obj (.text:main)
                  00004a84    00000068     rtsv7M4_T_le_v4SPD16_eabi.lib : printf.c.obj (.text:printf)
                  00004aec    00000066     rf_multiMode_cc13x2_v1.aem4f : RFCC26X2_multiMode.oem4f (.text:RF_syncCb)
                  00004b52    00000002     release_pem4f.oem4f (.text:ti_sysbios_rom_cortexm_cc26xx_agama_CC26xx_badRomRevision__E)
                  00004b54    00000064     rom_sysbios.aem4f : rom_sysbios.obj (.text:_pthread_runStub)
                  00004bb8    00000064     rtsv7M4_T_le_v4SPD16_eabi.lib : s_frexp.c.obj (.text:frexp)
                  00004c1c    00000064                                   : fseek.c.obj (.text:fseek)
                  00004c80    00000062                                   : _io_perm.c.obj (.text:__TI_wrt_ok)
                  00004ce2    00000002     rom_sysbios.aem4f : rom_sysbios.obj (.text:xdc_runtime_SysCallback_defaultAbort)
                  00004ce4    00000060     rtsv7M4_T_le_v4SPD16_eabi.lib : hostopen.c.obj (.text:HOSTopen)
                  00004d44    00000060     rf_multiMode_cc13x2_v1.aem4f : RFCC26X2_multiMode.oem4f (.text:RF_ratArmChannel)
                  00004da4    0000005c     drivers_cc13x2_v1.aem4f : PINCC26XX.oem4f (.text:PIN_remove)
                  00004e00    0000005c     rf_multiMode_cc13x2_v1.aem4f : RFCC26X2_multiMode.oem4f (.text:RF_dispatchNextEvent)
                  00004e5c    0000005c                                  : RFCC26X2_multiMode.oem4f (.text:RF_fsmXOSCState)
                  00004eb8    0000005c                                  : RFCC26X2_multiMode.oem4f (.text:RF_hwiCpe0PowerFsm)
                  00004f14    0000005c     rtsv7M4_T_le_v4SPD16_eabi.lib : close.c.obj (.text:close)
                  00004f70    0000005c     rom_sysbios.aem4f : rom_sysbios.obj (.text:ti_sysbios_heaps_HeapMem_initPrimary__I)
                  00004fcc    0000005c     release_pem4f.oem4f (.text:xdc_runtime_Startup_getState__I)
                  00005028    00000058     rtsv7M4_T_le_v4SPD16_eabi.lib : hostread.c.obj (.text:HOSTread)
                  00005080    00000058                                   : hostwrite.c.obj (.text:HOSTwrite)
                  000050d8    00000058     drivers_cc13x2_v1.aem4f : PowerCC26X2_calibrateRCOSC.oem4f (.text:PowerCC26X2_initiateCalibration)
                  00005130    00000058     rf_multiMode_cc13x2_v1.aem4f : RFCC26X2_multiMode.oem4f (.text:RF_cmdDispatchTime)
                  00005188    00000058     boot.aem4f : boot.oem4f (.text)
                  000051e0    00000058     drivers_cc13x2_v1.aem4f : PowerCC26X2.oem4f (.text:disableLFClockQualifiers)
                  00005238    00000058     rom_sysbios.aem4f : rom_sysbios.obj (.text:pthread_exit)
                  00005290    00000056     rtsv7M4_T_le_v4SPD16_eabi.lib : _printfi.c.obj (.text:_pconv_f)
                  000052e6    00000054                                   : ltoa.c.obj (.text:ltoa)
                  0000533a    00000052                                   : _printfi.c.obj (.text:_ecpy)
                  0000538c    00000050     dpl_cc13x2_v1.aem4f : ClockP_tirtos.oem4f (.text:ClockP_construct)
                  000053dc    00000050     driverlib.lib : chipinfo.obj (.text:NOROM_ChipInfo_GetChipType)
                  0000542c    00000050     rf_multiMode_cc13x2_v1.aem4f : RFCC26X2_multiMode.oem4f (.text:RF_applyRfCorePatch)
                  0000547c    00000050                                  : RFCC26X2_multiMode.oem4f (.text:RF_wakeupNotification)
                  000054cc    00000050     drivers_cc13x2_v1.aem4f : PowerCC26X2.oem4f (.text:configureXOSCHF)
                  0000551c    0000004c     CC1352R1_LAUNCHXL_fxns.obj (.text:CC1352R1_LAUNCHXL_wakeUpExtFlash)
                  00005568    0000004c     rf_multiMode_cc13x2_v1.aem4f : RFCC26X2_multiMode.oem4f (.text:RF_ratRestartChannels)
                  000055b4    0000004c     rtsv7M4_T_le_v4SPD16_eabi.lib : fflush.c.obj (.text:__TI_doflush)
                  00005600    0000004c                                   : atoi.c.obj (.text:atoi)
                  0000564c    0000004c                                   : cpy_tbl.c.obj (.text:copy_in)
                  00005698    00000048     driverlib.lib : rfc.obj (.text:NOROM_RFCSynthPowerDown)
                  000056e0    00000048     rtsv7M4_T_le_v4SPD16_eabi.lib : fd_toi_t2.asm.obj (.text)
                  00005728    00000044                                   : hostclose.c.obj (.text:HOSTclose)
                  0000576c    00000044                                   : hostunlink.c.obj (.text:HOSTunlink)
                  000057b0    00000044     driverlib.lib : osc.obj (.text:NOROM_OSCHF_SwitchToRcOscTurnOffXosc)
                  000057f4    00000044     drivers_cc13x2_v1.aem4f : PINCC26XX.oem4f (.text:PIN_swi)
                  00005838    00000044     rtsv7M4_T_le_v4SPD16_eabi.lib : getdevice.c.obj (.text:getdevice)
                  0000587c    00000044     CC1352R1_LAUNCHXL_fxns.obj (.text:rfDriverCallback)
                  000058c0    00000044     drivers_cc13x2_v1.aem4f : PowerCC26X2.oem4f (.text:switchXOSCHF)
                  00005904    00000040     CC1352R1_LAUNCHXL_fxns.obj (.text:CC1352R1_LAUNCHXL_shutDownExtFlash)
                  00005944    00000040     drivers_cc13x2_v1.aem4f : PowerCC26X2.oem4f (.text:PowerCC26XX_isStableXOSC_HF)
                  00005984    00000040                             : PowerCC26X2.oem4f (.text:PowerCC26XX_switchXOSC_HF)
                  000059c4    00000040     driverlib.lib : setup.obj (.text:Step_RCOSCHF_CTRIM)
                  00005a04    00000040                   : setup.obj (.text:Step_VBG)
                  00005a44    00000040     rom_sysbios.aem4f : rom_sysbios.obj (.text:ti_sysbios_family_arm_cc26xx_Timer_setThreshold__I)
                  00005a84    0000003e     dpl_cc13x2_v1.aem4f : HwiP_tirtos.oem4f (.text:HwiP_construct)
                  00005ac2    0000003e     rtsv7M4_T_le_v4SPD16_eabi.lib : _printfi.c.obj (.text:_fcpy)
                  00005b00    0000003c     drivers_cc13x2_v1.aem4f : PINCC26XX.oem4f (.text:PIN_setOutputValue)
                  00005b3c    0000003c     rf_multiMode_cc13x2_v1.aem4f : RFCC26X2_multiMode.oem4f (.text:RF_calculateDispatchTime)
                  00005b78    0000003c                                  : RFCC26X2_multiMode.oem4f (.text:RF_cmdGet)
                  00005bb4    0000003c     dpl_cc13x2_v1.aem4f : SwiP_tirtos.oem4f (.text:SwiP_construct)
                  00005bf0    0000003c     rom_sysbios.aem4f : rom_sysbios.obj (.text:ti_sysbios_family_arm_m3_Hwi_construct2__E)
                  00005c2c    00000038     rtsv7M4_T_le_v4SPD16_eabi.lib : trgmsg.c.obj (.text:__TI_writemsg)
                  00005c64    00000038     drivers_cc13x2_v1.aem4f : PowerCC26X2.oem4f (.text:notify)
                  00005c9c    00000036     rtsv7M4_T_le_v4SPD16_eabi.lib : strncpy.c.obj (.text:strncpy)
                  00005cd2    00000002     rom_sysbios.aem4f : rom_sysbios.obj (.text:xdc_runtime_SysCallback_defaultExit)
                  00005cd4    00000034     driverlib.lib : aux_sysif.obj (.text:NOROM_AUXSYSIFOpModeChange)
                  00005d08    00000034                   : sys_ctrl.obj (.text:NOROM_SysCtrlIdle)
                  00005d3c    00000034     drivers_cc13x2_v1.aem4f : PINCC26XX.oem4f (.text:PIN_setConfig)
                  00005d70    00000034                             : PowerCC26X2.oem4f (.text:Power_releaseConstraint)
                  00005da4    00000034     rf_multiMode_cc13x2_v1.aem4f : RFCC26X2_multiMode.oem4f (.text:RF_cacheFsCmd)
                  00005dd8    00000034                                  : RFCC26X2_multiMode.oem4f (.text:RF_checkCmdFsError)
                  00005e0c    00000034                                  : RFCC26X2_multiMode.oem4f (.text:RF_ieeeRequestFgCommand)
                  00005e40    00000034                                  : RFCC26X2_multiMode.oem4f (.text:RF_powerConstraintRelease)
                  00005e74    00000034     rtsv7M4_T_le_v4SPD16_eabi.lib : fopen.c.obj (.text:__TI_cleanup)
                  00005ea8    00000034                                   : trgmsg.c.obj (.text:__TI_readmsg)
                  00005edc    00000032     rom_sysbios.aem4f : rom_sysbios.obj (.text:ti_sysbios_family_arm_cc26xx_Timer_setNextTick__E)
                  00005f0e    00000002                       : rom_sysbios.obj (.text:xdc_runtime_SysCallback_defaultFlush)
                  00005f10    00000030     drivers_cc13x2_v1.aem4f : PowerCC26X2.oem4f (.text:Power_setConstraint)
                  00005f40    00000030     rf_multiMode_cc13x2_v1.aem4f : RFCC26X2_multiMode.oem4f (.text:RF_calculateDeltaTimeUs)
                  00005f70    00000030     rtsv7M4_T_le_v4SPD16_eabi.lib : getdevice.c.obj (.text:finddevice)
                  00005fa0    00000030     drivers_cc13x2_v1.aem4f : PowerCC26X2_calibrateRCOSC.oem4f (.text:startTDC)
                  00005fd0    00000030     release_pem4f.oem4f (.text:ti_sysbios_BIOS_atExitFunc__I)
                  00006000    00000030     release_pem4f.oem4f (.text:ti_sysbios_BIOS_startFunc__I)
                  00006030    00000030     rom_sysbios.aem4f : rom_sysbios.obj (.text:ti_sysbios_family_arm_cc26xx_Timer_getCurrentTick__E)
                  00006060    00000030                       : rom_sysbios.obj (.text:ti_sysbios_family_arm_cc26xx_Timer_initDevice__I)
                  00006090    0000002e     rtsv7M4_T_le_v4SPD16_eabi.lib : i_tofd_t2.asm.obj (.text)
                  000060be    0000002e     release_pem4f.oem4f (.text:ti_sysbios_rts_gnu_MemAlloc_alloc)
                  000060ec    0000002c     rf_multiMode_cc13x2_v1.aem4f : RFCC26X2_multiMode.oem4f (.text:RF_executeDirectImmediateCmd)
                  00006118    0000002c                                  : RFCC26X2_multiMode.oem4f (.text:RF_ratReleaseChannels)
                  00006144    0000002c     dpl_cc13x2_v1.aem4f : SemaphoreP_tirtos.oem4f (.text:SemaphoreP_constructBinary)
                  00006170    0000002c     rom_sysbios.aem4f : rom_sysbios.obj (.text:_pthread_delete$44)
                  0000619c    0000002c                       : rom_sysbios.obj (.text:pthread_setcancelstate)
                  000061c8    0000002c                       : rom_sysbios.obj (.text:ti_sysbios_knl_Clock_getTicksUntilInterrupt__E)
                  000061f4    0000002c     rtsv7M4_T_le_v4SPD16_eabi.lib : unlink.c.obj (.text:unlink)
                  00006220    0000002a     rf_multiMode_cc13x2_v1.aem4f : RFCC26X2_multiMode.oem4f (.text:RF_ratSuspendChannels)
                  0000624a    0000002a     rom_sysbios.aem4f : rom_sysbios.obj (.text:ti_sysbios_knl_Clock_getTimeout__E)
                  00006274    00000028     dpl_cc13x2_v1.aem4f : PowerCC26X2_tirtos.oem4f (.text:PowerCC26XX_schedulerDisable)
                  0000629c    00000028                         : PowerCC26X2_tirtos.oem4f (.text:PowerCC26XX_schedulerRestore)
                  000062c4    00000028     drivers_cc13x2_v1.aem4f : PowerCC26X2.oem4f (.text:Power_registerNotify)
                  000062ec    00000028     rf_multiMode_cc13x2_v1.aem4f : RFCC26X2_multiMode.oem4f (.text:RF_runCmd)
                  00006314    00000028     rtsv7M4_T_le_v4SPD16_eabi.lib : lseek.c.obj (.text:lseek)
                  0000633c    00000028     drivers_cc13x2_v1.aem4f : PowerCC26X2.oem4f (.text:oscillatorISR)
                  00006364    00000028     rtsv7M4_T_le_v4SPD16_eabi.lib : write.c.obj (.text:write)
                  0000638c    00000026     drivers_cc13x2_v1.aem4f : List.oem4f (.text:List_put)
                  000063b2    00000002     rom_sysbios.aem4f : rom_sysbios.obj (.text:xdc_runtime_SysCallback_defaultPutch)
                  000063b4    00000024     driverlib.lib : osc.obj (.text:NOROM_OSCHF_TurnOnXosc)
                  000063d8    00000024                   : rfc.obj (.text:NOROM_RFCDoorbellSendTo)
                  000063fc    00000024     CC1352R1_LAUNCHXL_fxns.obj (.text:PINCC26XX_setOutputValue)
                  00006420    00000024     rf_multiMode_cc13x2_v1.aem4f : RFCC26X2_multiMode.oem4f (.text:RF_clkPowerUp)
                  00006444    00000024                                  : RFCC26X2_multiMode.oem4f (.text:RF_cmdAlloc)
                  00006468    00000024                                  : RFCC26X2_multiMode.oem4f (.text:RF_invokeGlobalCallback)
                  0000648c    00000024     rom_sysbios.aem4f : rom_sysbios.obj (.text:_pthread_cleanupFxn)
                  000064b0    00000024     drivers_cc13x2_v1.aem4f : PowerCC26X2_calibrateRCOSC.oem4f (.text:getTdcSemaphore)
                  000064d4    00000024     rom_sysbios.aem4f : rom_sysbios.obj (.text:pthread_attr_init)
                  000064f8    00000024     release_pem4f.oem4f (.text:ti_sysbios_BIOS_registerRTSLock__I)
                  0000651c    00000024     release_pem4f.oem4f (.text:ti_sysbios_BIOS_removeRTSLock__I)
                  00006540    00000024     rom_sysbios.aem4f : rom_sysbios.obj (.text:ti_sysbios_family_arm_cc26xx_Timer_getMaxTicks__E)
                  00006564    00000022     drivers_cc13x2_v1.aem4f : List.oem4f (.text:List_get)
                  00006586    00000022     rf_multiMode_cc13x2_v1.aem4f : RFCC26X2_multiMode.oem4f (.text:RF_isRadioSetup)
                  000065a8    00000020     RFQueue.obj (.text:RFQueue_nextEntry)
                  000065c8    00000020     rf_multiMode_cc13x2_v1.aem4f : RFCC26X2_multiMode.oem4f (.text:RF_hwiCpe0ChangePhy)
                  000065e8    00000020                                  : RFCC26X2_multiMode.oem4f (.text:RF_ratIsRunning)
                  00006608    00000020                                  : RFCC26X2_multiMode.oem4f (.text:RF_swiFsm)
                  00006628    00000020     smartrf_settings.obj (.text:applyMultiProtocolPatch)
                  00006648    00000020     rtsv7M4_T_le_v4SPD16_eabi.lib : memchr.c.obj (.text:memchr)
                  00006668    00000020     release_pem4f.oem4f (.text:ti_sysbios_BIOS_rtsLock__I)
                  00006688    00000020     rom_sysbios.aem4f : rom_sysbios.obj (.text:ti_sysbios_family_arm_cc26xx_Timer_dynamicStub__E)
                  000066a8    00000020                       : rom_sysbios.obj (.text:xdc_runtime_Error_policyMin__E)
                  000066c8    0000001e     drivers_cc13x2_v1.aem4f : PINCC26XX.oem4f (.text:PIN_close)
                  000066e6    0000001e                             : PowerCC26X2.oem4f (.text:Power_getTransitionLatency)
                  00006704    0000001c     CC1352R1_LAUNCHXL.obj (.text:CC1352R1_LAUNCHXL_initGeneral)
                  00006720    0000001c     driverlib.lib : chipinfo.obj (.text:NOROM_ChipInfo_GetChipFamily)
                  0000673c    0000001c     drivers_cc13x2_v1.aem4f : PINCC26XX.oem4f (.text:PINCC26XX_setIoCfgMux)
                  00006758    0000001c                             : PINCC26XX.oem4f (.text:PIN_hwi)
                  00006774    0000001c     rf_multiMode_cc13x2_v1.aem4f : RFCC26X2_multiMode.oem4f (.text:RF_clkInactivity)
                  00006790    0000001c                                  : RFCC26X2_multiMode.oem4f (.text:RF_powerConstraintSet)
                  000067ac    0000001c     smartrf_settings.obj (.text:enterMultiProtocolCpePatch)
                  000067c8    0000001c     rtsv7M4_T_le_v4SPD16_eabi.lib : memccpy.c.obj (.text:memccpy)
                  000067e4    0000001c     release_pem4f.oem4f (.text:ti_sysbios_BIOS_errorRaiseHook__I)
                  00006800    0000001c     rom_sysbios.aem4f : rom_sysbios.obj (.text:ti_sysbios_knl_Swi_construct2__E)
                  0000681c    0000001c     release_pem4f.oem4f (.text:xdc_runtime_Startup_exec__I)
                  00006838    0000001a     drivers_cc13x2_v1.aem4f : PowerCC26X2.oem4f (.text:PowerCC26XX_calibrate)
                  00006852    0000001a     release_pem4f.oem4f (.text:free)
                  0000686c    00000018     driverlib.lib : chipinfo.obj (.text:NOROM_ChipInfo_GetPackageType)
                  00006884    00000018     drivers_cc13x2_v1.aem4f : PowerCC26X2.oem4f (.text:Power_idleFunc)
                  0000689c    00000018     rtsv7M4_T_le_v4SPD16_eabi.lib : args_main.c.obj (.text:_args_main)
                  000068b4    00000018                                   : ll_mul_t2.asm.obj (.text)
                  000068cc    00000018                                   : strcmp.c.obj (.text:strcmp)
                  000068e4    00000018     release_pem4f.oem4f (.text:ti_sysbios_BIOS_rtsUnlock__I)
                  000068fc    00000018     rom_sysbios.aem4f : rom_sysbios.obj (.text:ti_sysbios_knl_Swi_or__E)
                  00006914    00000018     release_pem4f.oem4f (.text:ti_sysbios_rom_cortexm_cc26xx_agama_CC26xx_checkRevision__E)
                  0000692c    00000018     rom_sysbios.aem4f : rom_sysbios.obj (.text:ti_sysbios_rts_ti_ReentSupport_getReent__F)
                  00006944    00000018                       : rom_sysbios.obj (.text:xdc_runtime_Error_init__E)
                  0000695c    00000016     rf_multiMode_cc13x2_v1.aem4f : RFCC26X2_multiMode.oem4f (.text:RF_restartClockTimeout)
                  00006972    00000016     rom_sysbios.aem4f : rom_sysbios.obj (.text:_pthread_cleanup_pop)
                  00006988    00000016     rtsv7M4_T_le_v4SPD16_eabi.lib : strchr.c.obj (.text:strchr)
                  0000699e    00000016     release_pem4f.oem4f (.text:ti_sysbios_BIOS_exitFunc__I)
                  000069b4    00000014     drivers_cc13x2_v1.aem4f : List.oem4f (.text:List_clearList)
                  000069c8    00000014     driverlib.lib : rfc.obj (.text:NOROM_RFCCpeIntGetAndClear)
                  000069dc    00000014     drivers_cc13x2_v1.aem4f : PINCC26XX.oem4f (.text:PINCC26XX_getOutputValue)
                  000069f0    00000014                             : PowerCC26X2_calibrateRCOSC.oem4f (.text:PowerCC26X2_calibrate)
                  00006a04    00000014     rf_multiMode_cc13x2_v1.aem4f : RFCC26X2_multiMode.oem4f (.text:RF_Params_init)
                  00006a18    00000014                                  : RFCC26X2_multiMode.oem4f (.text:RF_dbellSyncOnAck)
                  00006a2c    00000014                                  : RFCC26X2_multiMode.oem4f (.text:RF_ratGetChannel)
                  00006a40    00000014                                  : RFCC26X2_multiMode.oem4f (.text:RF_triggDispatcher)
                  00006a54    00000014     drivers_cc13x2_v1.aem4f : PowerCC26X2.oem4f (.text:configureRFCoreClocks)
                  00006a68    00000014     rtsv7M4_T_le_v4SPD16_eabi.lib : s_copysign.c.obj (.text:copysign)
                  00006a7c    00000014     rom_sysbios.aem4f : rom_sysbios.obj (.text:pthread_attr_setschedparam)
                  00006a90    00000014     rtsv7M4_T_le_v4SPD16_eabi.lib : strcpy.c.obj (.text:strcpy)
                  00006aa4    00000014                                   : strlen.c.obj (.text:strlen)
                  00006ab8    00000014     rom_sysbios.aem4f : rom_sysbios.obj (.text:ti_sysbios_family_arm_cc26xx_Timer_getCount64__E)
                  00006acc    00000014     release_pem4f.oem4f (.text:ti_sysbios_knl_Clock_doTick__I)
                  00006ae0    00000012     dpl_cc13x2_v1.aem4f : SemaphoreP_tirtos.oem4f (.text:SemaphoreP_pend)
                  00006af2    00000012     rtsv7M4_T_le_v4SPD16_eabi.lib : wcslen.c.obj (.text:wcslen)
                  00006b04    00000010     dpl_cc13x2_v1.aem4f : ClockP_tirtos.oem4f (.text:ClockP_isActive)
                  00006b14    00000010                         : HwiP_tirtos.oem4f (.text:HwiP_Params_init)
                  00006b24    00000010     driverlib.lib : rfc.obj (.text:NOROM_RFCHwIntGetAndClear)
                  00006b34    00000010     drivers_cc13x2_v1.aem4f : PINCC26XX.oem4f (.text:PINCC26XX_getPinCount)
                  00006b44    00000010     rf_multiMode_cc13x2_v1.aem4f : RFCC26X2_multiMode.oem4f (.text:RF_dbellSubmitCmdAsync)
                  00006b54    00000010                                  : RFCC26X2_multiMode.oem4f (.text:RF_isClientOwner)
                  00006b64    00000010                                  : RFCC26X2_multiMode.oem4f (.text:RF_ratGetChannelValue)
                  00006b74    00000010     dpl_cc13x2_v1.aem4f : SwiP_tirtos.oem4f (.text:SwiP_Params_init)
                  00006b84    00000010     rom_sysbios.aem4f : rom_sysbios.obj (.text:ti_sysbios_family_arm_m3_Hwi_post__E)
                  00006b94    00000010                       : rom_sysbios.obj (.text:xdc_runtime_SysCallback_flush__E)
                  00006ba4    00000010                       : rom_sysbios.obj (.text:xdc_runtime_SysCallback_putch__E)
                  00006bb4    00000010                       : rom_sysbios.obj (.text:xdc_runtime_SysCallback_ready__E)
                  00006bc4    0000000e     driverlib.lib : chipinfo.obj (.text:NOROM_ThisLibraryIsFor_CC13x2_CC26x2_HaltIfViolated)
                  00006bd2    0000000e     rtsv7M4_T_le_v4SPD16_eabi.lib : copy_decompress_none.c.obj (.text:decompress:none:__TI_decompress_none)
                  00006be0    0000000e     rom_sysbios.aem4f : rom_sysbios.obj (.text:pthread_attr_setdetachstate)
                  00006bee    0000000e                       : rom_sysbios.obj (.text:ti_sysbios_family_arm_cc26xx_TimestampProvider_get32__E)
                  00006bfc    0000000c     driverlib.lib : cpu.obj (.text:NOROM_CPUcpsid)
                  00006c08    0000000c                   : cpu.obj (.text:NOROM_CPUcpsie)
                  00006c14    0000000c     drivers_cc13x2_v1.aem4f : PowerCC26X2.oem4f (.text:Power_getConstraintMask)
                  00006c20    0000000c                             : PowerCC26X2.oem4f (.text:Power_getDependencyCount)
                  00006c2c    0000000c     RFQueue.obj (.text:RFQueue_getDataEntry)
                  00006c38    0000000c     rf_multiMode_cc13x2_v1.aem4f : RFCC26X2_multiMode.oem4f (.text:RF_powerConstraintGet)
                  00006c44    0000000c                                  : RFCC26X2_multiMode.oem4f (.text:RF_ratGetValue)
                  00006c50    0000000c     rtsv7M4_T_le_v4SPD16_eabi.lib : _lock.c.obj (.text:_register_lock)
                  00006c5c    0000000c                                   : _lock.c.obj (.text:_register_unlock)
                  00006c68    0000000c                                   : copy_zero_init.c.obj (.text:decompress:ZI:__TI_zero_init)
                  00006c74    0000000c     rom_sysbios.aem4f : rom_sysbios.obj (.text:pthread_self)
                  00006c80    0000000c                       : rom_sysbios.obj (.text:ti_sysbios_BIOS_getThreadType__E)
                  00006c8c    0000000c                       : rom_sysbios.obj (.text:ti_sysbios_knl_Swi_getTrigger__E)
                  00006c98    0000000c     release_pem4f.oem4f (.text:xdc_runtime_Startup_reset__I)
                  00006ca4    0000000a     dpl_cc13x2_v1.aem4f : ClockP_tirtos.oem4f (.text:ClockP_Params_init)
                  00006cae    0000000a     release_pem4f.oem4f (.text:ti_sysbios_rts_ti_ReentSupport_getTlsAddr__I)
                  00006cb8    00000008     CC1352R1_LAUNCHXL_fxns.obj (.text:Board_initHook)
                  00006cc0    00000008     smartrf_settings.obj (.text:rf_patch_cpe_multi_protocol)
                  00006cc8    00000006     driverlib.lib : cpu.obj (.text:NOROM_CPUdelay)
                  00006cce    00000006     rf_multiMode_cc13x2_v1.aem4f : RFCC26X2_multiMode.oem4f (.text:RF_clkReqAccess)
                  00006cd4    00000006     rom_sysbios.aem4f : rom_sysbios.obj (.text:pthread_attr_setstacksize)
                  00006cda    00000006                       : rom_sysbios.obj (.text:ti_sysbios_family_arm_m3_Hwi_setFunc__E)
                  00006ce0    00000004     dpl_cc13x2_v1.aem4f : PowerCC26X2_tirtos.oem4f (.text:CPUwfi)
                  00006ce4    00000004                         : ClockP_tirtos.oem4f (.text:ClockP_getTimeout)
                  00006ce8    00000004                         : ClockP_tirtos.oem4f (.text:ClockP_setTimeout)
                  00006cec    00000004                         : ClockP_tirtos.oem4f (.text:ClockP_start)
                  00006cf0    00000004                         : ClockP_tirtos.oem4f (.text:ClockP_stop)
                  00006cf4    00000004                         : HwiP_tirtos.oem4f (.text:HwiP_disable)
                  00006cf8    00000004                         : HwiP_tirtos.oem4f (.text:HwiP_enableInterrupt)
                  00006cfc    00000004                         : HwiP_tirtos.oem4f (.text:HwiP_post)
                  00006d00    00000004                         : HwiP_tirtos.oem4f (.text:HwiP_setFunc)
                  00006d04    00000004     driverlib.lib : rfc.obj (.text:NOROM_RFCOverrideUpdate)
                  00006d08    00000004     dpl_cc13x2_v1.aem4f : SemaphoreP_tirtos.oem4f (.text:SemaphoreP_post)
                  00006d0c    00000004                         : SwiP_tirtos.oem4f (.text:SwiP_disable)
                  00006d10    00000004                         : SwiP_tirtos.oem4f (.text:SwiP_getTrigger)
                  00006d14    00000004                         : SwiP_tirtos.oem4f (.text:SwiP_or)
                  00006d18    00000004     rom_sysbios.aem4f : rom_sysbios.obj (.text:__aeabi_errno_addr)
                  00006d1c    00000004     rtsv7M4_T_le_v4SPD16_eabi.lib : printf.c.obj (.text:_outc)
                  00006d20    00000004                                   : printf.c.obj (.text:_outs)
                  00006d24    00000004     drivers_cc13x2_v1.aem4f : PowerCC26X2.oem4f (.text:nopResourceHandler)
                  00006d28    00000004     rom_sysbios.aem4f : rom_sysbios.obj (.text:ti_sysbios_knl_Clock_isActive__E)
                  00006d2c    00000004                       : rom_sysbios.obj (.text:ti_sysbios_knl_Queue_insert__E)
                  00006d30    00000004                       : rom_sysbios.obj (.text:ti_sysbios_knl_Task_getArg1__E)
                  00006d34    00000004                       : rom_sysbios.obj (.text:ti_sysbios_knl_Task_getEnv__E)
                  00006d38    00000004                       : rom_sysbios.obj (.text:xdc_runtime_SysCallback_defaultReady)
                  00006d3c    00000008     (.tramp.ti_sysbios_family_arm_m3_Hwi_enableInterrupt__E.1)
                  00006d44    00000008     (.tramp.ti_sysbios_family_arm_m3_Hwi_disableFxn__E.1)
                  00006d4c    00000008     (.tramp.ti_sysbios_knl_Task_self__E.1)
                  00006d54    00000008     (.tramp.ti_sysbios_knl_Clock_logTick__E.1)
                  00006d5c    00000008     (.tramp.ti_sysbios_knl_Swi_post__E.1)
                  00006d64    00000008     (.tramp.ti_sysbios_BIOS_RtsGateProxy_leave__E.1)
                  00006d6c    00000008     (.tramp.ti_sysbios_knl_Swi_construct.1)
                  00006d74    00000008     (.tramp.ti_sysbios_BIOS_RtsGateProxy_enter__E.1)
                  00006d7c    00000008     (.tramp.ti_sysbios_knl_Clock_getTicks__E.1)
                  00006d84    00000008     (.tramp.ti_sysbios_knl_Task_delete.1)
                  00006d8c    00000008     (.tramp.ti_sysbios_knl_Semaphore_destruct.1)
                  00006d94    00000008     (.tramp.ti_sysbios_knl_Task_startup__E.1)
                  00006d9c    00000008     (.tramp.ti_sysbios_knl_Swi_startup__E.1)
                  00006da4    00000008     (.tramp.ti_sysbios_hal_Hwi_startup__E.1)
                  00006dac    00000008     (.tramp.ti_sysbios_family_arm_cc26xx_Timer_startup__E.1)
                  00006db4    00000008     (.tramp.xdc_runtime_System_atexit__E.1)
                  00006dbc    00000008     (.tramp.ti_sysbios_BIOS_linkedWithIncorrectBootLibrary__E.1)
                  00006dc4    00000008     (.tramp.xdc_runtime_Startup_rtsDone__E.1)
                  00006dcc    00000008     (.tramp.ti_sysbios_BIOS_setThreadType__E.1)
                  00006dd4    00000008     (.tramp.ti_sysbios_knl_Swi_disable__E.1)
                  00006ddc    00000008     (.tramp.ti_sysbios_family_arm_m3_Hwi_construct.1)
                  00006de4    00000008     (.tramp.ti_sysbios_knl_Swi_Params__init__S.1)
                  00006dec    00000008     (.tramp.ti_sysbios_family_arm_m3_Hwi_Params__init__S.1)
                  00006df4    00000008     (.tramp.ti_sysbios_knl_Clock_construct.1)
                  00006dfc    00000008     (.tramp.ti_sysbios_knl_Clock_Params__init__S.1)
                  00006e04    00000008     (.tramp.xdc_runtime_System_exit__E.1)
                  00006e0c    00000008     (.tramp.ti_sysbios_heaps_HeapMem_restore__E.1)
                  00006e14    00000008     (.tramp.ti_sysbios_heaps_HeapMem_Object__get__S.1)
                  00006e1c    00000008     (.tramp.ti_sysbios_BIOS_start__E.1)
                  00006e24    00000008     (.tramp.ti_sysbios_knl_Semaphore_post__E.1)
                  00006e2c    00000008     (.tramp.xdc_runtime_Memory_free__E.1)
                  00006e34    00000008     (.tramp.ti_sysbios_knl_Queue_next__E.1)
                  00006e3c    00000008     (.tramp.ti_sysbios_knl_Queue_head__E.1)
                  00006e44    00000008     (.tramp.ti_sysbios_knl_Semaphore_pend__E.1)
                  00006e4c    00000008     (.tramp.ti_sysbios_knl_Clock_scheduleNextTick__E.1)
                  00006e54    00000008     (.tramp.ti_sysbios_knl_Clock_walkQueueDynamic__E.1)
                  00006e5c    00000008     (.tramp.ti_sysbios_knl_Clock_TimerProxy_getCurrentTick__E.1)
                  00006e64    00000008     (.tramp.ti_sysbios_knl_Task_restore__E.1)
                  00006e6c    00000008     (.tramp.ti_sysbios_knl_Queue_enqueue__E.1)
                  00006e74    00000008     (.tramp.ti_sysbios_knl_Queue_empty__E.1)
                  00006e7c    00000008     (.tramp.ti_sysbios_knl_Queue_remove__E.1)
                  00006e84    00000008     (.tramp.ti_sysbios_knl_Task_disable__E.1)
                  00006e8c    00000008     (.tramp.ti_sysbios_knl_Clock_stop__E.1)
                  00006e94    00000008     (.tramp.ti_sysbios_knl_Clock_start__E.1)
                  00006e9c    00000008     (.tramp.ti_sysbios_knl_Clock_setTimeout__E.1)
                  00006ea4    00000008     (.tramp.ti_sysbios_knl_Task_create.1)
                  00006eac    00000008     (.tramp.ti_sysbios_knl_Semaphore_construct.1)
                  00006eb4    00000008     (.tramp.ti_sysbios_knl_Semaphore_Params__init__S.1)
                  00006ebc    00000008     (.tramp.ti_sysbios_knl_Queue_construct.1)
                  00006ec4    00000008     (.tramp.xdc_runtime_Memory_alloc__E.1)
                  00006ecc    00000008     (.tramp.ti_sysbios_knl_Task_Params__init__S.1)
                  00006ed4    00000008     (.tramp.ti_sysbios_knl_Swi_restore__E.1)
                  00006edc    00000008     (.tramp.ti_sysbios_family_arm_m3_Hwi_restoreFxn__E.1)

.const     0    00006ee4    00001f50     
                  00006ee4    00000998     smartrf_settings.obj (.const:patchImageMultiProtocol)
                  0000787c    00000800     smartrf_settings.obj (.const:patchGenfskRfe)
                  0000807c    00000790     smartrf_settings.obj (.const:patchGenfskMce)
                  0000880c    00000338     release_pem4f.oem4f (.const:ROM_constStruct)
                  00008b44    00000101     rtsv7M4_T_le_v4SPD16_eabi.lib : ctype.c.obj (.const:.string:_ctypes_)
                  00008c45    00000001     release_pem4f.oem4f (.const:xdc_runtime_Text_charTab__A)
                  00008c46    00000054     drivers_cc13x2_v1.aem4f : PowerCC26X2.oem4f (.const:resourceDB)
                  00008c9a    00000002     --HOLE-- [fill = 0]
                  00008c9c    00000048     release_pem4f.oem4f (.const:.string)
                  00008ce4    00000044     release_pem4f.oem4f (.const:ROM_externFuncPtrs)
                  00008d28    00000030     CC1352R1_LAUNCHXL.obj (.const:BoardGpioInitTable)
                  00008d58    00000024     release_pem4f.oem4f (.const:xdc_runtime_Startup_sfxnTab__A)
                  00008d7c    0000001c     rf_multiMode_cc13x2_v1.aem4f : RFCC26X2_multiMode.oem4f (.const:RF_defaultParams)
                  00008d98    00000014     CC1352R1_LAUNCHXL_fxns.obj (.const:$P$T1$2)
                  00008dac    00000012     release_pem4f.oem4f (.const:xdc_runtime_Startup_sfxnRts__A)
                  00008dbe    00000002     --HOLE-- [fill = 0]
                  00008dc0    00000010     CC1352R1_LAUNCHXL.obj (.const:PowerCC26X2_config)
                  00008dd0    0000000c     CC1352R1_LAUNCHXL.obj (.const:RFCC26XX_hwAttrs)
                  00008ddc    0000000c     release_pem4f.oem4f (.const:xdc_runtime_Startup_firstFxns__A)
                  00008de8    00000008     driverlib.lib : aux_sysif.obj (.const:$O1$$)
                  00008df0    00000008     CC1352R1_LAUNCHXL_fxns.obj (.const:$P$T0$1)
                  00008df8    00000008     CC1352R1_LAUNCHXL.obj (.const:PINCC26XX_hwAttrs)
                  00008e00    00000008     release_pem4f.oem4f (.const:ti_sysbios_knl_Idle_funcList__A)
                  00008e08    00000004     release_pem4f.oem4f (.const:ti_sysbios_family_arm_cc26xx_Timer_funcHookCH1__C)
                  00008e0c    00000004     release_pem4f.oem4f (.const:ti_sysbios_family_arm_cc26xx_Timer_funcHookCH2__C)
                  00008e10    00000004     release_pem4f.oem4f (.const:ti_sysbios_family_arm_m3_Hwi_swiDisable__C)
                  00008e14    00000004     release_pem4f.oem4f (.const:ti_sysbios_family_arm_m3_Hwi_swiRestoreHwi__C)
                  00008e18    00000004     release_pem4f.oem4f (.const:ti_sysbios_heaps_HeapMem_primaryHeapBaseAddr__C)
                  00008e1c    00000004     release_pem4f.oem4f (.const:ti_sysbios_heaps_HeapMem_primaryHeapEndAddr__C)
                  00008e20    00000004     release_pem4f.oem4f (.const:ti_sysbios_knl_Clock_tickPeriod__C)
                  00008e24    00000004     release_pem4f.oem4f (.const:ti_sysbios_knl_Task_Object__heap__C)
                  00008e28    00000004     release_pem4f.oem4f (.const:xdc_runtime_SysCallback_flushFxn__C)
                  00008e2c    00000004     release_pem4f.oem4f (.const:xdc_runtime_SysCallback_putchFxn__C)
                  00008e30    00000004     release_pem4f.oem4f (.const:xdc_runtime_SysCallback_readyFxn__C)

MODULE SUMMARY

       Module                             code    ro data   rw data
       ------                             ----    -------   -------
    ./
       rfPacketRx.obj                     576     0         372    
       CC1352R1_LAUNCHXL_fxns.obj         384     28        0      
       RFQueue.obj                        268     0         4      
       CC1352R1_LAUNCHXL.obj              28      84        0      
       main_tirtos.obj                    104     0         0      
       ccfg.obj                           0       88        0      
    +--+----------------------------------+-------+---------+---------+
       Total:                             1360    200       376    
                                                                   
    ./smartrf_settings/
       smartrf_settings.obj               770     6440      213    
    +--+----------------------------------+-------+---------+---------+
       Total:                             770     6440      213    
                                                                   
    /Users/mikael/Code/cc1352-swim-thermo/software/tirtos_builds_CC1352R1_LAUNCHXL_release_ccs/Debug/configPkg/package/cfg/
       release_pem4f.oem4f                536     1143      1826   
    +--+----------------------------------+-------+---------+---------+
       Total:                             536     1143      1826   
                                                                   
    /Applications/ti/ccsv8/tools/compiler/ti-cgt-arm_18.1.3.LTS/lib/rtsv7M4_T_le_v4SPD16_eabi.lib
       _printfi.c.obj                     4863    0         0      
       fd_add_t2.asm.obj                  438     0         0      
       defs.c.obj                         0       0         416    
       trgmsg.c.obj                       108     0         288    
       fd_div_t2.asm.obj                  310     0         0      
       fputs.c.obj                        276     0         0      
       s_scalbn.c.obj                     272     0         0      
       fd_cmp_t2.asm.obj                  268     0         0      
       ctype.c.obj                        0       257       0      
       fd_mul_t2.asm.obj                  252     0         0      
       write.c.obj                        40      0         200    
       setvbuf.c.obj                      220     0         0      
       memcpy_t2.asm.obj                  156     0         0      
       ull_div_t2.asm.obj                 150     0         0      
       fputc.c.obj                        140     0         0      
       memset_t2.asm.obj                  122     0         0      
       fclose.c.obj                       116     0         0      
       getdevice.c.obj                    116     0         0      
       printf.c.obj                       112     0         0      
       copy_decompress_lzss.c.obj         104     0         0      
       hostlseek.c.obj                    104     0         0      
       hostopen.c.obj                     96      0         8      
       hostrename.c.obj                   104     0         0      
       fseek.c.obj                        100     0         0      
       s_frexp.c.obj                      100     0         0      
       _io_perm.c.obj                     98      0         0      
       close.c.obj                        92      0         0      
       hostread.c.obj                     88      0         0      
       hostwrite.c.obj                    88      0         0      
       ltoa.c.obj                         84      0         0      
       atoi.c.obj                         76      0         0      
       cpy_tbl.c.obj                      76      0         0      
       fflush.c.obj                       76      0         0      
       fd_toi_t2.asm.obj                  72      0         0      
       hostclose.c.obj                    68      0         0      
       hostunlink.c.obj                   68      0         0      
       strncpy.c.obj                      54      0         0      
       fopen.c.obj                        52      0         0      
       i_tofd_t2.asm.obj                  46      0         0      
       unlink.c.obj                       44      0         0      
       lseek.c.obj                        40      0         0      
       _lock.c.obj                        26      0         8      
       memchr.c.obj                       32      0         0      
       memccpy.c.obj                      28      0         0      
       args_main.c.obj                    24      0         0      
       ll_mul_t2.asm.obj                  24      0         0      
       strcmp.c.obj                       24      0         0      
       strchr.c.obj                       22      0         0      
       s_copysign.c.obj                   20      0         0      
       strcpy.c.obj                       20      0         0      
       strlen.c.obj                       20      0         0      
       wcslen.c.obj                       18      0         0      
       copy_decompress_none.c.obj         14      0         0      
       copy_zero_init.c.obj               12      0         0      
       exit.c.obj                         0       0         12     
       stkdepth_vars.c.obj                0       0         4      
       div0.asm.obj                       2       0         0      
    +--+----------------------------------+-------+---------+---------+
       Total:                             9975    257       936    
                                                                   
    /Users/mikael/Code/cc1352-swim-thermo/software/tirtos_builds_CC1352R1_LAUNCHXL_release_ccs/src/sysbios/rom_sysbios.aem4f
       rom_sysbios.obj                    2034    0         136    
    +--+----------------------------------+-------+---------+---------+
       Total:                             2034    0         136    
                                                                   
    /Users/mikael/ti/simplelink_cc13x2_sdk_2_20_00_71/kernel/tirtos/packages/ti/dpl/lib/dpl_cc13x2_v1.aem4f
       PowerCC26X2_tirtos.oem4f           264     0         8      
       ClockP_tirtos.oem4f                122     0         4      
       HwiP_tirtos.oem4f                  94      0         0      
       SwiP_tirtos.oem4f                  88      0         0      
       SemaphoreP_tirtos.oem4f            66      0         0      
    +--+----------------------------------+-------+---------+---------+
       Total:                             634     0         12     
                                                                   
    /Users/mikael/ti/simplelink_cc13x2_sdk_2_20_00_71/kernel/tirtos/packages/ti/targets/arm/rtsarm/lib/auto_init.aem4f
       auto_init.oem4f                    160     0         0      
    +--+----------------------------------+-------+---------+---------+
       Total:                             160     0         0      
                                                                   
    /Users/mikael/ti/simplelink_cc13x2_sdk_2_20_00_71/kernel/tirtos/packages/ti/targets/arm/rtsarm/lib/boot.aem4f
       boot.oem4f                         88      0         0      
    +--+----------------------------------+-------+---------+---------+
       Total:                             88      0         0      
                                                                   
    /Users/mikael/ti/simplelink_cc13x2_sdk_2_20_00_71/source/ti/devices/cc13x2_cc26x2_v1/driverlib/bin/ccs/driverlib.lib
       setup.obj                          588     0         0      
       sys_ctrl.obj                       332     0         0      
       setup_rom.obj                      236     0         0      
       osc.obj                            208     0         20     
       rfc.obj                            150     0         0      
       chipinfo.obj                       146     0         0      
       aux_sysif.obj                      52      8         0      
       cpu.obj                            30      0         0      
       driverlib_release.obj              0       0         1      
    +--+----------------------------------+-------+---------+---------+
       Total:                             1742    8         21     
                                                                   
    /Users/mikael/ti/simplelink_cc13x2_sdk_2_20_00_71/source/ti/drivers/lib/drivers_cc13x2_v1.aem4f
       PowerCC26X2.oem4f                  1850    84        200    
       PINCC26XX.oem4f                    1214    0         276    
       PowerCC26X2_calibrateRCOSC.oem4f   1320    0         0      
       List.oem4f                         92      0         0      
    +--+----------------------------------+-------+---------+---------+
       Total:                             4476    84        476    
                                                                   
    /Users/mikael/ti/simplelink_cc13x2_sdk_2_20_00_71/source/ti/drivers/rf/lib/rf_multiMode_cc13x2_v1.aem4f
       RFCC26X2_multiMode.oem4f           6128    28        906    
    +--+----------------------------------+-------+---------+---------+
       Total:                             6128    28        906    
                                                                   
       Stack:                             0       0         1024   
       Linker Generated:                  424     731       0      
    +--+----------------------------------+-------+---------+---------+
       Grand Total:                       28327   8891      5926   


LINKER GENERATED COPY TABLES

__TI_cinit_table @ 000090f0 records: 5, size/record: 8, table size: 40
	.data: load addr=00008e38, load size=00000287 bytes, run addr=20001bd8, run size=0000077f bytes, compression=lzss
	.bss: load addr=000090d0, load size=00000008 bytes, run addr=20001110, run size=00000ac4 bytes, compression=zero_init
	.data:xdcRomConstPtr: load addr=000090d8, load size=00000008 bytes, run addr=20000100, run size=00000004 bytes, compression=lzss
	.data:xdcRomExternFuncPtr: load addr=000090e0, load size=00000008 bytes, run addr=20000104, run size=00000004 bytes, compression=lzss
	.data:xdcRomStatePtr: load addr=000090e8, load size=00000008 bytes, run addr=20000108, run size=00000004 bytes, compression=lzss


LINKER GENERATED HANDLER TABLE

__TI_handler_table @ 000090c0 records: 3, size/record: 4, table size: 12
	index: 0, handler: __TI_decompress_lzss
	index: 1, handler: __TI_decompress_none
	index: 2, handler: __TI_zero_init


FAR CALL TRAMPOLINES

callee name               trampoline name
   callee addr  tramp addr   call addr  call info
--------------  -----------  ---------  ----------------
ti_sysbios_family_arm_m3_Hwi_enableInterrupt__E  $Tramp$TT$L$PI$$ti_sysbios_family_arm_m3_Hwi_enableInterrupt__E
   1003a6bd     00006d3c     00006cf8   dpl_cc13x2_v1.aem4f : HwiP_tirtos.oem4f (.text:HwiP_enableInterrupt)
ti_sysbios_family_arm_m3_Hwi_disableFxn__E  $Tramp$TT$L$PI$$ti_sysbios_family_arm_m3_Hwi_disableFxn__E
   1003b6e1     00006d44     00006cf4   dpl_cc13x2_v1.aem4f : HwiP_tirtos.oem4f (.text:HwiP_disable)
ti_sysbios_knl_Task_self__E  $Tramp$TT$L$PI$$ti_sysbios_knl_Task_self__E
   1003b681     00006d4c     00006c76   rom_sysbios.aem4f : rom_sysbios.obj (.text:pthread_self)
                             00006cb0   release_pem4f.oem4f (.text:ti_sysbios_rts_ti_ReentSupport_getTlsAddr__I)
ti_sysbios_knl_Clock_logTick__E  $Tramp$TT$L$PI$$ti_sysbios_knl_Clock_logTick__E
   1003a463     00006d54     00006ace   release_pem4f.oem4f (.text:ti_sysbios_knl_Clock_doTick__I)
ti_sysbios_knl_Swi_post__E  $Tramp$TT$L$PI$$ti_sysbios_knl_Swi_post__E
   1003a5e9     00006d5c     00006910   rom_sysbios.aem4f : rom_sysbios.obj (.text:ti_sysbios_knl_Swi_or__E)
                             00006ad6   release_pem4f.oem4f (.text:ti_sysbios_knl_Clock_doTick__I)
ti_sysbios_BIOS_RtsGateProxy_leave__E  $Tramp$TT$L$PI$$ti_sysbios_BIOS_RtsGateProxy_leave__E
   1003b7e3     00006d64     000068f2   release_pem4f.oem4f (.text:ti_sysbios_BIOS_rtsUnlock__I)
ti_sysbios_knl_Swi_construct  $Tramp$TT$L$PI$$ti_sysbios_knl_Swi_construct
   1003a465     00006d6c     00006806   rom_sysbios.aem4f : rom_sysbios.obj (.text:ti_sysbios_knl_Swi_construct2__E)
ti_sysbios_BIOS_RtsGateProxy_enter__E  $Tramp$TT$L$PI$$ti_sysbios_BIOS_RtsGateProxy_enter__E
   1003b7df     00006d74     0000666e   release_pem4f.oem4f (.text:ti_sysbios_BIOS_rtsLock__I)
ti_sysbios_knl_Clock_getTicks__E  $Tramp$TT$L$PI$$ti_sysbios_knl_Clock_getTicks__E
   1003a925     00006d7c     0000625e   rom_sysbios.aem4f : rom_sysbios.obj (.text:ti_sysbios_knl_Clock_getTimeout__E)
ti_sysbios_knl_Task_delete  $Tramp$TT$L$PI$$ti_sysbios_knl_Task_delete
   1003b86b     00006d84     00006184   rom_sysbios.aem4f : rom_sysbios.obj (.text:_pthread_delete$44)
ti_sysbios_knl_Semaphore_destruct  $Tramp$TT$L$PI$$ti_sysbios_knl_Semaphore_destruct
   1003b85b     00006d8c     00006178   rom_sysbios.aem4f : rom_sysbios.obj (.text:_pthread_delete$44)
ti_sysbios_knl_Task_startup__E  $Tramp$TT$L$PI$$ti_sysbios_knl_Task_startup__E
   1003b873     00006d94     00006024   release_pem4f.oem4f (.text:ti_sysbios_BIOS_startFunc__I)
ti_sysbios_knl_Swi_startup__E  $Tramp$TT$L$PI$$ti_sysbios_knl_Swi_startup__E
   1003b7d3     00006d9c     00006020   release_pem4f.oem4f (.text:ti_sysbios_BIOS_startFunc__I)
ti_sysbios_hal_Hwi_startup__E  $Tramp$TT$L$PI$$ti_sysbios_hal_Hwi_startup__E
   1003b799     00006da4     0000601c   release_pem4f.oem4f (.text:ti_sysbios_BIOS_startFunc__I)
ti_sysbios_family_arm_cc26xx_Timer_startup__E  $Tramp$TT$L$PI$$ti_sysbios_family_arm_cc26xx_Timer_startup__E
   1003a9cd     00006dac     00006018   release_pem4f.oem4f (.text:ti_sysbios_BIOS_startFunc__I)
xdc_runtime_System_atexit__E  $Tramp$TT$L$PI$$xdc_runtime_System_atexit__E
   1003bc29     00006db4     00006010   release_pem4f.oem4f (.text:ti_sysbios_BIOS_startFunc__I)
ti_sysbios_BIOS_linkedWithIncorrectBootLibrary__E  $Tramp$TT$L$PI$$ti_sysbios_BIOS_linkedWithIncorrectBootLibrary__E
   10039bff     00006dbc     0000600a   release_pem4f.oem4f (.text:ti_sysbios_BIOS_startFunc__I)
xdc_runtime_Startup_rtsDone__E  $Tramp$TT$L$PI$$xdc_runtime_Startup_rtsDone__E
   1003bf5d     00006dc4     00006002   release_pem4f.oem4f (.text:ti_sysbios_BIOS_startFunc__I)
ti_sysbios_BIOS_setThreadType__E  $Tramp$TT$L$PI$$ti_sysbios_BIOS_setThreadType__E
   1003b5c5     00006dcc     00005fdc   release_pem4f.oem4f (.text:ti_sysbios_BIOS_atExitFunc__I)
                             000067f6   release_pem4f.oem4f (.text:ti_sysbios_BIOS_errorRaiseHook__I)
                             000069a8   release_pem4f.oem4f (.text:ti_sysbios_BIOS_exitFunc__I)
ti_sysbios_knl_Swi_disable__E  $Tramp$TT$L$PI$$ti_sysbios_knl_Swi_disable__E
   1003b525     00006dd4     00005fd2   release_pem4f.oem4f (.text:ti_sysbios_BIOS_atExitFunc__I)
                             00006d0c   dpl_cc13x2_v1.aem4f : SwiP_tirtos.oem4f (.text:SwiP_disable)
ti_sysbios_family_arm_m3_Hwi_construct  $Tramp$TT$L$PI$$ti_sysbios_family_arm_m3_Hwi_construct
   10039fad     00006ddc     00005c0a   rom_sysbios.aem4f : rom_sysbios.obj (.text:ti_sysbios_family_arm_m3_Hwi_construct2__E)
ti_sysbios_knl_Swi_Params__init__S  $Tramp$TT$L$PI$$ti_sysbios_knl_Swi_Params__init__S
   1003b765     00006de4     00005bce   dpl_cc13x2_v1.aem4f : SwiP_tirtos.oem4f (.text:SwiP_construct)
ti_sysbios_family_arm_m3_Hwi_Params__init__S  $Tramp$TT$L$PI$$ti_sysbios_family_arm_m3_Hwi_Params__init__S
   1003b6d5     00006dec     00005aa0   dpl_cc13x2_v1.aem4f : HwiP_tirtos.oem4f (.text:HwiP_construct)
ti_sysbios_knl_Clock_construct  $Tramp$TT$L$PI$$ti_sysbios_knl_Clock_construct
   1003a8ed     00006df4     000053c2   dpl_cc13x2_v1.aem4f : ClockP_tirtos.oem4f (.text:ClockP_construct)
ti_sysbios_knl_Clock_Params__init__S  $Tramp$TT$L$PI$$ti_sysbios_knl_Clock_Params__init__S
   1003b711     00006dfc     000053a8   dpl_cc13x2_v1.aem4f : ClockP_tirtos.oem4f (.text:ClockP_construct)
xdc_runtime_System_exit__E  $Tramp$TT$L$PI$$xdc_runtime_System_exit__E
   1003be69     00006e04     000051c8   boot.aem4f : boot.oem4f (.text)
                             000069ae   release_pem4f.oem4f (.text:ti_sysbios_BIOS_exitFunc__I)
ti_sysbios_heaps_HeapMem_restore__E  $Tramp$TT$L$PI$$ti_sysbios_heaps_HeapMem_restore__E
   1003b69f     00006e0c     00004fb4   rom_sysbios.aem4f : rom_sysbios.obj (.text:ti_sysbios_heaps_HeapMem_initPrimary__I)
ti_sysbios_heaps_HeapMem_Object__get__S  $Tramp$TT$L$PI$$ti_sysbios_heaps_HeapMem_Object__get__S
   1003aed9     00006e14     00004f84   rom_sysbios.aem4f : rom_sysbios.obj (.text:ti_sysbios_heaps_HeapMem_initPrimary__I)
ti_sysbios_BIOS_start__E  $Tramp$TT$L$PI$$ti_sysbios_BIOS_start__E
   1003b621     00006e1c     00004a76   main_tirtos.obj (.text:main)
ti_sysbios_knl_Semaphore_post__E  $Tramp$TT$L$PI$$ti_sysbios_knl_Semaphore_post__E
   100399d1     00006e24     000040b6   rom_sysbios.aem4f : rom_sysbios.obj (.text:_pthread_removeThreadKeys)
                             00004b96                     : rom_sysbios.obj (.text:_pthread_runStub)
                             00005268                     : rom_sysbios.obj (.text:pthread_exit)
                             00006d08   dpl_cc13x2_v1.aem4f : SemaphoreP_tirtos.oem4f (.text:SemaphoreP_post)
xdc_runtime_Memory_free__E  $Tramp$TT$L$PI$$xdc_runtime_Memory_free__E
   1003beb9     00006e2c     000040ac   rom_sysbios.aem4f : rom_sysbios.obj (.text:_pthread_removeThreadKeys)
                             00006190                     : rom_sysbios.obj (.text:_pthread_delete$44)
                             00006866   release_pem4f.oem4f (.text:free)
ti_sysbios_knl_Queue_next__E  $Tramp$TT$L$PI$$ti_sysbios_knl_Queue_next__E
   1003b853     00006e34     00004086   rom_sysbios.aem4f : rom_sysbios.obj (.text:_pthread_removeThreadKeys)
ti_sysbios_knl_Queue_head__E  $Tramp$TT$L$PI$$ti_sysbios_knl_Queue_head__E
   1003b84f     00006e3c     00004072   rom_sysbios.aem4f : rom_sysbios.obj (.text:_pthread_removeThreadKeys)
ti_sysbios_knl_Semaphore_pend__E  $Tramp$TT$L$PI$$ti_sysbios_knl_Semaphore_pend__E
   10039005     00006e44     0000406c   rom_sysbios.aem4f : rom_sysbios.obj (.text:_pthread_removeThreadKeys)
                             00006ae2   dpl_cc13x2_v1.aem4f : SemaphoreP_tirtos.oem4f (.text:SemaphoreP_pend)
ti_sysbios_knl_Clock_scheduleNextTick__E  $Tramp$TT$L$PI$$ti_sysbios_knl_Clock_scheduleNextTick__E
   1003b3a1     00006e4c     00003dec   rom_sysbios.aem4f : rom_sysbios.obj (.text:ti_sysbios_knl_Clock_workFuncDynamic__E)
ti_sysbios_knl_Clock_walkQueueDynamic__E  $Tramp$TT$L$PI$$ti_sysbios_knl_Clock_walkQueueDynamic__E
   10039879     00006e54     00003db6   rom_sysbios.aem4f : rom_sysbios.obj (.text:ti_sysbios_knl_Clock_workFuncDynamic__E)
                             00003dd0                     : rom_sysbios.obj (.text:ti_sysbios_knl_Clock_workFuncDynamic__E)
ti_sysbios_knl_Clock_TimerProxy_getCurrentTick__E  $Tramp$TT$L$PI$$ti_sysbios_knl_Clock_TimerProxy_getCurrentTick__E
   1003b651     00006e5c     00003d86   rom_sysbios.aem4f : rom_sysbios.obj (.text:ti_sysbios_knl_Clock_workFuncDynamic__E)
                             000061da                     : rom_sysbios.obj (.text:ti_sysbios_knl_Clock_getTicksUntilInterrupt__E)
ti_sysbios_knl_Task_restore__E  $Tramp$TT$L$PI$$ti_sysbios_knl_Task_restore__E
   1003ac5d     00006e64     00003c2a   rom_sysbios.aem4f : rom_sysbios.obj (.text:ti_sysbios_knl_Task_setPri__E)
                             00004060                     : rom_sysbios.obj (.text:_pthread_removeThreadKeys)
                             000040c0                     : rom_sysbios.obj (.text:_pthread_removeThreadKeys)
                             00004ba2                     : rom_sysbios.obj (.text:_pthread_runStub)
                             0000527a                     : rom_sysbios.obj (.text:pthread_exit)
                             000062b0   dpl_cc13x2_v1.aem4f : PowerCC26X2_tirtos.oem4f (.text:PowerCC26XX_schedulerRestore)
                             0000649c   rom_sysbios.aem4f : rom_sysbios.obj (.text:_pthread_cleanupFxn)
ti_sysbios_knl_Queue_enqueue__E  $Tramp$TT$L$PI$$ti_sysbios_knl_Queue_enqueue__E
   1003b74d     00006e6c     00003bfc   rom_sysbios.aem4f : rom_sysbios.obj (.text:ti_sysbios_knl_Task_setPri__E)
                             00006d2c                     : rom_sysbios.obj (.text:ti_sysbios_knl_Queue_insert__E)
ti_sysbios_knl_Queue_empty__E  $Tramp$TT$L$PI$$ti_sysbios_knl_Queue_empty__E
   1003b6ad     00006e74     00003be4   rom_sysbios.aem4f : rom_sysbios.obj (.text:ti_sysbios_knl_Task_setPri__E)
                             00004058                     : rom_sysbios.obj (.text:_pthread_removeThreadKeys)
ti_sysbios_knl_Queue_remove__E  $Tramp$TT$L$PI$$ti_sysbios_knl_Queue_remove__E
   1003b6bb     00006e7c     00003bde   rom_sysbios.aem4f : rom_sysbios.obj (.text:ti_sysbios_knl_Task_setPri__E)
                             0000408e                     : rom_sysbios.obj (.text:_pthread_removeThreadKeys)
                             00004094                     : rom_sysbios.obj (.text:_pthread_removeThreadKeys)
ti_sysbios_knl_Task_disable__E  $Tramp$TT$L$PI$$ti_sysbios_knl_Task_disable__E
   1003b53d     00006e84     00003ba4   rom_sysbios.aem4f : rom_sysbios.obj (.text:ti_sysbios_knl_Task_setPri__E)
                             0000404e                     : rom_sysbios.obj (.text:_pthread_removeThreadKeys)
                             00004b80                     : rom_sysbios.obj (.text:_pthread_runStub)
                             0000526e                     : rom_sysbios.obj (.text:pthread_exit)
                             00005fd6   release_pem4f.oem4f (.text:ti_sysbios_BIOS_atExitFunc__I)
                             00006276   dpl_cc13x2_v1.aem4f : PowerCC26X2_tirtos.oem4f (.text:PowerCC26XX_schedulerDisable)
                             0000648e   rom_sysbios.aem4f : rom_sysbios.obj (.text:_pthread_cleanupFxn)
ti_sysbios_knl_Clock_stop__E  $Tramp$TT$L$PI$$ti_sysbios_knl_Clock_stop__E
   1003af29     00006e8c     000037fe   dpl_cc13x2_v1.aem4f : PowerCC26X2_tirtos.oem4f (.text:PowerCC26XX_standbyPolicy)
                             00006cf0                       : ClockP_tirtos.oem4f (.text:ClockP_stop)
ti_sysbios_knl_Clock_start__E  $Tramp$TT$L$PI$$ti_sysbios_knl_Clock_start__E
   1003b599     00006e94     000037f2   dpl_cc13x2_v1.aem4f : PowerCC26X2_tirtos.oem4f (.text:PowerCC26XX_standbyPolicy)
                             00006cec                       : ClockP_tirtos.oem4f (.text:ClockP_start)
ti_sysbios_knl_Clock_setTimeout__E  $Tramp$TT$L$PI$$ti_sysbios_knl_Clock_setTimeout__E
   1003b833     00006e9c     000037ec   dpl_cc13x2_v1.aem4f : PowerCC26X2_tirtos.oem4f (.text:PowerCC26XX_standbyPolicy)
                             00006ce8                       : ClockP_tirtos.oem4f (.text:ClockP_setTimeout)
ti_sysbios_knl_Task_create  $Tramp$TT$L$PI$$ti_sysbios_knl_Task_create
   1003a1ed     00006ea4     00003012   rom_sysbios.aem4f : rom_sysbios.obj (.text:pthread_create)
ti_sysbios_knl_Semaphore_construct  $Tramp$TT$L$PI$$ti_sysbios_knl_Semaphore_construct
   1003a95d     00006eac     00003008   rom_sysbios.aem4f : rom_sysbios.obj (.text:pthread_create)
                             00006166   dpl_cc13x2_v1.aem4f : SemaphoreP_tirtos.oem4f (.text:SemaphoreP_constructBinary)
ti_sysbios_knl_Semaphore_Params__init__S  $Tramp$TT$L$PI$$ti_sysbios_knl_Semaphore_Params__init__S
   1003b759     00006eb4     00002ff6   rom_sysbios.aem4f : rom_sysbios.obj (.text:pthread_create)
[...]
1003b69f  ti_sysbios_heaps_HeapMem_restore__E                                  
1003b6ad  ti_sysbios_knl_Queue_empty__E                                        
1003b6bb  ti_sysbios_knl_Queue_remove__E                                       
1003b6c9  ti_sysbios_family_arm_cc26xx_TimestampProvider_getFreq__E            
1003b6c9  xdc_runtime_Timestamp_SupportProxy_getFreq__E                        
1003b6c9  xdc_runtime_Timestamp_SupportProxy_getFreq__E__mangled__             
1003b6c9  xdc_runtime_Timestamp_getFreq__E                                     
1003b6c9  xdc_runtime_Timestamp_getFreq__E                                     
1003b6d5  ti_sysbios_family_arm_m3_Hwi_Params__init__S                         
1003b6d5  ti_sysbios_hal_Hwi_HwiProxy_Params__init__S                          
1003b6d5  ti_sysbios_hal_Hwi_HwiProxy_Params__init__S__mangled__               
1003b6e1  ti_sysbios_family_arm_m3_Hwi_disableFxn__E                           
1003b6ed  ti_sysbios_family_arm_m3_Hwi_enableFxn__E                            
1003b6f9  ti_sysbios_gates_GateHwi_enter__E                                    
1003b705  ti_sysbios_BIOS_RtsGateProxy_Params__init__S                         
1003b705  ti_sysbios_BIOS_RtsGateProxy_Params__init__S__mangled__              
1003b705  ti_sysbios_gates_GateMutex_Params__init__S                           
1003b705  ti_sysbios_heaps_HeapMem_Module_GateProxy_Params__init__S            
1003b705  ti_sysbios_heaps_HeapMem_Module_GateProxy_Params__init__S__mangled__ 
1003b711  ti_sysbios_knl_Clock_Params__init__S                                 
1003b71d  ti_sysbios_knl_Clock_getTimerHandle__E                               
1003b729  ti_sysbios_knl_Event_Params__init__S                                 
1003b735  ti_sysbios_knl_Mailbox_Params__init__S                               
1003b741  ti_sysbios_knl_Queue_dequeue__E                                      
1003b74d  ti_sysbios_knl_Queue_enqueue__E                                      
1003b759  ti_sysbios_knl_Semaphore_Params__init__S                             
1003b765  ti_sysbios_knl_Swi_Params__init__S                                   
1003b771  ti_sysbios_knl_Task_Params__init__S                                  
1003b77d  ti_sysbios_hal_Hwi_Instance_finalize__E                              
1003b787  ti_sysbios_knl_Event_Instance_init__E                                
1003b791  ti_sysbios_family_arm_m3_Hwi_doSwiRestore__I                         
1003b799  ti_sysbios_family_arm_m3_Hwi_startup__E                              
1003b799  ti_sysbios_hal_Hwi_HwiProxy_startup__E                               
1003b799  ti_sysbios_hal_Hwi_HwiProxy_startup__E__mangled__                    
1003b799  ti_sysbios_hal_Hwi_startup__E                                        
1003b799  ti_sysbios_hal_Hwi_startup__E                                        
1003b7a1  ti_sysbios_knl_Idle_loop__E                                          
1003b7a9  ti_sysbios_family_arm_m3_Hwi_doTaskRestore__I                        
1003b7af  HwiP_restore                                                         
1003b7af  ti_sysbios_family_arm_m3_Hwi_restoreFxn__E                           
1003b7b5  ti_sysbios_gates_GateHwi_leave__E                                    
1003b7bb  ti_sysbios_gates_GateMutex_Instance_finalize__E                      
1003b7c1  ti_sysbios_heaps_HeapMem_isBlocking__E                               
1003b7c7  ti_sysbios_knl_Queue_Instance_init__E                                
1003b7cd  ti_sysbios_knl_Queue_elemClear__E                                    
1003b7d3  ti_sysbios_knl_Swi_startup__E                                        
1003b7d9  ti_sysbios_knl_Task_enable__E                                        
1003b7df  ti_sysbios_BIOS_RtsGateProxy_enter__E                                
1003b7e3  ti_sysbios_BIOS_RtsGateProxy_leave__E                                
1003b7e7  ti_sysbios_family_arm_cc26xx_Timer_getExpiredTicks__E                
1003b7eb  ti_sysbios_family_arm_cc26xx_Timer_getPeriod__E                      
1003b7ef  ti_sysbios_family_arm_cc26xx_Timer_setPeriod__E                      
1003b7f3  ti_sysbios_family_arm_m3_Hwi_delete                                  
1003b7f7  ti_sysbios_family_arm_m3_Hwi_destruct                                
1003b7fb  ti_sysbios_family_arm_m3_TaskSupport_Module__startupDone__S          
1003b7fb  ti_sysbios_knl_Task_SupportProxy_Module__startupDone__S              
1003b7fb  ti_sysbios_knl_Task_SupportProxy_Module__startupDone__S__mangled__   
1003b7ff  ti_sysbios_gates_GateHwi_query__E                                    
1003b7ff  xdc_runtime_Main_Module_GateProxy_query__E                           
1003b7ff  xdc_runtime_System_Module_GateProxy_query__E                         
1003b7ff  xdc_runtime_System_Module_GateProxy_query__E__mangled__              
1003b803  ti_sysbios_gates_GateMutex_delete                                    
1003b807  ti_sysbios_gates_GateMutex_destruct                                  
1003b80b  ti_sysbios_BIOS_RtsGateProxy_query__E                                
1003b80b  ti_sysbios_BIOS_RtsGateProxy_query__E__mangled__                     
1003b80b  ti_sysbios_gates_GateMutex_query__E                                  
1003b80b  ti_sysbios_heaps_HeapMem_Module_GateProxy_query__E                   
1003b80b  ti_sysbios_heaps_HeapMem_Module_GateProxy_query__E__mangled__        
1003b80f  ti_sysbios_hal_Hwi_HwiProxy_delete                                   
1003b813  ti_sysbios_hal_Hwi_delete                                            
1003b817  ti_sysbios_heaps_HeapMem_Module_GateProxy_enter__E                   
1003b81b  ti_sysbios_heaps_HeapMem_Module_GateProxy_leave__E                   
1003b81f  ti_sysbios_knl_Clock_TimerProxy_getExpiredTicks__E                   
1003b823  ti_sysbios_knl_Clock_TimerProxy_getPeriod__E                         
1003b827  ti_sysbios_knl_Clock_delete                                          
1003b82b  ti_sysbios_knl_Clock_destruct                                        
1003b82f  ti_sysbios_knl_Clock_removeI__E                                      
1003b833  ti_sysbios_knl_Clock_setTimeout__E                                   
1003b837  ti_sysbios_knl_Event_delete                                          
1003b83b  ti_sysbios_knl_Event_destruct                                        
1003b83f  ti_sysbios_knl_Mailbox_delete                                        
1003b843  ti_sysbios_knl_Mailbox_destruct                                      
1003b847  ti_sysbios_knl_Queue_delete                                          
1003b84b  ti_sysbios_knl_Queue_destruct                                        
1003b84f  ti_sysbios_knl_Queue_head__E                                         
1003b853  ti_sysbios_knl_Queue_next__E                                         
1003b857  ti_sysbios_knl_Semaphore_delete                                      
1003b85b  ti_sysbios_knl_Semaphore_destruct                                    
1003b85f  ti_sysbios_knl_Swi_delete                                            
1003b863  ti_sysbios_knl_Swi_destruct                                          
1003b867  ti_sysbios_knl_Swi_postInit__I                                       
1003b86b  ti_sysbios_knl_Task_delete                                           
1003b86f  ti_sysbios_knl_Task_destruct                                         
1003b873  ti_sysbios_knl_Task_startup__E                                       
1003b879  xdc_runtime_Startup_startMods__I                                     
1003ba31  xdc_runtime_Core_createObject__I                                     
1003bab1  xdc_runtime_Memory_alloc__E                                          
1003bb21  xdc_runtime_Core_deleteObject__I                                     
1003bb7f  xdc_runtime_Error_policySpin__E                                      
1003bb81  xdc_runtime_Assert_raise__I                                          
1003bbd5  xdc_runtime_Startup_exec__E                                          
1003bc29  xdc_runtime_System_atexit__E                                         
1003bc75  xdc_runtime_Core_assignParams__I                                     
1003bcbd  xdc_runtime_Core_constructObject__I                                  
1003bd4d  xdc_runtime_System_processAtExit__E                                  
1003bd8d  xdc_runtime_Core_assignLabel__I                                      
1003bdbd  xdc_runtime_Text_cordText__E                                         
1003bde9  xdc_runtime_System_abort__E                                          
1003be11  xdc_runtime_Error_raiseX__E                                          
1003be31  xdc_runtime_Error_check__E                                           
1003be4d  xdc_runtime_Memory_valloc__E                                         
1003be69  xdc_runtime_System_exit__E                                           
1003be85  xdc_runtime_Text_ropeText__E                                         
1003bea1  xdc_runtime_Core_destructObject__I                                   
1003beb9  xdc_runtime_Memory_free__E                                           
1003becd  xdc_runtime_SysCallback_abort__E                                     
1003becd  xdc_runtime_System_SupportProxy_abort__E                             
1003bee1  xdc_runtime_SysCallback_exit__E                                      
1003bee1  xdc_runtime_System_SupportProxy_exit__E                              
1003bef5  xdc_runtime_Memory_getMaxDefaultTypeAlign__E                         
1003bf35  xdc_runtime_Timestamp_SupportProxy_get32__E                          
1003bf35  xdc_runtime_Timestamp_get32__E                                       
1003bf35  xdc_runtime_Timestamp_get32__E                                       
1003bf51  xdc_runtime_Memory_calloc__E                                         
1003bf5d  xdc_runtime_Startup_rtsDone__E                                       
1003bf69  xdc_runtime_Memory_HeapProxy_alloc__E                                
1003bf73  xdc_runtime_Memory_HeapProxy_free__E                                 
1003bf7d  xdc_runtime_Gate_leaveSystem__E                                      
1003bf83  xdc_runtime_System_Module_startup__E                                 
1003bf89  xdc_runtime_Gate_enterSystem__E                                      
1003bf8d  xdc_runtime_SysCallback_Module__startupDone__S                       
1003bf8d  xdc_runtime_System_SupportProxy_Module__startupDone__S               
1003bf91  xdc_runtime_System_Module_GateProxy_enter__E                         
1003bf95  xdc_runtime_System_Module_GateProxy_leave__E                         
1003bf99  xdc_runtime_System_abortSpin__E                                      
1003bf9b  xdc_runtime_System_exitSpin__E                                       
1003bf9d  ti_sysbios_family_arm_m3_Hwi_dispatch__I                             
1003c095  ti_sysbios_family_arm_m3_TaskSupport_buildTaskStack                  
1003c121  ti_sysbios_family_arm_m3_Hwi_initStacks__E                           
1003c179  ti_sysbios_family_arm_m3_Hwi_pendSV__I                               
1003c19d  ti_sysbios_family_arm_m3_Hwi_return                                  
1003c1a1  ti_sysbios_family_arm_m3_Hwi_excHandlerAsm__I                        
1003c1c1  ti_sysbios_family_xxx_Hwi_switchAndRunFunc                           
1003c1df  ti_sysbios_family_arm_m3_TaskSupport_swap__E                         
1003c1df  ti_sysbios_knl_Task_SupportProxy_swap__E                             
1003c1df  ti_sysbios_knl_Task_SupportProxy_swap__E__mangled__                  
1003c1eb  ti_sysbios_knl_Task_swapReturn                                       
1003c1f7  ti_sysbios_family_arm_m3_TaskSupport_glue                            
1003c208  ti_sysbios_knl_Task_Object__PARAMS__C                                
1003c244  ti_sysbios_knl_Mailbox_Object__PARAMS__C                             
1003c278  ti_sysbios_family_arm_m3_Hwi_Object__PARAMS__C                       
1003c2a8  ti_sysbios_hal_Hwi_Object__PARAMS__C                                 
1003c2d4  ti_sysbios_knl_Swi_Object__PARAMS__C                                 
1003c2fc  ti_sysbios_heaps_HeapMem_Object__PARAMS__C                           
1003c320  ti_sysbios_knl_Clock_Object__PARAMS__C                               
1003c344  ti_sysbios_knl_Semaphore_Object__PARAMS__C                           
1003c368  ti_sysbios_gates_GateHwi_Object__PARAMS__C                           
1003c380  ti_sysbios_gates_GateMutex_Object__PARAMS__C                         
1003c398  ti_sysbios_knl_Event_Object__PARAMS__C                               
1003c3b0  ti_sysbios_knl_Queue_Object__PARAMS__C                               
20000000  ti_sysbios_family_arm_m3_Hwi_ramVectors                              
20000100  xdcRomConstPtr                                                       
20000104  xdcRomExternFuncPtr                                                  
20000108  xdcRomStatePtr                                                       
20000110  __primary_heap_start__                                               
20001110  __primary_heap_end__                                                 
20001110  ti_sysbios_knl_Task_Instance_State_0_stack__A                        
200014d0  __CIOBUF_                                                            
200015f0  ti_sysbios_family_arm_m3_Hwi_dispatchTable                           
20001790  __TI_tmpnams                                                         
20001830  pinHandleTable                                                       
20001b46  driverlib_release_0_51995                                            
20001bbc  parmbuf                                                              
20001bc4  ClockP_tickPeriod                                                    
20001bc8  PowerCC26XX_swiKey                                                   
20001bcc  PowerCC26XX_taskKey                                                  
20001bd0  readEntry                                                            
20001bd8  ROM_stateStruct                                                      
20001bd8  ti_sysbios_knl_Clock_Module__state__V                                
20001c04  ti_sysbios_family_arm_cc26xx_TimestampProvider_Module__state__V      
20001c08  xdc_runtime_Startup_Module__state__V                                 
20001c10  ti_sysbios_BIOS_Module__state__V                                     
20001c34  ti_sysbios_knl_Swi_Module__state__V                                  
20001c50  ti_sysbios_knl_Task_Module__state__V                                 
20001c94  xdc_runtime_Memory_Module__state__V                                  
20001c98  xdc_runtime_System_Module__state__V                                  
20001ca0  ti_sysbios_family_arm_m3_Hwi_Module__state__V                        
20001cd4  xdc_runtime_Error_Module__state__V                                   
20001cd8  ti_sysbios_family_arm_cc26xx_Timer_Module__state__V                  
20001ce0  _ftable                                                              
20001dd0  PowerCC26X2_module                                                   
20001f20  _device                                                              
20001f98  pOverrides                                                           
20001ff8  ti_sysbios_gates_GateMutex_Object__table__V                          
2000204c  _stream                                                              
2000209c  ti_sysbios_knl_Task_Object__table__V                                 
200020e8  ti_sysbios_family_arm_cc26xx_Timer_Object__table__V                  
20002130  ti_sysbios_knl_Swi_Module_State_0_readyQ__A                          
20002160  ti_sysbios_knl_Swi_Object__table__V                                  
20002190  ti_sysbios_knl_Task_Module_State_0_readyQ__A                         
200021c0  RF_cmdPropRadioDivSetup                                              
200021e8  RF_cmdPropRx                                                         
2000220c  ti_sysbios_knl_Clock_Object__table__V                                
2000222c  xdc_runtime_Error_IgnoreBlock                                        
2000224c  RF_cmdFs                                                             
20002264  ti_sysbios_family_arm_m3_Hwi_Object__table__V                        
2000227c  ti_sysbios_heaps_HeapMem_Object__table__V                            
20002294  RF_prop                                                              
200022a4  __TI_ft_end                                                          
200022a8  __aeabi_stdin                                                        
200022ac  __aeabi_stdout                                                       
200022b0  __aeabi_stderr                                                       
200022b4  __TI_cleanup_ptr                                                     
200022b8  __TI_dtors_ptr                                                       
200022bc  __TI_enable_exit_profile_output                                      
200022c0  pinTable                                                             
200022cc  _lock                                                                
200022d0  _unlock                                                              
200022d4  pinUpperBound                                                        
200022d8  pinLowerBound                                                        
200022dc  ti_sysbios_family_arm_m3_Hwi_Module__root__V                         
200022e4  ti_sysbios_gates_GateHwi_Module__root__V                             
200022ec  ti_sysbios_gates_GateMutex_Module__root__V                           
200022f4  ti_sysbios_hal_Hwi_Module__root__V                                   
200022fc  ti_sysbios_heaps_HeapMem_Module__root__V                             
20002304  ti_sysbios_knl_Clock_Module__root__V                                 
2000230c  ti_sysbios_knl_Event_Module__root__V                                 
20002314  ti_sysbios_knl_Mailbox_Module__root__V                               
2000231c  ti_sysbios_knl_Queue_Module__root__V                                 
20002324  ti_sysbios_knl_Semaphore_Module__root__V                             
2000232c  ti_sysbios_knl_Swi_Module__root__V                                   
20002334  ti_sysbios_knl_Task_Module__root__V                                  
2000233c  xdc_runtime_System_Module_State_0_atexitHandlers__A                  
20002344  main_func_sp                                                         
20002348  ti_sysbios_family_arm_m3_Hwi_Module_State_0_excContext__A            
2000234c  ti_sysbios_family_arm_m3_Hwi_Module_State_0_excStack__A              
20002350  ti_sysbios_knl_Task_Module_State_0_idleTask__A                       
20002354  ti_sysbios_family_arm_m3_Hwi_Module_State_0_excActive__A             
20013c00  __stack                                                              
20014000  __STACK_END                                                          
e000e000  ti_sysbios_family_arm_m3_Hwi_nvic                                    
ffffffff  __TI_pprof_out_hndl                                                  
ffffffff  __TI_prof_data_size                                                  
ffffffff  __TI_prof_data_start                                                 
ffffffff  __binit__                                                            
ffffffff  __c_args__                                                           
ffffffff  binit                                                                
UNDEFED   SHT$$INIT_ARRAY$$Base                                                
UNDEFED   SHT$$INIT_ARRAY$$Limit                                               

[846 symbols]
