******************************************************************************
                  TI ARM Linker Unix v18.1.3                   
******************************************************************************
>> Linked Sun Sep  2 20:46:38 2018

OUTPUT FILE NAME:   <rfEchoTx_CC1352R1_LAUNCHXL_tirtos_ccs.out>
ENTRY POINT SYMBOL: "ResetISR"  address: 00003479


MEMORY CONFIGURATION

         name            origin    length      used     unused   attr    fill
----------------------  --------  ---------  --------  --------  ----  --------
  FLASH                 00000000   00058000  00006da4  0005125c  R  X
  GPRAM                 11000000   00002000  00000000  00002000  RW X
  SRAM                  20000000   00014000  000023e0  00011c20  RW X


SEGMENT ALLOCATION MAP

run origin  load origin   length   init length attrs members
----------  ----------- ---------- ----------- ----- -------
00000000    00000000    00006d50   00006d50    r-x
  00000000    00000000    0000003c   0000003c    r-- .resetVecs
  0000003c    0000003c    00004c2c   00004c2c    r-x .text
  00004c68    00004c68    00001e4c   00001e4c    r-- .const
  00006ab8    00006ab8    00000298   00000298    r-- .cinit
00057fa8    00057fa8    00000058   00000058    r--
  00057fa8    00057fa8    00000058   00000058    r-- .ccfg
20000100    20000100    0000000c   00000000    rw-
  20000100    20000100    00000004   00000000    rw- .data:xdcRomConstPtr
  20000104    20000104    00000004   00000000    rw- .data:xdcRomExternFuncPtr
  20000108    20000108    00000004   00000000    rw- .data:xdcRomStatePtr
20000110    20000110    00001000   00000000    r--
  20000110    20000110    00001000   00000000    r-- .priheap
20001110    20001110    00000f00   00000000    rw-
  20001110    20001110    0000092c   00000000    rw- .bss
  20001a40    20001a40    000005d0   00000000    rw- .data
20013c00    20013c00    00000400   00000000    rw-
  20013c00    20013c00    00000400   00000000    rw- .stack


SECTION ALLOCATION MAP

 output                                  attributes/
section   page    origin      length       input sections
--------  ----  ----------  ----------   ----------------
.binit     0    00000000    00000000     

.cinit     0    00006ab8    00000298     
                  00006ab8    00000243     (.cinit..data.load) [load image, compression = lzss]
                  00006cfb    00000001     --HOLE-- [fill = 0]
                  00006cfc    0000000c     (__TI_handler_table)
                  00006d08    00000008     (.cinit..bss.load) [load image, compression = zero_init]
                  00006d10    00000008     (.cinit..data:xdcRomConstPtr.load) [load image, compression = lzss]
                  00006d18    00000008     (.cinit..data:xdcRomExternFuncPtr.load) [load image, compression = lzss]
                  00006d20    00000008     (.cinit..data:xdcRomStatePtr.load) [load image, compression = lzss]
                  00006d28    00000028     (__TI_cinit_table)

.init_array 
*          0    00000000    00000000     UNINITIALIZED

.ccfg      0    00057fa8    00000058     
                  00057fa8    00000058     ccfg.obj (.ccfg:retain)

.bss       0    20001110    0000092c     UNINITIALIZED
                  20001110    00000200     release_pem4f.oem4f (.bss:taskStackSection)
                  20001310    000001c0     rf_multiMode_cc13x2_v1.aem4f : RFCC26X2_multiMode.oem4f (.bss:RF_cmdPool)
                  200014d0    000000d8     (.common:ti_sysbios_family_arm_m3_Hwi_dispatchTable)
                  200015a8    000000c8     rfEchoTx.obj (.bss:rfObject)
                  20001670    0000007c     (.common:pinHandleTable)
                  200016ec    00000004     drivers_cc13x2_v1.aem4f : PINCC26XX.oem4f (.bss)
                  200016f0    00000068     rf_multiMode_cc13x2_v1.aem4f : RFCC26X2_multiMode.oem4f (.bss:RF_ratModule)
                  20001758    00000058     rfEchoTx.obj (.bss:rxDataEntryBuffer)
                  200017b0    00000034     rf_multiMode_cc13x2_v1.aem4f : RFCC26X2_multiMode.oem4f (.bss:RF_swiFsmObj)
                  200017e4    00000034                                  : RFCC26X2_multiMode.oem4f (.bss:RF_swiHwObj)
                  20001818    00000034     drivers_cc13x2_v1.aem4f : PINCC26XX.oem4f (.bss:pinSwi)
                  2000184c    00000030     rf_multiMode_cc13x2_v1.aem4f : RFCC26X2_multiMode.oem4f (.bss:RF_Sch)
                  2000187c    00000024                                  : RFCC26X2_multiMode.oem4f (.bss:RF_clkPowerUpObj)
                  200018a0    00000020                                  : RFCC26X2_multiMode.oem4f (.bss:RF_cmdQ)
                  200018c0    00000020     drivers_cc13x2_v1.aem4f : PINCC26XX.oem4f (.bss:pinGpioConfigTable)
                  200018e0    00000020     rfEchoTx.obj (.bss:rxPacket)
                  20001900    00000020     rfEchoTx.obj (.bss:txPacket)
                  20001920    0000001c     rf_multiMode_cc13x2_v1.aem4f : RFCC26X2_multiMode.oem4f (.bss:RF_hwiCpe0Obj)
                  2000193c    0000001c                                  : RFCC26X2_multiMode.oem4f (.bss:RF_hwiHwObj)
                  20001958    0000001c     drivers_cc13x2_v1.aem4f : PINCC26XX.oem4f (.bss:pinHwi)
                  20001974    0000001c                             : PINCC26XX.oem4f (.bss:pinSemaphore)
                  20001990    00000016     rfEchoTx.obj (.bss)
                  200019a6    00000001     (.common:driverlib_release_0_51995)
                  200019a7    00000001     --HOLE--
                  200019a8    00000016     rf_multiMode_cc13x2_v1.aem4f : RFCC26X2_multiMode.oem4f (.bss)
                  200019be    00000002     --HOLE--
                  200019c0    00000014                                  : RFCC26X2_multiMode.oem4f (.bss:RF_ratSyncCmd)
                  200019d4    00000014                                  : RFCC26X2_multiMode.oem4f (.bss:RF_wakeupNotifyObj)
                  200019e8    00000014     driverlib.lib : osc.obj (.bss:oscHfGlobals)
                  200019fc    00000010     rf_multiMode_cc13x2_v1.aem4f : RFCC26X2_multiMode.oem4f (.bss:RF_core)
                  20001a0c    0000000c     rfEchoTx.obj (.bss:ledPinState)
                  20001a18    0000000c     rfEchoTx.obj (.bss:rxStatistics)
                  20001a24    00000008     rfEchoTx.obj (.bss:dataQueue)
                  20001a2c    00000004     (.common:ClockP_tickPeriod)
                  20001a30    00000004     (.common:PowerCC26XX_swiKey)
                  20001a34    00000004     (.common:PowerCC26XX_taskKey)
                  20001a38    00000004     (.common:readEntry)

.data      0    20001a40    000005d0     UNINITIALIZED
                  20001a40    00000108     release_pem4f.oem4f (.data:ROM_stateStruct)
                  20001b48    000000c8     drivers_cc13x2_v1.aem4f : PowerCC26X2.oem4f (.data:PowerCC26X2_module)
                  20001c10    00000088     rom_sysbios.aem4f : rom_sysbios.obj (.data:$O1$$)
                  20001c98    00000064     smartrf_settings.obj (.data:pOverrides)
                  20001cfc    00000054     release_pem4f.oem4f (.data:ti_sysbios_gates_GateMutex_Object__table__V)
                  20001d50    0000004c     release_pem4f.oem4f (.data:ti_sysbios_knl_Task_Object__table__V)
                  20001d9c    00000004     rtsv7M4_T_le_v4SPD16_eabi.lib : rand.c.obj (.data)
                  20001da0    00000048     release_pem4f.oem4f (.data:ti_sysbios_family_arm_cc26xx_Timer_Object__table__V)
                  20001de8    00000030     release_pem4f.oem4f (.data:ti_sysbios_knl_Swi_Module_State_0_readyQ__A)
                  20001e18    00000030     release_pem4f.oem4f (.data:ti_sysbios_knl_Swi_Object__table__V)
                  20001e48    00000030     release_pem4f.oem4f (.data:ti_sysbios_knl_Task_Module_State_0_readyQ__A)
                  20001e78    00000028     smartrf_settings.obj (.data:RF_cmdPropRadioDivSetup)
                  20001ea0    00000024     smartrf_settings.obj (.data:RF_cmdPropRx)
                  20001ec4    00000020     release_pem4f.oem4f (.data:ti_sysbios_knl_Clock_Object__table__V)
                  20001ee4    00000020     release_pem4f.oem4f (.data:xdc_runtime_Error_IgnoreBlock)
                  20001f04    00000018     smartrf_settings.obj (.data:RF_cmdFs)
                  20001f1c    00000018     smartrf_settings.obj (.data:RF_cmdPropTx)
                  20001f34    00000018     release_pem4f.oem4f (.data:ti_sysbios_family_arm_m3_Hwi_Object__table__V)
                  20001f4c    00000018     release_pem4f.oem4f (.data:ti_sysbios_heaps_HeapMem_Object__table__V)
                  20001f64    00000010     smartrf_settings.obj (.data:RF_prop)
                  20001f74    00000010     rfEchoTx.obj (.data:pinTable)
                  20001f84    00000008     rtsv7M4_T_le_v4SPD16_eabi.lib : _lock.c.obj (.data:$O1$$)
                  20001f8c    00000008     drivers_cc13x2_v1.aem4f : PINCC26XX.oem4f (.data)
                  20001f94    00000008     release_pem4f.oem4f (.data:ti_sysbios_family_arm_m3_Hwi_Module__root__V)
                  20001f9c    00000008     release_pem4f.oem4f (.data:ti_sysbios_gates_GateHwi_Module__root__V)
                  20001fa4    00000008     release_pem4f.oem4f (.data:ti_sysbios_gates_GateMutex_Module__root__V)
                  20001fac    00000008     release_pem4f.oem4f (.data:ti_sysbios_hal_Hwi_Module__root__V)
                  20001fb4    00000008     release_pem4f.oem4f (.data:ti_sysbios_heaps_HeapMem_Module__root__V)
                  20001fbc    00000008     release_pem4f.oem4f (.data:ti_sysbios_knl_Clock_Module__root__V)
                  20001fc4    00000008     release_pem4f.oem4f (.data:ti_sysbios_knl_Event_Module__root__V)
                  20001fcc    00000008     release_pem4f.oem4f (.data:ti_sysbios_knl_Mailbox_Module__root__V)
                  20001fd4    00000008     release_pem4f.oem4f (.data:ti_sysbios_knl_Queue_Module__root__V)
                  20001fdc    00000008     release_pem4f.oem4f (.data:ti_sysbios_knl_Semaphore_Module__root__V)
                  20001fe4    00000008     release_pem4f.oem4f (.data:ti_sysbios_knl_Swi_Module__root__V)
                  20001fec    00000008     release_pem4f.oem4f (.data:ti_sysbios_knl_Task_Module__root__V)
                  20001ff4    00000008     release_pem4f.oem4f (.data:xdc_runtime_System_Module_State_0_atexitHandlers__A)
                  20001ffc    00000004     rtsv7M4_T_le_v4SPD16_eabi.lib : stkdepth_vars.c.obj (.data)
                  20002000    00000004     release_pem4f.oem4f (.data:ti_sysbios_family_arm_m3_Hwi_Module_State_0_excContext__A)
                  20002004    00000004     release_pem4f.oem4f (.data:ti_sysbios_family_arm_m3_Hwi_Module_State_0_excStack__A)
                  20002008    00000004     release_pem4f.oem4f (.data:ti_sysbios_knl_Task_Module_State_0_idleTask__A)
                  2000200c    00000002     release_pem4f.oem4f (.data:ti_sysbios_family_arm_m3_Hwi_Module_State_0_excActive__A)
                  2000200e    00000001     rfEchoTx.obj (.data)
                  2000200f    00000001     smartrf_settings.obj (.data)

.stack     0    20013c00    00000400     UNINITIALIZED
                  20013c00    00000400     --HOLE--

.priheap   0    20000110    00001000     UNINITIALIZED
                  20000110    00001000     --HOLE--

.data:xdcRomConstPtr 
*          0    20000100    00000004     UNINITIALIZED
                  20000100    00000004     release_pem4f.oem4f (.data:xdcRomConstPtr)

.data:xdcRomExternFuncPtr 
*          0    20000104    00000004     UNINITIALIZED
                  20000104    00000004     release_pem4f.oem4f (.data:xdcRomExternFuncPtr)

.data:xdcRomStatePtr 
*          0    20000108    00000004     UNINITIALIZED
                  20000108    00000004     release_pem4f.oem4f (.data:xdcRomStatePtr)

.bootVecs 
*          0    00000000    00000008     DSECT
                  00000000    00000008     boot.aem4f : boot.oem4f (.bootVecs)

.resetVecs 
*          0    00000000    0000003c     
                  00000000    0000003c     release_pem4f.oem4f (.resetVecs)

.vecs      0    20000000    000000d8     NOLOAD SECTION
                  20000000    000000d8     release_pem4f.oem4f (.vecs)

xdc.meta   0    00000000    0000011b     COPY SECTION
                  00000000    0000011b     release_pem4f.oem4f (xdc.meta)

xdc.noload 
*          0    00000000    00000000     COPY SECTION

.text      0    0000003c    00004c2c     
                  0000003c    000002f8     rf_multiMode_cc13x2_v1.aem4f : RFCC26X2_multiMode.oem4f (.text:RF_fsmActiveState)
                  00000334    00000284     rfEchoTx.obj (.text:mainThread)
                  000005b8    000001c0     drivers_cc13x2_v1.aem4f : PINCC26XX.oem4f (.text:PIN_init)
                  00000778    000001a4                             : PowerCC26X2.oem4f (.text:Power_sleep)
                  0000091c    00000194     rfEchoTx.obj (.text:echoCallback)
                  00000ab0    00000194     drivers_cc13x2_v1.aem4f : PowerCC26X2_calibrateRCOSC.oem4f (.text:runCalibrateFsm)
                  00000c44    00000170     rf_multiMode_cc13x2_v1.aem4f : RFCC26X2_multiMode.oem4f (.text:RF_fsmSetupState)
                  00000db4    0000015c     drivers_cc13x2_v1.aem4f : PowerCC26X2_calibrateRCOSC.oem4f (.text:calibrateRcoscHf1)
                  00000f10    00000134     driverlib.lib : setup.obj (.text:TrimAfterColdResetWakeupFromShutDown)
                  00001044    00000130     drivers_cc13x2_v1.aem4f : PowerCC26X2.oem4f (.text:Power_init)
                  00001174    00000128     rf_multiMode_cc13x2_v1.aem4f : RFCC26X2_multiMode.oem4f (.text:RF_fsmChangePhyState)
                  0000129c    00000124                                  : RFCC26X2_multiMode.oem4f (.text:RF_init)
                  000013c0    00000118     driverlib.lib : sys_ctrl.obj (.text:NOROM_SysCtrlStandby)
                  000014d8    00000114     rf_multiMode_cc13x2_v1.aem4f : RFCC26X2_multiMode.oem4f (.text:RF_radioOpDoneCb)
                  000015ec    00000114     smartrf_settings.obj (.text:rf_patch_mce_genfsk)
                  00001700    00000104     rf_multiMode_cc13x2_v1.aem4f : RFCC26X2_multiMode.oem4f (.text:RF_open)
                  00001804    00000100                                  : RFCC26X2_multiMode.oem4f (.text:RF_fsmPowerUpState)
                  00001904    000000f0                                  : RFCC26X2_multiMode.oem4f (.text:RF_pendCmd)
                  000019f4    000000e4     smartrf_settings.obj (.text:configureMultiProtocolPatch)
                  00001ad8    000000e4     rom_sysbios.aem4f : rom_sysbios.obj (.text:pthread_create)
                  00001bbc    000000e0     drivers_cc13x2_v1.aem4f : PINCC26XX.oem4f (.text:PINCC26XX_setIoCfg)
                  00001c9c    000000e0     RFQueue.obj (.text:RFQueue_defineQueue)
                  00001d7c    000000d8     rf_multiMode_cc13x2_v1.aem4f : RFCC26X2_multiMode.oem4f (.text:RF_dispatchNextCmd)
                  00001e54    000000d4                                  : RFCC26X2_multiMode.oem4f (.text:RF_swiHw)
                  00001f28    000000c8     drivers_cc13x2_v1.aem4f : PowerCC26X2.oem4f (.text:Power_releaseDependency)
                  00001ff0    000000c4                             : PowerCC26X2.oem4f (.text:Power_setDependency)
                  000020b4    000000c4     smartrf_settings.obj (.text:rf_patch_rfe_genfsk)
                  00002178    000000bc     rf_multiMode_cc13x2_v1.aem4f : RFCC26X2_multiMode.oem4f (.text:RF_hwiCpe0Active)
                  00002234    000000b4     dpl_cc13x2_v1.aem4f : PowerCC26X2_tirtos.oem4f (.text:PowerCC26XX_standbyPolicy)
                  000022e8    000000b0     rf_multiMode_cc13x2_v1.aem4f : RFCC26X2_multiMode.oem4f (.text:RF_corePowerDown)
                  00002398    000000a0                                  : RFCC26X2_multiMode.oem4f (.text:RF_postCmd)
                  00002438    000000a0     auto_init.aem4f : auto_init.oem4f (.text)
                  000024d8    000000a0     rom_sysbios.aem4f : rom_sysbios.obj (.text:ti_sysbios_knl_Task_setPri__E)
                  00002578    0000009c     rtsv7M4_T_le_v4SPD16_eabi.lib : memcpy_t2.asm.obj (.text)
                  00002614    00000098     driverlib.lib : setup.obj (.text:NOROM_SetupTrimDevice)
                  000026ac    00000098     rom_sysbios.aem4f : rom_sysbios.obj (.text:ti_sysbios_knl_Clock_workFuncDynamic__E)
                  00002744    00000096     rtsv7M4_T_le_v4SPD16_eabi.lib : ull_div_t2.asm.obj (.text)
                  000027da    00000002     driverlib.lib : rfc.obj (.text:NOROM_RFCCpePatchReset)
                  000027dc    00000094     drivers_cc13x2_v1.aem4f : PINCC26XX.oem4f (.text:PIN_open)
                  00002870    00000088     rf_multiMode_cc13x2_v1.aem4f : RFCC26X2_multiMode.oem4f (.text:RF_ratFreeChannel)
                  000028f8    00000088     rom_sysbios.aem4f : rom_sysbios.obj (.text:_pthread_removeThreadKeys)
                  00002980    00000088     drivers_cc13x2_v1.aem4f : PowerCC26X2_calibrateRCOSC.oem4f (.text:calibrateRcoscHf2)
                  00002a08    00000084     CC1352R1_LAUNCHXL_fxns.obj (.text:CC1352R1_LAUNCHXL_sendExtFlashByte)
                  00002a8c    00000084     rf_multiMode_cc13x2_v1.aem4f : RFCC26X2_multiMode.oem4f (.text:RF_hwiHw)
                  00002b10    00000080     driverlib.lib : setup_rom.obj (.text:NOROM_SetupStepVddrTrimTo)
                  00002b90    00000080     rom_sysbios.aem4f : rom_sysbios.obj (.text:ti_sysbios_family_arm_cc26xx_Timer_start__E)
                  00002c10    0000007c     drivers_cc13x2_v1.aem4f : PowerCC26X2_calibrateRCOSC.oem4f (.text:updateSubSecInc)
                  00002c8c    0000007a     rtsv7M4_T_le_v4SPD16_eabi.lib : memset_t2.asm.obj (.text)
                  00002d06    00000002     rf_multiMode_cc13x2_v1.aem4f : RFCC26X2_multiMode.oem4f (.text:RF_defaultCallback)
                  00002d08    00000078                                  : RFCC26X2_multiMode.oem4f (.text:RF_ratDispatchTime)
                  00002d80    00000074     drivers_cc13x2_v1.aem4f : PowerCC26X2_calibrateRCOSC.oem4f (.text:PowerCC26X2_auxISR)
                  00002df4    00000074     rf_multiMode_cc13x2_v1.aem4f : RFCC26X2_multiMode.oem4f (.text:RF_issueRadioFreeCb)
                  00002e68    0000006c     driverlib.lib : setup_rom.obj (.text:NOROM_SetupAfterColdResetWakeupFromShutDownCfg1)
                  00002ed4    00000068                   : osc.obj (.text:NOROM_OSCHF_AttemptToSwitchToXosc)
                  00002f3c    00000068     rf_multiMode_cc13x2_v1.aem4f : RFCC26X2_multiMode.oem4f (.text:RF_getCurrentTime)
                  00002fa4    00000068     rtsv7M4_T_le_v4SPD16_eabi.lib : copy_decompress_lzss.c.obj (.text:decompress:lzss:__TI_decompress_lzss)
                  0000300c    00000068     main_tirtos.obj (.text:main)
                  00003074    00000066     rf_multiMode_cc13x2_v1.aem4f : RFCC26X2_multiMode.oem4f (.text:RF_syncCb)
                  000030da    00000002     rtsv7M4_T_le_v4SPD16_eabi.lib : _lock.c.obj (.text:_nop)
                  000030dc    00000064     rom_sysbios.aem4f : rom_sysbios.obj (.text:_pthread_runStub)
                  00003140    00000060     rf_multiMode_cc13x2_v1.aem4f : RFCC26X2_multiMode.oem4f (.text:RF_ratArmChannel)
                  000031a0    0000005c     drivers_cc13x2_v1.aem4f : PINCC26XX.oem4f (.text:PIN_remove)
                  000031fc    0000005c     rf_multiMode_cc13x2_v1.aem4f : RFCC26X2_multiMode.oem4f (.text:RF_dispatchNextEvent)
                  00003258    0000005c                                  : RFCC26X2_multiMode.oem4f (.text:RF_fsmXOSCState)
                  000032b4    0000005c                                  : RFCC26X2_multiMode.oem4f (.text:RF_hwiCpe0PowerFsm)
                  00003310    0000005c     rom_sysbios.aem4f : rom_sysbios.obj (.text:ti_sysbios_heaps_HeapMem_initPrimary__I)
                  0000336c    0000005c     release_pem4f.oem4f (.text:xdc_runtime_Startup_getState__I)
                  000033c8    00000058     drivers_cc13x2_v1.aem4f : PowerCC26X2_calibrateRCOSC.oem4f (.text:PowerCC26X2_initiateCalibration)
                  00003420    00000058     rf_multiMode_cc13x2_v1.aem4f : RFCC26X2_multiMode.oem4f (.text:RF_cmdDispatchTime)
                  00003478    00000058     boot.aem4f : boot.oem4f (.text)
                  000034d0    00000058     drivers_cc13x2_v1.aem4f : PowerCC26X2.oem4f (.text:disableLFClockQualifiers)
                  00003528    00000058     rom_sysbios.aem4f : rom_sysbios.obj (.text:pthread_exit)
                  00003580    00000050     dpl_cc13x2_v1.aem4f : ClockP_tirtos.oem4f (.text:ClockP_construct)
                  000035d0    00000050     driverlib.lib : chipinfo.obj (.text:NOROM_ChipInfo_GetChipType)
                  00003620    00000050     rf_multiMode_cc13x2_v1.aem4f : RFCC26X2_multiMode.oem4f (.text:RF_applyRfCorePatch)
                  00003670    00000050                                  : RFCC26X2_multiMode.oem4f (.text:RF_wakeupNotification)
                  000036c0    00000050     drivers_cc13x2_v1.aem4f : PowerCC26X2.oem4f (.text:configureXOSCHF)
                  00003710    0000004c     CC1352R1_LAUNCHXL_fxns.obj (.text:CC1352R1_LAUNCHXL_wakeUpExtFlash)
                  0000375c    0000004c     rf_multiMode_cc13x2_v1.aem4f : RFCC26X2_multiMode.oem4f (.text:RF_ratRestartChannels)
                  000037a8    0000004c     rtsv7M4_T_le_v4SPD16_eabi.lib : cpy_tbl.c.obj (.text:copy_in)
                  000037f4    00000048     driverlib.lib : rfc.obj (.text:NOROM_RFCSynthPowerDown)
                  0000383c    00000044                   : osc.obj (.text:NOROM_OSCHF_SwitchToRcOscTurnOffXosc)
                  00003880    00000044     drivers_cc13x2_v1.aem4f : PINCC26XX.oem4f (.text:PIN_swi)
                  000038c4    00000044     CC1352R1_LAUNCHXL_fxns.obj (.text:rfDriverCallback)
                  00003908    00000044     drivers_cc13x2_v1.aem4f : PowerCC26X2.oem4f (.text:switchXOSCHF)
                  0000394c    00000040     CC1352R1_LAUNCHXL_fxns.obj (.text:CC1352R1_LAUNCHXL_shutDownExtFlash)
                  0000398c    00000040     drivers_cc13x2_v1.aem4f : PowerCC26X2.oem4f (.text:PowerCC26XX_isStableXOSC_HF)
                  000039cc    00000040                             : PowerCC26X2.oem4f (.text:PowerCC26XX_switchXOSC_HF)
                  00003a0c    00000040     driverlib.lib : setup.obj (.text:Step_RCOSCHF_CTRIM)
                  00003a4c    00000040                   : setup.obj (.text:Step_VBG)
                  00003a8c    00000040     rom_sysbios.aem4f : rom_sysbios.obj (.text:ti_sysbios_family_arm_cc26xx_Timer_setThreshold__I)
                  00003acc    0000003e     dpl_cc13x2_v1.aem4f : HwiP_tirtos.oem4f (.text:HwiP_construct)
                  00003b0a    00000002     drivers_cc13x2_v1.aem4f : PowerCC26X2.oem4f (.text:emptyClockFunc)
                  00003b0c    0000003c                             : PINCC26XX.oem4f (.text:PIN_setOutputValue)
                  00003b48    0000003c     rf_multiMode_cc13x2_v1.aem4f : RFCC26X2_multiMode.oem4f (.text:RF_calculateDispatchTime)
                  00003b84    0000003c                                  : RFCC26X2_multiMode.oem4f (.text:RF_cmdGet)
                  00003bc0    0000003c     dpl_cc13x2_v1.aem4f : SwiP_tirtos.oem4f (.text:SwiP_construct)
                  00003bfc    0000003c     rom_sysbios.aem4f : rom_sysbios.obj (.text:ti_sysbios_family_arm_m3_Hwi_construct2__E)
                  00003c38    00000038     drivers_cc13x2_v1.aem4f : PowerCC26X2.oem4f (.text:notify)
                  00003c70    00000034     driverlib.lib : aux_sysif.obj (.text:NOROM_AUXSYSIFOpModeChange)
                  00003ca4    00000034                   : sys_ctrl.obj (.text:NOROM_SysCtrlIdle)
                  00003cd8    00000034     drivers_cc13x2_v1.aem4f : PINCC26XX.oem4f (.text:PIN_setConfig)
                  00003d0c    00000034                             : PowerCC26X2.oem4f (.text:Power_releaseConstraint)
                  00003d40    00000034     rf_multiMode_cc13x2_v1.aem4f : RFCC26X2_multiMode.oem4f (.text:RF_cacheFsCmd)
                  00003d74    00000034                                  : RFCC26X2_multiMode.oem4f (.text:RF_checkCmdFsError)
                  00003da8    00000034                                  : RFCC26X2_multiMode.oem4f (.text:RF_ieeeRequestFgCommand)
                  00003ddc    00000034                                  : RFCC26X2_multiMode.oem4f (.text:RF_powerConstraintRelease)
                  00003e10    00000034     rtsv7M4_T_le_v4SPD16_eabi.lib : rand.c.obj (.text:rand)
                  00003e44    00000032     rom_sysbios.aem4f : rom_sysbios.obj (.text:ti_sysbios_family_arm_cc26xx_Timer_setNextTick__E)
                  00003e76    00000002     smartrf_settings.obj (.text:enterMultiProtocolSysPatch)
                  00003e78    00000030     drivers_cc13x2_v1.aem4f : PowerCC26X2.oem4f (.text:Power_setConstraint)
                  00003ea8    00000030     rf_multiMode_cc13x2_v1.aem4f : RFCC26X2_multiMode.oem4f (.text:RF_calculateDeltaTimeUs)
                  00003ed8    00000030     drivers_cc13x2_v1.aem4f : PowerCC26X2_calibrateRCOSC.oem4f (.text:startTDC)
                  00003f08    00000030     release_pem4f.oem4f (.text:ti_sysbios_BIOS_atExitFunc__I)
                  00003f38    00000030     release_pem4f.oem4f (.text:ti_sysbios_BIOS_startFunc__I)
                  00003f68    00000030     rom_sysbios.aem4f : rom_sysbios.obj (.text:ti_sysbios_family_arm_cc26xx_Timer_getCurrentTick__E)
                  00003f98    00000030                       : rom_sysbios.obj (.text:ti_sysbios_family_arm_cc26xx_Timer_initDevice__I)
                  00003fc8    0000002c     rf_multiMode_cc13x2_v1.aem4f : RFCC26X2_multiMode.oem4f (.text:RF_executeDirectImmediateCmd)
                  00003ff4    0000002c                                  : RFCC26X2_multiMode.oem4f (.text:RF_ratReleaseChannels)
                  00004020    0000002c     dpl_cc13x2_v1.aem4f : SemaphoreP_tirtos.oem4f (.text:SemaphoreP_constructBinary)
                  0000404c    0000002c     rom_sysbios.aem4f : rom_sysbios.obj (.text:_pthread_delete$44)
                  00004078    0000002c                       : rom_sysbios.obj (.text:pthread_setcancelstate)
                  000040a4    0000002c                       : rom_sysbios.obj (.text:ti_sysbios_knl_Clock_getTicksUntilInterrupt__E)
                  000040d0    0000002a     rf_multiMode_cc13x2_v1.aem4f : RFCC26X2_multiMode.oem4f (.text:RF_ratSuspendChannels)
                  000040fa    0000002a     rom_sysbios.aem4f : rom_sysbios.obj (.text:ti_sysbios_knl_Clock_getTimeout__E)
                  00004124    00000028     dpl_cc13x2_v1.aem4f : PowerCC26X2_tirtos.oem4f (.text:PowerCC26XX_schedulerDisable)
                  0000414c    00000028                         : PowerCC26X2_tirtos.oem4f (.text:PowerCC26XX_schedulerRestore)
                  00004174    00000028     drivers_cc13x2_v1.aem4f : PowerCC26X2.oem4f (.text:Power_registerNotify)
                  0000419c    00000028     rf_multiMode_cc13x2_v1.aem4f : RFCC26X2_multiMode.oem4f (.text:RF_runCmd)
                  000041c4    00000028     drivers_cc13x2_v1.aem4f : PowerCC26X2.oem4f (.text:oscillatorISR)
                  000041ec    00000026                             : List.oem4f (.text:List_put)
                  00004212    00000002     rtsv7M4_T_le_v4SPD16_eabi.lib : div0.asm.obj (.text)
                  00004214    00000024     driverlib.lib : osc.obj (.text:NOROM_OSCHF_TurnOnXosc)
                  00004238    00000024                   : rfc.obj (.text:NOROM_RFCDoorbellSendTo)
                  0000425c    00000024     CC1352R1_LAUNCHXL_fxns.obj (.text:PINCC26XX_setOutputValue)
                  00004280    00000024     rf_multiMode_cc13x2_v1.aem4f : RFCC26X2_multiMode.oem4f (.text:RF_clkPowerUp)
                  000042a4    00000024                                  : RFCC26X2_multiMode.oem4f (.text:RF_cmdAlloc)
                  000042c8    00000024                                  : RFCC26X2_multiMode.oem4f (.text:RF_invokeGlobalCallback)
                  000042ec    00000024     rom_sysbios.aem4f : rom_sysbios.obj (.text:_pthread_cleanupFxn)
                  00004310    00000024     drivers_cc13x2_v1.aem4f : PowerCC26X2_calibrateRCOSC.oem4f (.text:getTdcSemaphore)
                  00004334    00000024     rtsv7M4_T_le_v4SPD16_eabi.lib : memcmp.c.obj (.text:memcmp)
                  00004358    00000024     rom_sysbios.aem4f : rom_sysbios.obj (.text:pthread_attr_init)
                  0000437c    00000024     release_pem4f.oem4f (.text:ti_sysbios_BIOS_registerRTSLock__I)
                  000043a0    00000024     release_pem4f.oem4f (.text:ti_sysbios_BIOS_removeRTSLock__I)
                  000043c4    00000024     rom_sysbios.aem4f : rom_sysbios.obj (.text:ti_sysbios_family_arm_cc26xx_Timer_getMaxTicks__E)
                  000043e8    00000022     drivers_cc13x2_v1.aem4f : List.oem4f (.text:List_get)
                  0000440a    00000022     rf_multiMode_cc13x2_v1.aem4f : RFCC26X2_multiMode.oem4f (.text:RF_isRadioSetup)
                  0000442c    00000020     RFQueue.obj (.text:RFQueue_nextEntry)
                  0000444c    00000020     rf_multiMode_cc13x2_v1.aem4f : RFCC26X2_multiMode.oem4f (.text:RF_hwiCpe0ChangePhy)
                  0000446c    00000020                                  : RFCC26X2_multiMode.oem4f (.text:RF_ratIsRunning)
                  0000448c    00000020                                  : RFCC26X2_multiMode.oem4f (.text:RF_swiFsm)
                  000044ac    00000020     smartrf_settings.obj (.text:applyMultiProtocolPatch)
                  000044cc    00000020     release_pem4f.oem4f (.text:ti_sysbios_BIOS_rtsLock__I)
                  000044ec    00000020     rom_sysbios.aem4f : rom_sysbios.obj (.text:ti_sysbios_family_arm_cc26xx_Timer_dynamicStub__E)
                  0000450c    00000020                       : rom_sysbios.obj (.text:xdc_runtime_Error_policyMin__E)
                  0000452c    0000001e     drivers_cc13x2_v1.aem4f : PINCC26XX.oem4f (.text:PIN_close)
                  0000454a    0000001e                             : PowerCC26X2.oem4f (.text:Power_getTransitionLatency)
                  00004568    0000001c     CC1352R1_LAUNCHXL.obj (.text:CC1352R1_LAUNCHXL_initGeneral)
                  00004584    0000001c     driverlib.lib : chipinfo.obj (.text:NOROM_ChipInfo_GetChipFamily)
                  000045a0    0000001c     drivers_cc13x2_v1.aem4f : PINCC26XX.oem4f (.text:PINCC26XX_setIoCfgMux)
                  000045bc    0000001c                             : PINCC26XX.oem4f (.text:PIN_hwi)
                  000045d8    0000001c     rf_multiMode_cc13x2_v1.aem4f : RFCC26X2_multiMode.oem4f (.text:RF_clkInactivity)
                  000045f4    0000001c                                  : RFCC26X2_multiMode.oem4f (.text:RF_powerConstraintSet)
                  00004610    0000001c     smartrf_settings.obj (.text:enterMultiProtocolCpePatch)
                  0000462c    0000001c     release_pem4f.oem4f (.text:ti_sysbios_BIOS_errorRaiseHook__I)
                  00004648    0000001c     rom_sysbios.aem4f : rom_sysbios.obj (.text:ti_sysbios_knl_Swi_construct2__E)
                  00004664    0000001c     release_pem4f.oem4f (.text:xdc_runtime_Startup_exec__I)
                  00004680    0000001a     drivers_cc13x2_v1.aem4f : PowerCC26X2.oem4f (.text:PowerCC26XX_calibrate)
                  0000469a    00000002     release_pem4f.oem4f (.text:ti_sysbios_BIOS_nullFunc__I)
                  0000469c    00000018     driverlib.lib : chipinfo.obj (.text:NOROM_ChipInfo_GetPackageType)
                  000046b4    00000018     drivers_cc13x2_v1.aem4f : PowerCC26X2.oem4f (.text:Power_idleFunc)
                  000046cc    00000018     rtsv7M4_T_le_v4SPD16_eabi.lib : args_main.c.obj (.text:_args_main)
                  000046e4    00000018                                   : ll_mul_t2.asm.obj (.text)
                  000046fc    00000018     release_pem4f.oem4f (.text:ti_sysbios_BIOS_rtsUnlock__I)
                  00004714    00000018     rom_sysbios.aem4f : rom_sysbios.obj (.text:ti_sysbios_knl_Swi_or__E)
                  0000472c    00000018     release_pem4f.oem4f (.text:ti_sysbios_rom_cortexm_cc26xx_agama_CC26xx_checkRevision__E)
                  00004744    00000018     rom_sysbios.aem4f : rom_sysbios.obj (.text:xdc_runtime_Error_init__E)
                  0000475c    00000016     rf_multiMode_cc13x2_v1.aem4f : RFCC26X2_multiMode.oem4f (.text:RF_restartClockTimeout)
                  00004772    00000016     rom_sysbios.aem4f : rom_sysbios.obj (.text:_pthread_cleanup_pop)
                  00004788    00000016     release_pem4f.oem4f (.text:ti_sysbios_BIOS_exitFunc__I)
                  0000479e    00000014     drivers_cc13x2_v1.aem4f : List.oem4f (.text:List_clearList)
                  000047b2    00000002     release_pem4f.oem4f (.text:ti_sysbios_rom_cortexm_cc26xx_agama_CC26xx_badRomRevision__E)
                  000047b4    00000014     driverlib.lib : rfc.obj (.text:NOROM_RFCCpeIntGetAndClear)
                  000047c8    00000014     drivers_cc13x2_v1.aem4f : PINCC26XX.oem4f (.text:PINCC26XX_getOutputValue)
                  000047dc    00000014                             : PowerCC26X2_calibrateRCOSC.oem4f (.text:PowerCC26X2_calibrate)
                  000047f0    00000014     rf_multiMode_cc13x2_v1.aem4f : RFCC26X2_multiMode.oem4f (.text:RF_Params_init)
                  00004804    00000014                                  : RFCC26X2_multiMode.oem4f (.text:RF_dbellSyncOnAck)
                  00004818    00000014                                  : RFCC26X2_multiMode.oem4f (.text:RF_ratGetChannel)
                  0000482c    00000014                                  : RFCC26X2_multiMode.oem4f (.text:RF_triggDispatcher)
                  00004840    00000014     drivers_cc13x2_v1.aem4f : PowerCC26X2.oem4f (.text:configureRFCoreClocks)
                  00004854    00000014     rom_sysbios.aem4f : rom_sysbios.obj (.text:pthread_attr_setschedparam)
                  00004868    00000014                       : rom_sysbios.obj (.text:ti_sysbios_family_arm_cc26xx_Timer_getCount64__E)
                  0000487c    00000014     release_pem4f.oem4f (.text:ti_sysbios_knl_Clock_doTick__I)
                  00004890    00000012     dpl_cc13x2_v1.aem4f : SemaphoreP_tirtos.oem4f (.text:SemaphoreP_pend)
                  000048a2    00000010                         : ClockP_tirtos.oem4f (.text:ClockP_isActive)
                  000048b2    00000010                         : HwiP_tirtos.oem4f (.text:HwiP_Params_init)
                  000048c2    00000002     rom_sysbios.aem4f : rom_sysbios.obj (.text:xdc_runtime_SysCallback_defaultAbort)
                  000048c4    00000010     driverlib.lib : rfc.obj (.text:NOROM_RFCHwIntGetAndClear)
                  000048d4    00000010     drivers_cc13x2_v1.aem4f : PINCC26XX.oem4f (.text:PINCC26XX_getPinCount)
                  000048e4    00000010     rf_multiMode_cc13x2_v1.aem4f : RFCC26X2_multiMode.oem4f (.text:RF_dbellSubmitCmdAsync)
                  000048f4    00000010                                  : RFCC26X2_multiMode.oem4f (.text:RF_isClientOwner)
                  00004904    00000010                                  : RFCC26X2_multiMode.oem4f (.text:RF_ratGetChannelValue)
                  00004914    00000010     dpl_cc13x2_v1.aem4f : SwiP_tirtos.oem4f (.text:SwiP_Params_init)
                  00004924    00000010     rom_sysbios.aem4f : rom_sysbios.obj (.text:ti_sysbios_family_arm_m3_Hwi_post__E)
                  00004934    00000010                       : rom_sysbios.obj (.text:xdc_runtime_SysCallback_flush__E)
                  00004944    00000010                       : rom_sysbios.obj (.text:xdc_runtime_SysCallback_putch__E)
                  00004954    00000010                       : rom_sysbios.obj (.text:xdc_runtime_SysCallback_ready__E)
                  00004964    0000000e     driverlib.lib : chipinfo.obj (.text:NOROM_ThisLibraryIsFor_CC13x2_CC26x2_HaltIfViolated)
                  00004972    0000000e     rtsv7M4_T_le_v4SPD16_eabi.lib : copy_decompress_none.c.obj (.text:decompress:none:__TI_decompress_none)
                  00004980    0000000e     rom_sysbios.aem4f : rom_sysbios.obj (.text:pthread_attr_setdetachstate)
                  0000498e    0000000e                       : rom_sysbios.obj (.text:ti_sysbios_family_arm_cc26xx_TimestampProvider_get32__E)
                  0000499c    0000000c     driverlib.lib : cpu.obj (.text:NOROM_CPUcpsid)
                  000049a8    0000000c                   : cpu.obj (.text:NOROM_CPUcpsie)
                  000049b4    0000000c     drivers_cc13x2_v1.aem4f : PowerCC26X2.oem4f (.text:Power_getConstraintMask)
                  000049c0    0000000c                             : PowerCC26X2.oem4f (.text:Power_getDependencyCount)
                  000049cc    0000000c     RFQueue.obj (.text:RFQueue_getDataEntry)
                  000049d8    0000000c     rf_multiMode_cc13x2_v1.aem4f : RFCC26X2_multiMode.oem4f (.text:RF_powerConstraintGet)
                  000049e4    0000000c                                  : RFCC26X2_multiMode.oem4f (.text:RF_ratGetValue)
                  000049f0    0000000c     rtsv7M4_T_le_v4SPD16_eabi.lib : _lock.c.obj (.text:_register_lock)
                  000049fc    0000000c                                   : _lock.c.obj (.text:_register_unlock)
                  00004a08    0000000c                                   : copy_zero_init.c.obj (.text:decompress:ZI:__TI_zero_init)
                  00004a14    0000000c     rom_sysbios.aem4f : rom_sysbios.obj (.text:pthread_self)
                  00004a20    0000000c                       : rom_sysbios.obj (.text:ti_sysbios_knl_Swi_getTrigger__E)
                  00004a2c    0000000c     release_pem4f.oem4f (.text:xdc_runtime_Startup_reset__I)
                  00004a38    0000000a     dpl_cc13x2_v1.aem4f : ClockP_tirtos.oem4f (.text:ClockP_Params_init)
                  00004a42    00000008     CC1352R1_LAUNCHXL_fxns.obj (.text:Board_initHook)
                  00004a4a    00000008     smartrf_settings.obj (.text:rf_patch_cpe_multi_protocol)
                  00004a52    00000006     driverlib.lib : cpu.obj (.text:NOROM_CPUdelay)
                  00004a58    00000006     rf_multiMode_cc13x2_v1.aem4f : RFCC26X2_multiMode.oem4f (.text:RF_clkReqAccess)
                  00004a5e    00000006     rom_sysbios.aem4f : rom_sysbios.obj (.text:pthread_attr_setstacksize)
                  00004a64    00000006                       : rom_sysbios.obj (.text:ti_sysbios_family_arm_m3_Hwi_setFunc__E)
                  00004a6a    00000004     dpl_cc13x2_v1.aem4f : PowerCC26X2_tirtos.oem4f (.text:CPUwfi)
                  00004a6e    00000004                         : ClockP_tirtos.oem4f (.text:ClockP_getTimeout)
                  00004a72    00000004                         : ClockP_tirtos.oem4f (.text:ClockP_setTimeout)
                  00004a76    00000004                         : ClockP_tirtos.oem4f (.text:ClockP_start)
                  00004a7a    00000004                         : ClockP_tirtos.oem4f (.text:ClockP_stop)
                  00004a7e    00000004                         : HwiP_tirtos.oem4f (.text:HwiP_disable)
                  00004a82    00000004                         : HwiP_tirtos.oem4f (.text:HwiP_enableInterrupt)
                  00004a86    00000004                         : HwiP_tirtos.oem4f (.text:HwiP_post)
                  00004a8a    00000004                         : HwiP_tirtos.oem4f (.text:HwiP_setFunc)
                  00004a8e    00000004     driverlib.lib : rfc.obj (.text:NOROM_RFCOverrideUpdate)
                  00004a92    00000004     dpl_cc13x2_v1.aem4f : SemaphoreP_tirtos.oem4f (.text:SemaphoreP_post)
                  00004a96    00000004                         : SwiP_tirtos.oem4f (.text:SwiP_disable)
                  00004a9a    00000004                         : SwiP_tirtos.oem4f (.text:SwiP_getTrigger)
                  00004a9e    00000004                         : SwiP_tirtos.oem4f (.text:SwiP_or)
                  00004aa2    00000004     drivers_cc13x2_v1.aem4f : PowerCC26X2.oem4f (.text:nopResourceHandler)
                  00004aa6    00000004     rom_sysbios.aem4f : rom_sysbios.obj (.text:ti_sysbios_knl_Clock_isActive__E)
                  00004aaa    00000004                       : rom_sysbios.obj (.text:ti_sysbios_knl_Queue_insert__E)
                  00004aae    00000004                       : rom_sysbios.obj (.text:ti_sysbios_knl_Task_getArg1__E)
                  00004ab2    00000004                       : rom_sysbios.obj (.text:ti_sysbios_knl_Task_getEnv__E)
                  00004ab6    00000004                       : rom_sysbios.obj (.text:xdc_runtime_SysCallback_defaultReady)
                  00004aba    00000002                       : rom_sysbios.obj (.text:xdc_runtime_SysCallback_defaultExit)
                  00004abc    00000002                       : rom_sysbios.obj (.text:xdc_runtime_SysCallback_defaultFlush)
                  00004abe    00000002                       : rom_sysbios.obj (.text:xdc_runtime_SysCallback_defaultPutch)
                  00004ac0    00000008     (.tramp.ti_sysbios_family_arm_m3_Hwi_enableInterrupt__E.1)
                  00004ac8    00000008     (.tramp.ti_sysbios_family_arm_m3_Hwi_disableFxn__E.1)
                  00004ad0    00000008     (.tramp.ti_sysbios_knl_Task_self__E.1)
                  00004ad8    00000008     (.tramp.ti_sysbios_knl_Clock_logTick__E.1)
                  00004ae0    00000008     (.tramp.ti_sysbios_knl_Swi_post__E.1)
                  00004ae8    00000008     (.tramp.ti_sysbios_BIOS_RtsGateProxy_leave__E.1)
                  00004af0    00000008     (.tramp.ti_sysbios_knl_Swi_construct.1)
                  00004af8    00000008     (.tramp.ti_sysbios_BIOS_RtsGateProxy_enter__E.1)
                  00004b00    00000008     (.tramp.ti_sysbios_knl_Clock_getTicks__E.1)
                  00004b08    00000008     (.tramp.ti_sysbios_knl_Task_delete.1)
                  00004b10    00000008     (.tramp.ti_sysbios_knl_Semaphore_destruct.1)
                  00004b18    00000008     (.tramp.ti_sysbios_knl_Task_startup__E.1)
                  00004b20    00000008     (.tramp.ti_sysbios_knl_Swi_startup__E.1)
                  00004b28    00000008     (.tramp.ti_sysbios_hal_Hwi_startup__E.1)
                  00004b30    00000008     (.tramp.ti_sysbios_family_arm_cc26xx_Timer_startup__E.1)
                  00004b38    00000008     (.tramp.xdc_runtime_System_atexit__E.1)
                  00004b40    00000008     (.tramp.ti_sysbios_BIOS_linkedWithIncorrectBootLibrary__E.1)
                  00004b48    00000008     (.tramp.xdc_runtime_Startup_rtsDone__E.1)
                  00004b50    00000008     (.tramp.ti_sysbios_BIOS_setThreadType__E.1)
                  00004b58    00000008     (.tramp.ti_sysbios_knl_Swi_disable__E.1)
                  00004b60    00000008     (.tramp.ti_sysbios_family_arm_m3_Hwi_construct.1)
                  00004b68    00000008     (.tramp.ti_sysbios_knl_Swi_Params__init__S.1)
                  00004b70    00000008     (.tramp.ti_sysbios_family_arm_m3_Hwi_Params__init__S.1)
                  00004b78    00000008     (.tramp.ti_sysbios_knl_Clock_construct.1)
                  00004b80    00000008     (.tramp.ti_sysbios_knl_Clock_Params__init__S.1)
                  00004b88    00000008     (.tramp.xdc_runtime_System_exit__E.1)
                  00004b90    00000008     (.tramp.ti_sysbios_heaps_HeapMem_restore__E.1)
                  00004b98    00000008     (.tramp.ti_sysbios_heaps_HeapMem_Object__get__S.1)
                  00004ba0    00000008     (.tramp.ti_sysbios_BIOS_start__E.1)
                  00004ba8    00000008     (.tramp.ti_sysbios_knl_Semaphore_post__E.1)
                  00004bb0    00000008     (.tramp.xdc_runtime_Memory_free__E.1)
                  00004bb8    00000008     (.tramp.ti_sysbios_knl_Queue_next__E.1)
                  00004bc0    00000008     (.tramp.ti_sysbios_knl_Queue_head__E.1)
                  00004bc8    00000008     (.tramp.ti_sysbios_knl_Semaphore_pend__E.1)
                  00004bd0    00000008     (.tramp.ti_sysbios_knl_Clock_scheduleNextTick__E.1)
                  00004bd8    00000008     (.tramp.ti_sysbios_knl_Clock_walkQueueDynamic__E.1)
                  00004be0    00000008     (.tramp.ti_sysbios_knl_Clock_TimerProxy_getCurrentTick__E.1)
                  00004be8    00000008     (.tramp.ti_sysbios_knl_Task_restore__E.1)
                  00004bf0    00000008     (.tramp.ti_sysbios_knl_Queue_enqueue__E.1)
                  00004bf8    00000008     (.tramp.ti_sysbios_knl_Queue_empty__E.1)
                  00004c00    00000008     (.tramp.ti_sysbios_knl_Queue_remove__E.1)
                  00004c08    00000008     (.tramp.ti_sysbios_knl_Task_disable__E.1)
                  00004c10    00000008     (.tramp.ti_sysbios_knl_Clock_stop__E.1)
                  00004c18    00000008     (.tramp.ti_sysbios_knl_Clock_start__E.1)
                  00004c20    00000008     (.tramp.ti_sysbios_knl_Clock_setTimeout__E.1)
                  00004c28    00000008     (.tramp.ti_sysbios_knl_Task_create.1)
                  00004c30    00000008     (.tramp.ti_sysbios_knl_Semaphore_construct.1)
                  00004c38    00000008     (.tramp.ti_sysbios_knl_Semaphore_Params__init__S.1)
                  00004c40    00000008     (.tramp.ti_sysbios_knl_Queue_construct.1)
                  00004c48    00000008     (.tramp.xdc_runtime_Memory_alloc__E.1)
                  00004c50    00000008     (.tramp.ti_sysbios_knl_Task_Params__init__S.1)
                  00004c58    00000008     (.tramp.ti_sysbios_knl_Swi_restore__E.1)
                  00004c60    00000008     (.tramp.ti_sysbios_family_arm_m3_Hwi_restoreFxn__E.1)

.const     0    00004c68    00001e4c     
                  00004c68    00000998     smartrf_settings.obj (.const:patchImageMultiProtocol)
                  00005600    00000800     smartrf_settings.obj (.const:patchGenfskRfe)
                  00005e00    00000790     smartrf_settings.obj (.const:patchGenfskMce)
                  00006590    00000338     release_pem4f.oem4f (.const:ROM_constStruct)
                  000068c8    00000054     drivers_cc13x2_v1.aem4f : PowerCC26X2.oem4f (.const:resourceDB)
                  0000691c    00000048     release_pem4f.oem4f (.const:.string)
                  00006964    00000044     release_pem4f.oem4f (.const:ROM_externFuncPtrs)
                  000069a8    00000030     CC1352R1_LAUNCHXL.obj (.const:BoardGpioInitTable)
                  000069d8    00000024     release_pem4f.oem4f (.const:xdc_runtime_Startup_sfxnTab__A)
                  000069fc    0000001c     rf_multiMode_cc13x2_v1.aem4f : RFCC26X2_multiMode.oem4f (.const:RF_defaultParams)
                  00006a18    00000014     CC1352R1_LAUNCHXL_fxns.obj (.const:$P$T1$2)
                  00006a2c    00000012     release_pem4f.oem4f (.const:xdc_runtime_Startup_sfxnRts__A)
                  00006a3e    00000001     release_pem4f.oem4f (.const:xdc_runtime_Text_charTab__A)
                  00006a3f    00000001     --HOLE-- [fill = 0]
                  00006a40    00000010     CC1352R1_LAUNCHXL.obj (.const:PowerCC26X2_config)
                  00006a50    0000000c     CC1352R1_LAUNCHXL.obj (.const:RFCC26XX_hwAttrs)
                  00006a5c    0000000c     release_pem4f.oem4f (.const:xdc_runtime_Startup_firstFxns__A)
                  00006a68    00000008     driverlib.lib : aux_sysif.obj (.const:$O1$$)
                  00006a70    00000008     CC1352R1_LAUNCHXL_fxns.obj (.const:$P$T0$1)
                  00006a78    00000008     CC1352R1_LAUNCHXL.obj (.const:PINCC26XX_hwAttrs)
                  00006a80    00000008     release_pem4f.oem4f (.const:ti_sysbios_knl_Idle_funcList__A)
                  00006a88    00000004     release_pem4f.oem4f (.const:ti_sysbios_family_arm_cc26xx_Timer_funcHookCH1__C)
                  00006a8c    00000004     release_pem4f.oem4f (.const:ti_sysbios_family_arm_cc26xx_Timer_funcHookCH2__C)
                  00006a90    00000004     release_pem4f.oem4f (.const:ti_sysbios_family_arm_m3_Hwi_swiDisable__C)
                  00006a94    00000004     release_pem4f.oem4f (.const:ti_sysbios_family_arm_m3_Hwi_swiRestoreHwi__C)
                  00006a98    00000004     release_pem4f.oem4f (.const:ti_sysbios_heaps_HeapMem_primaryHeapBaseAddr__C)
                  00006a9c    00000004     release_pem4f.oem4f (.const:ti_sysbios_heaps_HeapMem_primaryHeapEndAddr__C)
                  00006aa0    00000004     release_pem4f.oem4f (.const:ti_sysbios_knl_Clock_tickPeriod__C)
                  00006aa4    00000004     release_pem4f.oem4f (.const:ti_sysbios_knl_Task_Object__heap__C)
                  00006aa8    00000004     release_pem4f.oem4f (.const:xdc_runtime_SysCallback_flushFxn__C)
                  00006aac    00000004     release_pem4f.oem4f (.const:xdc_runtime_SysCallback_putchFxn__C)
                  00006ab0    00000004     release_pem4f.oem4f (.const:xdc_runtime_SysCallback_readyFxn__C)

MODULE SUMMARY

       Module                             code    ro data   rw data
       ------                             ----    -------   -------
    ./
       rfEchoTx.obj                       1048    0         423    
       CC1352R1_LAUNCHXL_fxns.obj         384     28        0      
       RFQueue.obj                        268     0         4      
       CC1352R1_LAUNCHXL.obj              28      84        0      
       main_tirtos.obj                    104     0         0      
       ccfg.obj                           0       88        0      
    +--+----------------------------------+-------+---------+---------+
       Total:                             1832    200       427    
                                                                   
    ./smartrf_settings/
       smartrf_settings.obj               770     6440      241    
    +--+----------------------------------+-------+---------+---------+
       Total:                             770     6440      241    
                                                                   
    /Users/mikael/Code/cc1352-swim-thermo/software/tirtos_builds_CC1352R1_LAUNCHXL_release_ccs/Debug/configPkg/package/cfg/
       release_pem4f.oem4f                454     1143      1826   
    +--+----------------------------------+-------+---------+---------+
       Total:                             454     1143      1826   
                                                                   
    /Applications/ti/ccsv8/tools/compiler/ti-cgt-arm_18.1.3.LTS/lib/rtsv7M4_T_le_v4SPD16_eabi.lib
       memcpy_t2.asm.obj                  156     0         0      
       ull_div_t2.asm.obj                 150     0         0      
       memset_t2.asm.obj                  122     0         0      
       copy_decompress_lzss.c.obj         104     0         0      
       cpy_tbl.c.obj                      76      0         0      
       rand.c.obj                         52      0         4      
       memcmp.c.obj                       36      0         0      
       _lock.c.obj                        26      0         8      
       args_main.c.obj                    24      0         0      
       ll_mul_t2.asm.obj                  24      0         0      
       copy_decompress_none.c.obj         14      0         0      
       copy_zero_init.c.obj               12      0         0      
       stkdepth_vars.c.obj                0       0         4      
       div0.asm.obj                       2       0         0      
    +--+----------------------------------+-------+---------+---------+
       Total:                             798     0         16     
                                                                   
    /Users/mikael/Code/cc1352-swim-thermo/software/tirtos_builds_CC1352R1_LAUNCHXL_release_ccs/src/sysbios/rom_sysbios.aem4f
       rom_sysbios.obj                    1994    0         136    
    +--+----------------------------------+-------+---------+---------+
       Total:                             1994    0         136    
                                                                   
    /Users/mikael/ti/simplelink_cc13x2_sdk_2_20_00_71/kernel/tirtos/packages/ti/dpl/lib/dpl_cc13x2_v1.aem4f
       PowerCC26X2_tirtos.oem4f           264     0         8      
       ClockP_tirtos.oem4f                122     0         4      
       HwiP_tirtos.oem4f                  94      0         0      
       SwiP_tirtos.oem4f                  88      0         0      
       SemaphoreP_tirtos.oem4f            66      0         0      
    +--+----------------------------------+-------+---------+---------+
       Total:                             634     0         12     
                                                                   
    /Users/mikael/ti/simplelink_cc13x2_sdk_2_20_00_71/kernel/tirtos/packages/ti/targets/arm/rtsarm/lib/auto_init.aem4f
       auto_init.oem4f                    160     0         0      
    +--+----------------------------------+-------+---------+---------+
       Total:                             160     0         0      
                                                                   
    /Users/mikael/ti/simplelink_cc13x2_sdk_2_20_00_71/kernel/tirtos/packages/ti/targets/arm/rtsarm/lib/boot.aem4f
       boot.oem4f                         88      0         0      
    +--+----------------------------------+-------+---------+---------+
       Total:                             88      0         0      
                                                                   
    /Users/mikael/ti/simplelink_cc13x2_sdk_2_20_00_71/source/ti/devices/cc13x2_cc26x2_v1/driverlib/bin/ccs/driverlib.lib
       setup.obj                          588     0         0      
       sys_ctrl.obj                       332     0         0      
       setup_rom.obj                      236     0         0      
       osc.obj                            208     0         20     
       rfc.obj                            150     0         0      
       chipinfo.obj                       146     0         0      
       aux_sysif.obj                      52      8         0      
       cpu.obj                            30      0         0      
       driverlib_release.obj              0       0         1      
    +--+----------------------------------+-------+---------+---------+
       Total:                             1742    8         21     
                                                                   
    /Users/mikael/ti/simplelink_cc13x2_sdk_2_20_00_71/source/ti/drivers/lib/drivers_cc13x2_v1.aem4f
       PowerCC26X2.oem4f                  1850    84        200    
       PINCC26XX.oem4f                    1214    0         276    
       PowerCC26X2_calibrateRCOSC.oem4f   1320    0         0      
       List.oem4f                         92      0         0      
    +--+----------------------------------+-------+---------+---------+
       Total:                             4476    84        476    
                                                                   
    /Users/mikael/ti/simplelink_cc13x2_sdk_2_20_00_71/source/ti/drivers/rf/lib/rf_multiMode_cc13x2_v1.aem4f
       RFCC26X2_multiMode.oem4f           6128    28        906    
    +--+----------------------------------+-------+---------+---------+
       Total:                             6128    28        906    
                                                                   
       Stack:                             0       0         1024   
       Linker Generated:                  424     663       0      
    +--+----------------------------------+-------+---------+---------+
       Grand Total:                       19500   8566      5085   


LINKER GENERATED COPY TABLES

__TI_cinit_table @ 00006d28 records: 5, size/record: 8, table size: 40
	.data: load addr=00006ab8, load size=00000243 bytes, run addr=20001a40, run size=000005d0 bytes, compression=lzss
	.bss: load addr=00006d08, load size=00000008 bytes, run addr=20001110, run size=0000092c bytes, compression=zero_init
	.data:xdcRomConstPtr: load addr=00006d10, load size=00000008 bytes, run addr=20000100, run size=00000004 bytes, compression=lzss
	.data:xdcRomExternFuncPtr: load addr=00006d18, load size=00000008 bytes, run addr=20000104, run size=00000004 bytes, compression=lzss
	.data:xdcRomStatePtr: load addr=00006d20, load size=00000008 bytes, run addr=20000108, run size=00000004 bytes, compression=lzss


LINKER GENERATED HANDLER TABLE

__TI_handler_table @ 00006cfc records: 3, size/record: 4, table size: 12
	index: 0, handler: __TI_decompress_lzss
	index: 1, handler: __TI_decompress_none
	index: 2, handler: __TI_zero_init


FAR CALL TRAMPOLINES

callee name               trampoline name
   callee addr  tramp addr   call addr  call info
--------------  -----------  ---------  ----------------
ti_sysbios_family_arm_m3_Hwi_enableInterrupt__E  $Tramp$TT$L$PI$$ti_sysbios_family_arm_m3_Hwi_enableInterrupt__E
   1003a6bd     00004ac0     00004a82   dpl_cc13x2_v1.aem4f : HwiP_tirtos.oem4f (.text:HwiP_enableInterrupt)
ti_sysbios_family_arm_m3_Hwi_disableFxn__E  $Tramp$TT$L$PI$$ti_sysbios_family_arm_m3_Hwi_disableFxn__E
   1003b6e1     00004ac8     00004a7e   dpl_cc13x2_v1.aem4f : HwiP_tirtos.oem4f (.text:HwiP_disable)
ti_sysbios_knl_Task_self__E  $Tramp$TT$L$PI$$ti_sysbios_knl_Task_self__E
   1003b681     00004ad0     00004a16   rom_sysbios.aem4f : rom_sysbios.obj (.text:pthread_self)
ti_sysbios_knl_Clock_logTick__E  $Tramp$TT$L$PI$$ti_sysbios_knl_Clock_logTick__E
   1003a463     00004ad8     0000487e   release_pem4f.oem4f (.text:ti_sysbios_knl_Clock_doTick__I)
ti_sysbios_knl_Swi_post__E  $Tramp$TT$L$PI$$ti_sysbios_knl_Swi_post__E
   1003a5e9     00004ae0     00004728   rom_sysbios.aem4f : rom_sysbios.obj (.text:ti_sysbios_knl_Swi_or__E)
                             00004886   release_pem4f.oem4f (.text:ti_sysbios_knl_Clock_doTick__I)
ti_sysbios_BIOS_RtsGateProxy_leave__E  $Tramp$TT$L$PI$$ti_sysbios_BIOS_RtsGateProxy_leave__E
   1003b7e3     00004ae8     0000470a   release_pem4f.oem4f (.text:ti_sysbios_BIOS_rtsUnlock__I)
ti_sysbios_knl_Swi_construct  $Tramp$TT$L$PI$$ti_sysbios_knl_Swi_construct
   1003a465     00004af0     0000464e   rom_sysbios.aem4f : rom_sysbios.obj (.text:ti_sysbios_knl_Swi_construct2__E)
ti_sysbios_BIOS_RtsGateProxy_enter__E  $Tramp$TT$L$PI$$ti_sysbios_BIOS_RtsGateProxy_enter__E
   1003b7df     00004af8     000044d2   release_pem4f.oem4f (.text:ti_sysbios_BIOS_rtsLock__I)
ti_sysbios_knl_Clock_getTicks__E  $Tramp$TT$L$PI$$ti_sysbios_knl_Clock_getTicks__E
   1003a925     00004b00     0000410e   rom_sysbios.aem4f : rom_sysbios.obj (.text:ti_sysbios_knl_Clock_getTimeout__E)
ti_sysbios_knl_Task_delete  $Tramp$TT$L$PI$$ti_sysbios_knl_Task_delete
   1003b86b     00004b08     00004060   rom_sysbios.aem4f : rom_sysbios.obj (.text:_pthread_delete$44)
ti_sysbios_knl_Semaphore_destruct  $Tramp$TT$L$PI$$ti_sysbios_knl_Semaphore_destruct
   1003b85b     00004b10     00004054   rom_sysbios.aem4f : rom_sysbios.obj (.text:_pthread_delete$44)
ti_sysbios_knl_Task_startup__E  $Tramp$TT$L$PI$$ti_sysbios_knl_Task_startup__E
   1003b873     00004b18     00003f5c   release_pem4f.oem4f (.text:ti_sysbios_BIOS_startFunc__I)
ti_sysbios_knl_Swi_startup__E  $Tramp$TT$L$PI$$ti_sysbios_knl_Swi_startup__E
   1003b7d3     00004b20     00003f58   release_pem4f.oem4f (.text:ti_sysbios_BIOS_startFunc__I)
ti_sysbios_hal_Hwi_startup__E  $Tramp$TT$L$PI$$ti_sysbios_hal_Hwi_startup__E
   1003b799     00004b28     00003f54   release_pem4f.oem4f (.text:ti_sysbios_BIOS_startFunc__I)
ti_sysbios_family_arm_cc26xx_Timer_startup__E  $Tramp$TT$L$PI$$ti_sysbios_family_arm_cc26xx_Timer_startup__E
   1003a9cd     00004b30     00003f50   release_pem4f.oem4f (.text:ti_sysbios_BIOS_startFunc__I)
xdc_runtime_System_atexit__E  $Tramp$TT$L$PI$$xdc_runtime_System_atexit__E
   1003bc29     00004b38     00003f48   release_pem4f.oem4f (.text:ti_sysbios_BIOS_startFunc__I)
ti_sysbios_BIOS_linkedWithIncorrectBootLibrary__E  $Tramp$TT$L$PI$$ti_sysbios_BIOS_linkedWithIncorrectBootLibrary__E
   10039bff     00004b40     00003f42   release_pem4f.oem4f (.text:ti_sysbios_BIOS_startFunc__I)
xdc_runtime_Startup_rtsDone__E  $Tramp$TT$L$PI$$xdc_runtime_Startup_rtsDone__E
   1003bf5d     00004b48     00003f3a   release_pem4f.oem4f (.text:ti_sysbios_BIOS_startFunc__I)
ti_sysbios_BIOS_setThreadType__E  $Tramp$TT$L$PI$$ti_sysbios_BIOS_setThreadType__E
   1003b5c5     00004b50     00003f14   release_pem4f.oem4f (.text:ti_sysbios_BIOS_atExitFunc__I)
                             0000463e   release_pem4f.oem4f (.text:ti_sysbios_BIOS_errorRaiseHook__I)
                             00004792   release_pem4f.oem4f (.text:ti_sysbios_BIOS_exitFunc__I)
ti_sysbios_knl_Swi_disable__E  $Tramp$TT$L$PI$$ti_sysbios_knl_Swi_disable__E
   1003b525     00004b58     00003f0a   release_pem4f.oem4f (.text:ti_sysbios_BIOS_atExitFunc__I)
                             00004a96   dpl_cc13x2_v1.aem4f : SwiP_tirtos.oem4f (.text:SwiP_disable)
ti_sysbios_family_arm_m3_Hwi_construct  $Tramp$TT$L$PI$$ti_sysbios_family_arm_m3_Hwi_construct
   10039fad     00004b60     00003c16   rom_sysbios.aem4f : rom_sysbios.obj (.text:ti_sysbios_family_arm_m3_Hwi_construct2__E)
ti_sysbios_knl_Swi_Params__init__S  $Tramp$TT$L$PI$$ti_sysbios_knl_Swi_Params__init__S
   1003b765     00004b68     00003bda   dpl_cc13x2_v1.aem4f : SwiP_tirtos.oem4f (.text:SwiP_construct)
ti_sysbios_family_arm_m3_Hwi_Params__init__S  $Tramp$TT$L$PI$$ti_sysbios_family_arm_m3_Hwi_Params__init__S
   1003b6d5     00004b70     00003ae8   dpl_cc13x2_v1.aem4f : HwiP_tirtos.oem4f (.text:HwiP_construct)
ti_sysbios_knl_Clock_construct  $Tramp$TT$L$PI$$ti_sysbios_knl_Clock_construct
   1003a8ed     00004b78     000035b6   dpl_cc13x2_v1.aem4f : ClockP_tirtos.oem4f (.text:ClockP_construct)
ti_sysbios_knl_Clock_Params__init__S  $Tramp$TT$L$PI$$ti_sysbios_knl_Clock_Params__init__S
   1003b711     00004b80     0000359c   dpl_cc13x2_v1.aem4f : ClockP_tirtos.oem4f (.text:ClockP_construct)
xdc_runtime_System_exit__E  $Tramp$TT$L$PI$$xdc_runtime_System_exit__E
   1003be69     00004b88     000034b8   boot.aem4f : boot.oem4f (.text)
                             00004798   release_pem4f.oem4f (.text:ti_sysbios_BIOS_exitFunc__I)
ti_sysbios_heaps_HeapMem_restore__E  $Tramp$TT$L$PI$$ti_sysbios_heaps_HeapMem_restore__E
   1003b69f     00004b90     00003354   rom_sysbios.aem4f : rom_sysbios.obj (.text:ti_sysbios_heaps_HeapMem_initPrimary__I)
ti_sysbios_heaps_HeapMem_Object__get__S  $Tramp$TT$L$PI$$ti_sysbios_heaps_HeapMem_Object__get__S
   1003aed9     00004b98     00003324   rom_sysbios.aem4f : rom_sysbios.obj (.text:ti_sysbios_heaps_HeapMem_initPrimary__I)
ti_sysbios_BIOS_start__E  $Tramp$TT$L$PI$$ti_sysbios_BIOS_start__E
   1003b621     00004ba0     00003066   main_tirtos.obj (.text:main)
ti_sysbios_knl_Semaphore_post__E  $Tramp$TT$L$PI$$ti_sysbios_knl_Semaphore_post__E
   100399d1     00004ba8     00002966   rom_sysbios.aem4f : rom_sysbios.obj (.text:_pthread_removeThreadKeys)
                             0000311e                     : rom_sysbios.obj (.text:_pthread_runStub)
                             00003558                     : rom_sysbios.obj (.text:pthread_exit)
                             00004a92   dpl_cc13x2_v1.aem4f : SemaphoreP_tirtos.oem4f (.text:SemaphoreP_post)
xdc_runtime_Memory_free__E  $Tramp$TT$L$PI$$xdc_runtime_Memory_free__E
   1003beb9     00004bb0     0000295c   rom_sysbios.aem4f : rom_sysbios.obj (.text:_pthread_removeThreadKeys)
                             0000406c                     : rom_sysbios.obj (.text:_pthread_delete$44)
ti_sysbios_knl_Queue_next__E  $Tramp$TT$L$PI$$ti_sysbios_knl_Queue_next__E
   1003b853     00004bb8     00002936   rom_sysbios.aem4f : rom_sysbios.obj (.text:_pthread_removeThreadKeys)
ti_sysbios_knl_Queue_head__E  $Tramp$TT$L$PI$$ti_sysbios_knl_Queue_head__E
   1003b84f     00004bc0     00002922   rom_sysbios.aem4f : rom_sysbios.obj (.text:_pthread_removeThreadKeys)
ti_sysbios_knl_Semaphore_pend__E  $Tramp$TT$L$PI$$ti_sysbios_knl_Semaphore_pend__E
   10039005     00004bc8     0000291c   rom_sysbios.aem4f : rom_sysbios.obj (.text:_pthread_removeThreadKeys)
                             00004892   dpl_cc13x2_v1.aem4f : SemaphoreP_tirtos.oem4f (.text:SemaphoreP_pend)
ti_sysbios_knl_Clock_scheduleNextTick__E  $Tramp$TT$L$PI$$ti_sysbios_knl_Clock_scheduleNextTick__E
   1003b3a1     00004bd0     00002728   rom_sysbios.aem4f : rom_sysbios.obj (.text:ti_sysbios_knl_Clock_workFuncDynamic__E)
ti_sysbios_knl_Clock_walkQueueDynamic__E  $Tramp$TT$L$PI$$ti_sysbios_knl_Clock_walkQueueDynamic__E
   10039879     00004bd8     000026f2   rom_sysbios.aem4f : rom_sysbios.obj (.text:ti_sysbios_knl_Clock_workFuncDynamic__E)
                             0000270c                     : rom_sysbios.obj (.text:ti_sysbios_knl_Clock_workFuncDynamic__E)
ti_sysbios_knl_Clock_TimerProxy_getCurrentTick__E  $Tramp$TT$L$PI$$ti_sysbios_knl_Clock_TimerProxy_getCurrentTick__E
   1003b651     00004be0     000026c2   rom_sysbios.aem4f : rom_sysbios.obj (.text:ti_sysbios_knl_Clock_workFuncDynamic__E)
                             000040b6                     : rom_sysbios.obj (.text:ti_sysbios_knl_Clock_getTicksUntilInterrupt__E)
ti_sysbios_knl_Task_restore__E  $Tramp$TT$L$PI$$ti_sysbios_knl_Task_restore__E
   1003ac5d     00004be8     00002566   rom_sysbios.aem4f : rom_sysbios.obj (.text:ti_sysbios_knl_Task_setPri__E)
                             00002910                     : rom_sysbios.obj (.text:_pthread_removeThreadKeys)
                             00002970                     : rom_sysbios.obj (.text:_pthread_removeThreadKeys)
                             0000312a                     : rom_sysbios.obj (.text:_pthread_runStub)
                             0000356a                     : rom_sysbios.obj (.text:pthread_exit)
                             00004160   dpl_cc13x2_v1.aem4f : PowerCC26X2_tirtos.oem4f (.text:PowerCC26XX_schedulerRestore)
                             000042fc   rom_sysbios.aem4f : rom_sysbios.obj (.text:_pthread_cleanupFxn)
ti_sysbios_knl_Queue_enqueue__E  $Tramp$TT$L$PI$$ti_sysbios_knl_Queue_enqueue__E
   1003b74d     00004bf0     00002538   rom_sysbios.aem4f : rom_sysbios.obj (.text:ti_sysbios_knl_Task_setPri__E)
                             00004aaa                     : rom_sysbios.obj (.text:ti_sysbios_knl_Queue_insert__E)
ti_sysbios_knl_Queue_empty__E  $Tramp$TT$L$PI$$ti_sysbios_knl_Queue_empty__E
   1003b6ad     00004bf8     00002520   rom_sysbios.aem4f : rom_sysbios.obj (.text:ti_sysbios_knl_Task_setPri__E)
                             00002908                     : rom_sysbios.obj (.text:_pthread_removeThreadKeys)
ti_sysbios_knl_Queue_remove__E  $Tramp$TT$L$PI$$ti_sysbios_knl_Queue_remove__E
   1003b6bb     00004c00     0000251a   rom_sysbios.aem4f : rom_sysbios.obj (.text:ti_sysbios_knl_Task_setPri__E)
                             0000293e                     : rom_sysbios.obj (.text:_pthread_removeThreadKeys)
                             00002944                     : rom_sysbios.obj (.text:_pthread_removeThreadKeys)
ti_sysbios_knl_Task_disable__E  $Tramp$TT$L$PI$$ti_sysbios_knl_Task_disable__E
   1003b53d     00004c08     000024e0   rom_sysbios.aem4f : rom_sysbios.obj (.text:ti_sysbios_knl_Task_setPri__E)
                             000028fe                     : rom_sysbios.obj (.text:_pthread_removeThreadKeys)
                             00003108                     : rom_sysbios.obj (.text:_pthread_runStub)
                             0000355e                     : rom_sysbios.obj (.text:pthread_exit)
                             00003f0e   release_pem4f.oem4f (.text:ti_sysbios_BIOS_atExitFunc__I)
                             00004126   dpl_cc13x2_v1.aem4f : PowerCC26X2_tirtos.oem4f (.text:PowerCC26XX_schedulerDisable)
                             000042ee   rom_sysbios.aem4f : rom_sysbios.obj (.text:_pthread_cleanupFxn)
ti_sysbios_knl_Clock_stop__E  $Tramp$TT$L$PI$$ti_sysbios_knl_Clock_stop__E
   1003af29     00004c10     00002292   dpl_cc13x2_v1.aem4f : PowerCC26X2_tirtos.oem4f (.text:PowerCC26XX_standbyPolicy)
                             00004a7a                       : ClockP_tirtos.oem4f (.text:ClockP_stop)
ti_sysbios_knl_Clock_start__E  $Tramp$TT$L$PI$$ti_sysbios_knl_Clock_start__E
   1003b599     00004c18     00002286   dpl_cc13x2_v1.aem4f : PowerCC26X2_tirtos.oem4f (.text:PowerCC26XX_standbyPolicy)
                             00004a76                       : ClockP_tirtos.oem4f (.text:ClockP_start)
ti_sysbios_knl_Clock_setTimeout__E  $Tramp$TT$L$PI$$ti_sysbios_knl_Clock_setTimeout__E
   1003b833     00004c20     00002280   dpl_cc13x2_v1.aem4f : PowerCC26X2_tirtos.oem4f (.text:PowerCC26XX_standbyPolicy)
                             00004a72                       : ClockP_tirtos.oem4f (.text:ClockP_setTimeout)
ti_sysbios_knl_Task_create  $Tramp$TT$L$PI$$ti_sysbios_knl_Task_create
   1003a1ed     00004c28     00001b82   rom_sysbios.aem4f : rom_sysbios.obj (.text:pthread_create)
ti_sysbios_knl_Semaphore_construct  $Tramp$TT$L$PI$$ti_sysbios_knl_Semaphore_construct
   1003a95d     00004c30     00001b78   rom_sysbios.aem4f : rom_sysbios.obj (.text:pthread_create)
                             00004042   dpl_cc13x2_v1.aem4f : SemaphoreP_tirtos.oem4f (.text:SemaphoreP_constructBinary)
ti_sysbios_knl_Semaphore_Params__init__S  $Tramp$TT$L$PI$$ti_sysbios_knl_Semaphore_Params__init__S
   1003b759     00004c38     00001b66   rom_sysbios.aem4f : rom_sysbios.obj (.text:pthread_create)
                             00004032   dpl_cc13x2_v1.aem4f : SemaphoreP_tirtos.oem4f (.text:SemaphoreP_constructBinary)
ti_sysbios_knl_Queue_construct  $Tramp$TT$L$PI$$ti_sysbios_knl_Queue_construct
   1003abfd     00004c40     00001b5a   rom_sysbios.aem4f : rom_sysbios.obj (.text:pthread_create)
xdc_runtime_Memory_alloc__E  $Tramp$TT$L$PI$$xdc_runtime_Memory_alloc__E
   1003bab1     00004c48     00001b0a   rom_sysbios.aem4f : rom_sysbios.obj (.text:pthread_create)
ti_sysbios_knl_Task_Params__init__S  $Tramp$TT$L$PI$$ti_sysbios_knl_Task_Params__init__S
   1003b771     00004c50     00001af6   rom_sysbios.aem4f : rom_sysbios.obj (.text:pthread_create)
ti_sysbios_knl_Swi_restore__E  $Tramp$TT$L$PI$$ti_sysbios_knl_Swi_restore__E
   1003a83d     00004c58     000008d2   drivers_cc13x2_v1.aem4f : PowerCC26X2.oem4f (.text:Power_sleep)
                             00001938   rf_multiMode_cc13x2_v1.aem4f : RFCC26X2_multiMode.oem4f (.text:RF_pendCmd)
                             0000196c                                : RFCC26X2_multiMode.oem4f (.text:RF_pendCmd)
                             000019c4                                : RFCC26X2_multiMode.oem4f (.text:RF_pendCmd)
                             000019d8                                : RFCC26X2_multiMode.oem4f (.text:RF_pendCmd)
ti_sysbios_family_arm_m3_Hwi_restoreFxn__E  $Tramp$TT$L$PI$$ti_sysbios_family_arm_m3_Hwi_restoreFxn__E
   1003b7af     00004c60     000001e6   rf_multiMode_cc13x2_v1.aem4f : RFCC26X2_multiMode.oem4f (.text:RF_fsmActiveState)
                             00000266                                : RFCC26X2_multiMode.oem4f (.text:RF_fsmActiveState)
                             000002c0                                : RFCC26X2_multiMode.oem4f (.text:RF_fsmActiveState)
                             000002da                                : RFCC26X2_multiMode.oem4f (.text:RF_fsmActiveState)
                             00001566                                : RFCC26X2_multiMode.oem4f (.text:RF_radioOpDoneCb)
                             00001742                                : RFCC26X2_multiMode.oem4f (.text:RF_open)
                             00001760                                : RFCC26X2_multiMode.oem4f (.text:RF_open)
                             00001c70   drivers_cc13x2_v1.aem4f : PINCC26XX.oem4f (.text:PINCC26XX_setIoCfg)
                             00001ea2   rf_multiMode_cc13x2_v1.aem4f : RFCC26X2_multiMode.oem4f (.text:RF_swiHw)
                             00001fd4   drivers_cc13x2_v1.aem4f : PowerCC26X2.oem4f (.text:Power_releaseDependency)
                             00002098                           : PowerCC26X2.oem4f (.text:Power_setDependency)
                             00002424   rf_multiMode_cc13x2_v1.aem4f : RFCC26X2_multiMode.oem4f (.text:RF_postCmd)
                             000028e8                                : RFCC26X2_multiMode.oem4f (.text:RF_ratFreeChannel)
                             00002e4a                                : RFCC26X2_multiMode.oem4f (.text:RF_issueRadioFreeCb)
                             00002e5e                                : RFCC26X2_multiMode.oem4f (.text:RF_issueRadioFreeCb)
                             00002f4e                                : RFCC26X2_multiMode.oem4f (.text:RF_getCurrentTime)
                             00002f8a                                : RFCC26X2_multiMode.oem4f (.text:RF_getCurrentTime)
                             0000323e                                : RFCC26X2_multiMode.oem4f (.text:RF_dispatchNextEvent)
                             000033ee   drivers_cc13x2_v1.aem4f : PowerCC26X2_calibrateRCOSC.oem4f (.text:PowerCC26X2_initiateCalibration)
                             0000393c                           : PowerCC26X2.oem4f (.text:switchXOSCHF)
                             000039b6                           : PowerCC26X2.oem4f (.text:PowerCC26XX_isStableXOSC_HF)
                             000039fe                           : PowerCC26X2.oem4f (.text:PowerCC26XX_switchXOSC_HF)
                             00003d32                           : PowerCC26X2.oem4f (.text:Power_releaseConstraint)
                             00003e02   rf_multiMode_cc13x2_v1.aem4f : RFCC26X2_multiMode.oem4f (.text:RF_powerConstraintRelease)
                             00003e9c   drivers_cc13x2_v1.aem4f : PowerCC26X2.oem4f (.text:Power_setConstraint)
                             0000420c                           : List.oem4f (.text:List_put)
                             00004402                           : List.oem4f (.text:List_get)
                             00004604   rf_multiMode_cc13x2_v1.aem4f : RFCC26X2_multiMode.oem4f (.text:RF_powerConstraintSet)
                             000047ac   drivers_cc13x2_v1.aem4f : List.oem4f (.text:List_clearList)

[53 trampolines]
[118 trampoline calls]


GLOBAL SYMBOLS: SORTED ALPHABETICALLY BY Name 

address   name                                                                 
-------   ----                                                                 
000069a8  BoardGpioInitTable                                                   
00004a43  Board_initHook                                                       
00004569  CC1352R1_LAUNCHXL_initGeneral                                        
00002a09  CC1352R1_LAUNCHXL_sendExtFlashByte                                   
0000394d  CC1352R1_LAUNCHXL_shutDownExtFlash                                   
00003711  CC1352R1_LAUNCHXL_wakeUpExtFlash                                     
00004a39  ClockP_Params_init                                                   
00003581  ClockP_construct                                                     
1003a925  ClockP_getSystemTicks                                                
00004a6f  ClockP_getTimeout                                                    
000048a3  ClockP_isActive                                                      
00004a73  ClockP_setTimeout                                                    
00004a77  ClockP_start                                                         
00004a7b  ClockP_stop                                                          
20001a2c  ClockP_tickPeriod                                                    
00001000  HEAPSIZE                                                             
000048b3  HwiP_Params_init                                                     
00003acd  HwiP_construct                                                       
00004a7f  HwiP_disable                                                         
00004a83  HwiP_enableInterrupt                                                 
00004a87  HwiP_post                                                            
1003b7af  HwiP_restore                                                         
00004a8b  HwiP_setFunc                                                         
0000479f  List_clearList                                                       
000043e9  List_get                                                             
000041ed  List_put                                                             
00003c71  NOROM_AUXSYSIFOpModeChange                                           
0000499d  NOROM_CPUcpsid                                                       
000049a9  NOROM_CPUcpsie                                                       
00004a53  NOROM_CPUdelay                                                       
00004585  NOROM_ChipInfo_GetChipFamily                                         
000035d1  NOROM_ChipInfo_GetChipType                                           
0000469d  NOROM_ChipInfo_GetPackageType                                        
00002ed5  NOROM_OSCHF_AttemptToSwitchToXosc                                    
0000383d  NOROM_OSCHF_SwitchToRcOscTurnOffXosc                                 
00004215  NOROM_OSCHF_TurnOnXosc                                               
000047b5  NOROM_RFCCpeIntGetAndClear                                           
000027db  NOROM_RFCCpePatchReset                                               
00004239  NOROM_RFCDoorbellSendTo                                              
000048c5  NOROM_RFCHwIntGetAndClear                                            
00004a8f  NOROM_RFCOverrideUpdate                                              
000037f5  NOROM_RFCSynthPowerDown                                              
00002e69  NOROM_SetupAfterColdResetWakeupFromShutDownCfg1                      
00002b11  NOROM_SetupStepVddrTrimTo                                            
00002615  NOROM_SetupTrimDevice                                                
00003ca5  NOROM_SysCtrlIdle                                                    
000013c1  NOROM_SysCtrlStandby                                                 
00004965  NOROM_ThisLibraryIsFor_CC13x2_CC26x2_HaltIfViolated                  
000048d5  PINCC26XX_getPinCount                                                
00006a78  PINCC26XX_hwAttrs                                                    
0000452d  PIN_close                                                            
000047c9  PIN_getOutputValue                                                   
000005b9  PIN_init                                                             
000027dd  PIN_open                                                             
000031a1  PIN_remove                                                           
00003cd9  PIN_setConfig                                                        
00003b0d  PIN_setOutputValue                                                   
00002d81  PowerCC26X2_auxISR                                                   
000047dd  PowerCC26X2_calibrate                                                
00006a40  PowerCC26X2_config                                                   
000033c9  PowerCC26X2_initiateCalibration                                      
20001b48  PowerCC26X2_module                                                   
00004681  PowerCC26XX_calibrate                                                
[...]
1003b5ff  ti_sysbios_knl_Event_sync__E                                         
1003b611  ti_sysbios_BIOS_exit__E                                              
1003b621  ti_sysbios_BIOS_start__E                                             
1003b631  ti_sysbios_family_arm_m3_TaskSupport_getStackAlignment__E            
1003b631  ti_sysbios_knl_Task_SupportProxy_getStackAlignment__E                
1003b631  ti_sysbios_knl_Task_SupportProxy_getStackAlignment__E__mangled__     
1003b641  ti_sysbios_hal_Hwi_HwiProxy_Object__create__S                        
1003b651  ti_sysbios_knl_Clock_TimerProxy_getCurrentTick__E                    
1003b661  ti_sysbios_knl_Clock_TimerProxy_getMaxTicks__E                       
1003b671  ti_sysbios_knl_Clock_TimerProxy_setNextTick__E                       
1003b681  ti_sysbios_knl_Task_self__E                                          
1003b691  ti_sysbios_gates_GateMutex_leave__E                                  
1003b69f  ti_sysbios_heaps_HeapMem_restore__E                                  
1003b6ad  ti_sysbios_knl_Queue_empty__E                                        
1003b6bb  ti_sysbios_knl_Queue_remove__E                                       
1003b6c9  ti_sysbios_family_arm_cc26xx_TimestampProvider_getFreq__E            
1003b6c9  xdc_runtime_Timestamp_SupportProxy_getFreq__E                        
1003b6c9  xdc_runtime_Timestamp_SupportProxy_getFreq__E__mangled__             
1003b6c9  xdc_runtime_Timestamp_getFreq__E                                     
1003b6c9  xdc_runtime_Timestamp_getFreq__E                                     
1003b6d5  ti_sysbios_family_arm_m3_Hwi_Params__init__S                         
1003b6d5  ti_sysbios_hal_Hwi_HwiProxy_Params__init__S                          
1003b6d5  ti_sysbios_hal_Hwi_HwiProxy_Params__init__S__mangled__               
1003b6e1  ti_sysbios_family_arm_m3_Hwi_disableFxn__E                           
1003b6ed  ti_sysbios_family_arm_m3_Hwi_enableFxn__E                            
1003b6f9  ti_sysbios_gates_GateHwi_enter__E                                    
1003b705  ti_sysbios_BIOS_RtsGateProxy_Params__init__S                         
1003b705  ti_sysbios_BIOS_RtsGateProxy_Params__init__S__mangled__              
1003b705  ti_sysbios_gates_GateMutex_Params__init__S                           
1003b705  ti_sysbios_heaps_HeapMem_Module_GateProxy_Params__init__S            
1003b705  ti_sysbios_heaps_HeapMem_Module_GateProxy_Params__init__S__mangled__ 
1003b711  ti_sysbios_knl_Clock_Params__init__S                                 
1003b71d  ti_sysbios_knl_Clock_getTimerHandle__E                               
1003b729  ti_sysbios_knl_Event_Params__init__S                                 
1003b735  ti_sysbios_knl_Mailbox_Params__init__S                               
1003b741  ti_sysbios_knl_Queue_dequeue__E                                      
1003b74d  ti_sysbios_knl_Queue_enqueue__E                                      
1003b759  ti_sysbios_knl_Semaphore_Params__init__S                             
1003b765  ti_sysbios_knl_Swi_Params__init__S                                   
1003b771  ti_sysbios_knl_Task_Params__init__S                                  
1003b77d  ti_sysbios_hal_Hwi_Instance_finalize__E                              
1003b787  ti_sysbios_knl_Event_Instance_init__E                                
1003b791  ti_sysbios_family_arm_m3_Hwi_doSwiRestore__I                         
1003b799  ti_sysbios_family_arm_m3_Hwi_startup__E                              
1003b799  ti_sysbios_hal_Hwi_HwiProxy_startup__E                               
1003b799  ti_sysbios_hal_Hwi_HwiProxy_startup__E__mangled__                    
1003b799  ti_sysbios_hal_Hwi_startup__E                                        
1003b799  ti_sysbios_hal_Hwi_startup__E                                        
1003b7a1  ti_sysbios_knl_Idle_loop__E                                          
1003b7a9  ti_sysbios_family_arm_m3_Hwi_doTaskRestore__I                        
1003b7af  HwiP_restore                                                         
1003b7af  ti_sysbios_family_arm_m3_Hwi_restoreFxn__E                           
1003b7b5  ti_sysbios_gates_GateHwi_leave__E                                    
1003b7bb  ti_sysbios_gates_GateMutex_Instance_finalize__E                      
1003b7c1  ti_sysbios_heaps_HeapMem_isBlocking__E                               
1003b7c7  ti_sysbios_knl_Queue_Instance_init__E                                
1003b7cd  ti_sysbios_knl_Queue_elemClear__E                                    
1003b7d3  ti_sysbios_knl_Swi_startup__E                                        
1003b7d9  ti_sysbios_knl_Task_enable__E                                        
1003b7df  ti_sysbios_BIOS_RtsGateProxy_enter__E                                
1003b7e3  ti_sysbios_BIOS_RtsGateProxy_leave__E                                
1003b7e7  ti_sysbios_family_arm_cc26xx_Timer_getExpiredTicks__E                
1003b7eb  ti_sysbios_family_arm_cc26xx_Timer_getPeriod__E                      
1003b7ef  ti_sysbios_family_arm_cc26xx_Timer_setPeriod__E                      
1003b7f3  ti_sysbios_family_arm_m3_Hwi_delete                                  
1003b7f7  ti_sysbios_family_arm_m3_Hwi_destruct                                
1003b7fb  ti_sysbios_family_arm_m3_TaskSupport_Module__startupDone__S          
1003b7fb  ti_sysbios_knl_Task_SupportProxy_Module__startupDone__S              
1003b7fb  ti_sysbios_knl_Task_SupportProxy_Module__startupDone__S__mangled__   
1003b7ff  ti_sysbios_gates_GateHwi_query__E                                    
1003b7ff  xdc_runtime_Main_Module_GateProxy_query__E                           
1003b7ff  xdc_runtime_System_Module_GateProxy_query__E                         
1003b7ff  xdc_runtime_System_Module_GateProxy_query__E__mangled__              
1003b803  ti_sysbios_gates_GateMutex_delete                                    
1003b807  ti_sysbios_gates_GateMutex_destruct                                  
1003b80b  ti_sysbios_BIOS_RtsGateProxy_query__E                                
1003b80b  ti_sysbios_BIOS_RtsGateProxy_query__E__mangled__                     
1003b80b  ti_sysbios_gates_GateMutex_query__E                                  
1003b80b  ti_sysbios_heaps_HeapMem_Module_GateProxy_query__E                   
1003b80b  ti_sysbios_heaps_HeapMem_Module_GateProxy_query__E__mangled__        
1003b80f  ti_sysbios_hal_Hwi_HwiProxy_delete                                   
1003b813  ti_sysbios_hal_Hwi_delete                                            
1003b817  ti_sysbios_heaps_HeapMem_Module_GateProxy_enter__E                   
1003b81b  ti_sysbios_heaps_HeapMem_Module_GateProxy_leave__E                   
1003b81f  ti_sysbios_knl_Clock_TimerProxy_getExpiredTicks__E                   
1003b823  ti_sysbios_knl_Clock_TimerProxy_getPeriod__E                         
1003b827  ti_sysbios_knl_Clock_delete                                          
1003b82b  ti_sysbios_knl_Clock_destruct                                        
1003b82f  ti_sysbios_knl_Clock_removeI__E                                      
1003b833  ti_sysbios_knl_Clock_setTimeout__E                                   
1003b837  ti_sysbios_knl_Event_delete                                          
1003b83b  ti_sysbios_knl_Event_destruct                                        
1003b83f  ti_sysbios_knl_Mailbox_delete                                        
1003b843  ti_sysbios_knl_Mailbox_destruct                                      
1003b847  ti_sysbios_knl_Queue_delete                                          
1003b84b  ti_sysbios_knl_Queue_destruct                                        
1003b84f  ti_sysbios_knl_Queue_head__E                                         
1003b853  ti_sysbios_knl_Queue_next__E                                         
1003b857  ti_sysbios_knl_Semaphore_delete                                      
1003b85b  ti_sysbios_knl_Semaphore_destruct                                    
1003b85f  ti_sysbios_knl_Swi_delete                                            
1003b863  ti_sysbios_knl_Swi_destruct                                          
1003b867  ti_sysbios_knl_Swi_postInit__I                                       
1003b86b  ti_sysbios_knl_Task_delete                                           
1003b86f  ti_sysbios_knl_Task_destruct                                         
1003b873  ti_sysbios_knl_Task_startup__E                                       
1003b879  xdc_runtime_Startup_startMods__I                                     
1003ba31  xdc_runtime_Core_createObject__I                                     
1003bab1  xdc_runtime_Memory_alloc__E                                          
1003bb21  xdc_runtime_Core_deleteObject__I                                     
1003bb7f  xdc_runtime_Error_policySpin__E                                      
1003bb81  xdc_runtime_Assert_raise__I                                          
1003bbd5  xdc_runtime_Startup_exec__E                                          
1003bc29  xdc_runtime_System_atexit__E                                         
1003bc75  xdc_runtime_Core_assignParams__I                                     
1003bcbd  xdc_runtime_Core_constructObject__I                                  
1003bd4d  xdc_runtime_System_processAtExit__E                                  
1003bd8d  xdc_runtime_Core_assignLabel__I                                      
1003bdbd  xdc_runtime_Text_cordText__E                                         
1003bde9  xdc_runtime_System_abort__E                                          
1003be11  xdc_runtime_Error_raiseX__E                                          
1003be31  xdc_runtime_Error_check__E                                           
1003be4d  xdc_runtime_Memory_valloc__E                                         
1003be69  xdc_runtime_System_exit__E                                           
1003be85  xdc_runtime_Text_ropeText__E                                         
1003bea1  xdc_runtime_Core_destructObject__I                                   
1003beb9  xdc_runtime_Memory_free__E                                           
1003becd  xdc_runtime_SysCallback_abort__E                                     
1003becd  xdc_runtime_System_SupportProxy_abort__E                             
1003bee1  xdc_runtime_SysCallback_exit__E                                      
1003bee1  xdc_runtime_System_SupportProxy_exit__E                              
1003bef5  xdc_runtime_Memory_getMaxDefaultTypeAlign__E                         
1003bf35  xdc_runtime_Timestamp_SupportProxy_get32__E                          
1003bf35  xdc_runtime_Timestamp_get32__E                                       
1003bf35  xdc_runtime_Timestamp_get32__E                                       
1003bf51  xdc_runtime_Memory_calloc__E                                         
1003bf5d  xdc_runtime_Startup_rtsDone__E                                       
1003bf69  xdc_runtime_Memory_HeapProxy_alloc__E                                
1003bf73  xdc_runtime_Memory_HeapProxy_free__E                                 
1003bf7d  xdc_runtime_Gate_leaveSystem__E                                      
1003bf83  xdc_runtime_System_Module_startup__E                                 
1003bf89  xdc_runtime_Gate_enterSystem__E                                      
1003bf8d  xdc_runtime_SysCallback_Module__startupDone__S                       
1003bf8d  xdc_runtime_System_SupportProxy_Module__startupDone__S               
1003bf91  xdc_runtime_System_Module_GateProxy_enter__E                         
1003bf95  xdc_runtime_System_Module_GateProxy_leave__E                         
1003bf99  xdc_runtime_System_abortSpin__E                                      
1003bf9b  xdc_runtime_System_exitSpin__E                                       
1003bf9d  ti_sysbios_family_arm_m3_Hwi_dispatch__I                             
1003c095  ti_sysbios_family_arm_m3_TaskSupport_buildTaskStack                  
1003c121  ti_sysbios_family_arm_m3_Hwi_initStacks__E                           
1003c179  ti_sysbios_family_arm_m3_Hwi_pendSV__I                               
1003c19d  ti_sysbios_family_arm_m3_Hwi_return                                  
1003c1a1  ti_sysbios_family_arm_m3_Hwi_excHandlerAsm__I                        
1003c1c1  ti_sysbios_family_xxx_Hwi_switchAndRunFunc                           
1003c1df  ti_sysbios_family_arm_m3_TaskSupport_swap__E                         
1003c1df  ti_sysbios_knl_Task_SupportProxy_swap__E                             
1003c1df  ti_sysbios_knl_Task_SupportProxy_swap__E__mangled__                  
1003c1eb  ti_sysbios_knl_Task_swapReturn                                       
1003c1f7  ti_sysbios_family_arm_m3_TaskSupport_glue                            
1003c208  ti_sysbios_knl_Task_Object__PARAMS__C                                
1003c244  ti_sysbios_knl_Mailbox_Object__PARAMS__C                             
1003c278  ti_sysbios_family_arm_m3_Hwi_Object__PARAMS__C                       
1003c2a8  ti_sysbios_hal_Hwi_Object__PARAMS__C                                 
1003c2d4  ti_sysbios_knl_Swi_Object__PARAMS__C                                 
1003c2fc  ti_sysbios_heaps_HeapMem_Object__PARAMS__C                           
1003c320  ti_sysbios_knl_Clock_Object__PARAMS__C                               
1003c344  ti_sysbios_knl_Semaphore_Object__PARAMS__C                           
1003c368  ti_sysbios_gates_GateHwi_Object__PARAMS__C                           
1003c380  ti_sysbios_gates_GateMutex_Object__PARAMS__C                         
1003c398  ti_sysbios_knl_Event_Object__PARAMS__C                               
1003c3b0  ti_sysbios_knl_Queue_Object__PARAMS__C                               
20000000  ti_sysbios_family_arm_m3_Hwi_ramVectors                              
20000100  xdcRomConstPtr                                                       
20000104  xdcRomExternFuncPtr                                                  
20000108  xdcRomStatePtr                                                       
20000110  __primary_heap_start__                                               
20001110  __primary_heap_end__                                                 
20001110  ti_sysbios_knl_Task_Instance_State_0_stack__A                        
200014d0  ti_sysbios_family_arm_m3_Hwi_dispatchTable                           
20001670  pinHandleTable                                                       
200019a6  driverlib_release_0_51995                                            
20001a2c  ClockP_tickPeriod                                                    
20001a30  PowerCC26XX_swiKey                                                   
20001a34  PowerCC26XX_taskKey                                                  
20001a38  readEntry                                                            
20001a40  ROM_stateStruct                                                      
20001a40  ti_sysbios_knl_Clock_Module__state__V                                
20001a6c  ti_sysbios_family_arm_cc26xx_TimestampProvider_Module__state__V      
20001a70  xdc_runtime_Startup_Module__state__V                                 
20001a78  ti_sysbios_BIOS_Module__state__V                                     
20001a9c  ti_sysbios_knl_Swi_Module__state__V                                  
20001ab8  ti_sysbios_knl_Task_Module__state__V                                 
20001afc  xdc_runtime_Memory_Module__state__V                                  
20001b00  xdc_runtime_System_Module__state__V                                  
20001b08  ti_sysbios_family_arm_m3_Hwi_Module__state__V                        
20001b3c  xdc_runtime_Error_Module__state__V                                   
20001b40  ti_sysbios_family_arm_cc26xx_Timer_Module__state__V                  
20001b48  PowerCC26X2_module                                                   
20001c98  pOverrides                                                           
20001cfc  ti_sysbios_gates_GateMutex_Object__table__V                          
20001d50  ti_sysbios_knl_Task_Object__table__V                                 
20001da0  ti_sysbios_family_arm_cc26xx_Timer_Object__table__V                  
20001de8  ti_sysbios_knl_Swi_Module_State_0_readyQ__A                          
20001e18  ti_sysbios_knl_Swi_Object__table__V                                  
20001e48  ti_sysbios_knl_Task_Module_State_0_readyQ__A                         
20001e78  RF_cmdPropRadioDivSetup                                              
20001ea0  RF_cmdPropRx                                                         
20001ec4  ti_sysbios_knl_Clock_Object__table__V                                
20001ee4  xdc_runtime_Error_IgnoreBlock                                        
20001f04  RF_cmdFs                                                             
20001f1c  RF_cmdPropTx                                                         
20001f34  ti_sysbios_family_arm_m3_Hwi_Object__table__V                        
20001f4c  ti_sysbios_heaps_HeapMem_Object__table__V                            
20001f64  RF_prop                                                              
20001f74  pinTable                                                             
20001f84  _lock                                                                
20001f88  _unlock                                                              
20001f8c  pinUpperBound                                                        
20001f90  pinLowerBound                                                        
20001f94  ti_sysbios_family_arm_m3_Hwi_Module__root__V                         
20001f9c  ti_sysbios_gates_GateHwi_Module__root__V                             
20001fa4  ti_sysbios_gates_GateMutex_Module__root__V                           
20001fac  ti_sysbios_hal_Hwi_Module__root__V                                   
20001fb4  ti_sysbios_heaps_HeapMem_Module__root__V                             
20001fbc  ti_sysbios_knl_Clock_Module__root__V                                 
20001fc4  ti_sysbios_knl_Event_Module__root__V                                 
20001fcc  ti_sysbios_knl_Mailbox_Module__root__V                               
20001fd4  ti_sysbios_knl_Queue_Module__root__V                                 
20001fdc  ti_sysbios_knl_Semaphore_Module__root__V                             
20001fe4  ti_sysbios_knl_Swi_Module__root__V                                   
20001fec  ti_sysbios_knl_Task_Module__root__V                                  
20001ff4  xdc_runtime_System_Module_State_0_atexitHandlers__A                  
20001ffc  main_func_sp                                                         
20002000  ti_sysbios_family_arm_m3_Hwi_Module_State_0_excContext__A            
20002004  ti_sysbios_family_arm_m3_Hwi_Module_State_0_excStack__A              
20002008  ti_sysbios_knl_Task_Module_State_0_idleTask__A                       
2000200c  ti_sysbios_family_arm_m3_Hwi_Module_State_0_excActive__A             
20013c00  __stack                                                              
20014000  __STACK_END                                                          
e000e000  ti_sysbios_family_arm_m3_Hwi_nvic                                    
ffffffff  __TI_pprof_out_hndl                                                  
ffffffff  __TI_prof_data_size                                                  
ffffffff  __TI_prof_data_start                                                 
ffffffff  __binit__                                                            
ffffffff  __c_args__                                                           
ffffffff  binit                                                                
UNDEFED   SHT$$INIT_ARRAY$$Base                                                
UNDEFED   SHT$$INIT_ARRAY$$Limit                                               

[773 symbols]
